01-15 00:20:07.211 D/BitmapVideoOutput( 3113): [ Thread-10: AndroidVideoWindowImpl.java: 81 ] - update - update enter...
01-15 00:20:07.225 D/        ( 3113): av_read_frame
01-15 00:20:07.229 D/        ( 3113): avcodec_decode_video2
01-15 00:20:07.229 I/        ( 3113): ms_get_jni_env
01-15 00:20:07.305 D/dalvikvm( 1427): GC_EXPLICIT freed 1164 objects / 59664 bytes in 164ms
01-15 00:20:07.335 D/BitmapVideoOutput( 3113): [ Thread-10: AndroidVideoWindowImpl.java: 81 ] - update - update enter...
01-15 00:20:07.343 D/        ( 3113): av_read_frame
01-15 00:20:07.347 D/        ( 3113): avcodec_decode_video2
01-15 00:20:07.347 I/        ( 3113): ms_get_jni_env
01-15 00:20:07.409 D/BitmapVideoOutput( 3113): [ Thread-10: AndroidVideoWindowImpl.java: 81 ] - update - update enter...
01-15 00:20:07.417 D/        ( 3113): av_read_frame
01-15 00:20:07.421 D/        ( 3113): avcodec_decode_video2
01-15 00:20:07.421 I/        ( 3113): ms_get_jni_env
01-15 00:20:07.483 D/BitmapVideoOutput( 3113): [ Thread-10: AndroidVideoWindowImpl.java: 81 ] - update - update enter...
01-15 00:20:07.491 D/        ( 3113): av_read_frame
01-15 00:20:07.495 D/        ( 3113): avcodec_decode_video2
01-15 00:20:07.495 I/        ( 3113): ms_get_jni_env
01-15 00:20:07.557 D/BitmapVideoOutput( 3113): [ Thread-10: AndroidVideoWindowImpl.java: 81 ] - update - update enter...
01-15 00:20:07.565 D/        ( 3113): av_read_frame
01-15 00:20:07.565 D/        ( 3113): av_read_frame
01-15 00:20:07.565 D/        ( 3113): av_read_frame
01-15 00:20:07.565 D/        ( 3113): av_read_frame
01-15 00:20:07.565 D/        ( 3113): av_read_frame
01-15 00:20:07.565 D/        ( 3113): av_read_frame
01-15 00:20:07.565 D/        ( 3113): av_read_frame
01-15 00:20:07.565 D/        ( 3113): av_read_frame
01-15 00:20:07.565 D/        ( 3113): av_read_frame
01-15 00:20:07.565 D/        ( 3113): av_read_frame
01-15 00:20:07.565 D/        ( 3113): av_read_frame
01-15 00:20:07.565 D/        ( 3113): av_read_frame
01-15 00:20:07.565 D/        ( 3113): av_read_frame
01-15 00:20:07.565 D/        ( 3113): av_read_frame
01-15 00:20:07.565 D/        ( 3113): av_read_frame
01-15 00:20:07.567 D/        ( 3113): av_read_frame
01-15 00:20:07.567 D/        ( 3113): av_read_frame
01-15 00:20:07.569 D/        ( 3113): avcodec_decode_video2
01-15 00:20:07.569 I/        ( 3113): ms_get_jni_env
01-15 00:20:07.631 D/BitmapVideoOutput( 3113): [ Thread-10: AndroidVideoWindowImpl.java: 81 ] - update - update enter...
01-15 00:20:07.639 D/        ( 3113): av_read_frame
01-15 00:20:07.643 D/        ( 3113): avcodec_decode_video2
01-15 00:20:07.643 I/        ( 3113): ms_get_jni_env
01-15 00:20:07.705 D/BitmapVideoOutput( 3113): [ Thread-10: AndroidVideoWindowImpl.java: 81 ] - update - update enter...
01-15 00:20:07.713 D/        ( 3113): av_read_frame
01-15 00:20:07.717 D/        ( 3113): avcodec_decode_video2
01-15 00:20:07.717 I/        ( 3113): ms_get_jni_env
01-15 00:20:07.779 D/BitmapVideoOutput( 3113): [ Thread-10: AndroidVideoWindowImpl.java: 81 ] - update - update enter...
01-15 00:20:07.787 D/        ( 3113): av_read_frame
01-15 00:20:07.791 D/        ( 3113): avcodec_decode_video2
01-15 00:20:07.791 I/        ( 3113): ms_get_jni_env
01-15 00:20:07.853 D/BitmapVideoOutput( 3113): [ Thread-10: AndroidVideoWindowImpl.java: 81 ] - update - update enter...
01-15 00:20:07.861 D/        ( 3113): av_read_frame
01-15 00:20:07.865 D/        ( 3113): avcodec_decode_video2
01-15 00:20:07.865 I/        ( 3113): ms_get_jni_env
01-15 00:20:07.927 D/BitmapVideoOutput( 3113): [ Thread-10: AndroidVideoWindowImpl.java: 81 ] - update - update enter...
01-15 00:20:07.935 D/        ( 3113): av_read_frame
01-15 00:20:07.939 D/        ( 3113): avcodec_decode_video2
01-15 00:20:07.939 I/        ( 3113): ms_get_jni_env
01-15 00:20:08.001 D/BitmapVideoOutput( 3113): [ Thread-10: AndroidVideoWindowImpl.java: 81 ] - update - update enter...
01-15 00:20:08.007 D/        ( 3113): av_read_frame
01-15 00:20:08.013 D/        ( 3113): avcodec_decode_video2
01-15 00:20:08.013 I/        ( 3113): ms_get_jni_env
01-15 00:20:08.075 D/BitmapVideoOutput( 3113): [ Thread-10: AndroidVideoWindowImpl.java: 81 ] - update - update enter...
01-15 00:20:08.081 D/        ( 3113): av_read_frame
01-15 00:20:08.081 D/        ( 3113): av_read_frame
01-15 00:20:08.081 D/        ( 3113): av_read_frame
01-15 00:20:08.081 D/        ( 3113): av_read_frame
01-15 00:20:08.083 D/        ( 3113): av_read_frame
01-15 00:20:08.083 D/        ( 3113): av_read_frame
01-15 00:20:08.083 D/        ( 3113): av_read_frame
01-15 00:20:08.083 D/        ( 3113): av_read_frame
01-15 00:20:08.083 D/        ( 3113): av_read_frame
01-15 00:20:08.083 D/        ( 3113): av_read_frame
01-15 00:20:08.083 D/        ( 3113): av_read_frame
01-15 00:20:08.083 D/        ( 3113): av_read_frame
01-15 00:20:08.083 D/        ( 3113): av_read_frame
01-15 00:20:08.083 D/        ( 3113): av_read_frame
01-15 00:20:08.083 D/        ( 3113): av_read_frame
01-15 00:20:08.087 D/        ( 3113): avcodec_decode_video2
01-15 00:20:08.087 I/        ( 3113): ms_get_jni_env
01-15 00:20:08.149 D/BitmapVideoOutput( 3113): [ Thread-10: AndroidVideoWindowImpl.java: 81 ] - update - update enter...
01-15 00:20:08.155 D/        ( 3113): av_read_frame
01-15 00:20:08.161 D/        ( 3113): avcodec_decode_video2
01-15 00:20:08.161 I/        ( 3113): ms_get_jni_env
01-15 00:20:08.223 D/BitmapVideoOutput( 3113): [ Thread-10: AndroidVideoWindowImpl.java: 81 ] - update - update enter...
01-15 00:20:08.229 D/        ( 3113): av_read_frame
01-15 00:20:08.233 D/        ( 3113): avcodec_decode_video2
01-15 00:20:08.233 I/        ( 3113): ms_get_jni_env
01-15 00:20:08.297 D/BitmapVideoOutput( 3113): [ Thread-10: AndroidVideoWindowImpl.java: 81 ] - update - update enter...
01-15 00:20:08.305 D/        ( 3113): av_read_frame
01-15 00:20:08.307 D/        ( 3113): avcodec_decode_video2
01-15 00:20:08.307 I/        ( 3113): ms_get_jni_env
01-15 00:20:08.371 D/BitmapVideoOutput( 3113): [ Thread-10: AndroidVideoWindowImpl.java: 81 ] - update - update enter...
01-15 00:20:08.377 D/        ( 3113): av_read_frame
01-15 00:20:08.381 D/        ( 3113): avcodec_decode_video2
01-15 00:20:08.381 I/        ( 3113): ms_get_jni_env
01-15 00:20:08.443 D/BitmapVideoOutput( 3113): [ Thread-10: AndroidVideoWindowImpl.java: 81 ] - update - update enter...
01-15 00:20:08.451 D/        ( 3113): av_read_frame
01-15 00:20:08.455 D/        ( 3113): avcodec_decode_video2
01-15 00:20:08.455 I/        ( 3113): ms_get_jni_env
01-15 00:20:08.517 D/BitmapVideoOutput( 3113): [ Thread-10: AndroidVideoWindowImpl.java: 81 ] - update - update enter...
01-15 00:20:08.525 D/        ( 3113): av_read_frame
01-15 00:20:08.527 D/        ( 3113): avcodec_decode_video2
01-15 00:20:08.529 I/        ( 3113): ms_get_jni_env
01-15 00:20:08.591 D/BitmapVideoOutput( 3113): [ Thread-10: AndroidVideoWindowImpl.java: 81 ] - update - update enter...
01-15 00:20:08.597 D/        ( 3113): av_read_frame
01-15 00:20:08.601 D/        ( 3113): avcodec_decode_video2
01-15 00:20:08.601 I/        ( 3113): ms_get_jni_env
01-15 00:20:08.663 D/BitmapVideoOutput( 3113): [ Thread-10: AndroidVideoWindowImpl.java: 81 ] - update - update enter...
01-15 00:20:08.671 D/        ( 3113): av_read_frame
01-15 00:20:08.671 D/        ( 3113): av_read_frame
01-15 00:20:08.671 D/        ( 3113): av_read_frame
01-15 00:20:08.671 D/        ( 3113): av_read_frame
01-15 00:20:08.671 D/        ( 3113): av_read_frame
01-15 00:20:08.671 D/        ( 3113): av_read_frame
01-15 00:20:08.671 D/        ( 3113): av_read_frame
01-15 00:20:08.671 D/        ( 3113): av_read_frame
01-15 00:20:08.671 D/        ( 3113): av_read_frame
01-15 00:20:08.671 D/        ( 3113): av_read_frame
01-15 00:20:08.671 D/        ( 3113): av_read_frame
01-15 00:20:08.671 D/        ( 3113): av_read_frame
01-15 00:20:08.671 D/        ( 3113): av_read_frame
01-15 00:20:08.673 D/        ( 3113): av_read_frame
01-15 00:20:08.673 D/        ( 3113): av_read_frame
01-15 00:20:08.673 D/        ( 3113): av_read_frame
01-15 00:20:08.675 D/        ( 3113): avcodec_decode_video2
01-15 00:20:08.675 I/        ( 3113): ms_get_jni_env
01-15 00:20:08.737 D/BitmapVideoOutput( 3113): [ Thread-10: AndroidVideoWindowImpl.java: 81 ] - update - update enter...
01-15 00:20:08.745 D/        ( 3113): av_read_frame
01-15 00:20:08.747 D/        ( 3113): avcodec_decode_video2
01-15 00:20:08.749 I/        ( 3113): ms_get_jni_env
01-15 00:20:08.811 D/BitmapVideoOutput( 3113): [ Thread-10: AndroidVideoWindowImpl.java: 81 ] - update - update enter...
01-15 00:20:08.819 D/        ( 3113): av_read_frame
01-15 00:20:08.821 D/        ( 3113): avcodec_decode_video2
01-15 00:20:08.821 I/        ( 3113): ms_get_jni_env
01-15 00:20:08.885 D/BitmapVideoOutput( 3113): [ Thread-10: AndroidVideoWindowImpl.java: 81 ] - update - update enter...
01-15 00:20:08.893 D/        ( 3113): av_read_frame
01-15 00:20:08.897 D/        ( 3113): avcodec_decode_video2
01-15 00:20:08.897 I/        ( 3113): ms_get_jni_env
01-15 00:20:08.959 D/BitmapVideoOutput( 3113): [ Thread-10: AndroidVideoWindowImpl.java: 81 ] - update - update enter...
01-15 00:20:08.967 D/        ( 3113): av_read_frame
01-15 00:20:08.969 D/        ( 3113): avcodec_decode_video2
01-15 00:20:08.969 I/        ( 3113): ms_get_jni_env
01-15 00:20:09.033 D/BitmapVideoOutput( 3113): [ Thread-10: AndroidVideoWindowImpl.java: 81 ] - update - update enter...
01-15 00:20:09.039 D/        ( 3113): av_read_frame
01-15 00:20:09.043 D/        ( 3113): avcodec_decode_video2
01-15 00:20:09.043 I/        ( 3113): ms_get_jni_env
01-15 00:20:09.105 D/BitmapVideoOutput( 3113): [ Thread-10: AndroidVideoWindowImpl.java: 81 ] - update - update enter...
01-15 00:20:09.113 D/        ( 3113): av_read_frame
01-15 00:20:09.117 D/        ( 3113): avcodec_decode_video2
01-15 00:20:09.117 I/        ( 3113): ms_get_jni_env
01-15 00:20:09.179 D/BitmapVideoOutput( 3113): [ Thread-10: AndroidVideoWindowImpl.java: 81 ] - update - update enter...
01-15 00:20:09.187 D/        ( 3113): av_read_frame
01-15 00:20:09.187 D/        ( 3113): av_read_frame
01-15 00:20:09.187 D/        ( 3113): av_read_frame
01-15 00:20:09.187 D/        ( 3113): av_read_frame
01-15 00:20:09.187 D/        ( 3113): av_read_frame
01-15 00:20:09.187 D/        ( 3113): av_read_frame
01-15 00:20:09.187 D/        ( 3113): av_read_frame
01-15 00:20:09.187 D/        ( 3113): av_read_frame
01-15 00:20:09.187 D/        ( 3113): av_read_frame
01-15 00:20:09.187 D/        ( 3113): av_read_frame
01-15 00:20:09.187 D/        ( 3113): av_read_frame
01-15 00:20:09.187 D/dalvikvm( 3113): threadid=9: thread exiting, not yet detached (count=0)
01-15 00:20:09.187 I/        ( 3113): Thread end, detaching jvm from current thread
01-15 00:20:09.187 D/dalvikvm( 3113): threadid=9: thread exiting, not yet detached (count=1)
01-15 00:20:09.187 E/dalvikvm( 3113): threadid=9: native thread exited without detaching
01-15 00:20:09.187 E/dalvikvm( 3113): VM aborting
01-15 00:20:09.293 I/DEBUG   ( 1013): *** *** *** *** *** *** *** *** *** *** *** *** *** *** *** ***
01-15 00:20:09.293 I/DEBUG   ( 1013): Build fingerprint: 'hisi/hisik3_td/hisik3_td/hisik3-3615:2.2.1/FRG83/eng.shaobin.20110427.144340:eng/test-keys'
01-15 00:20:09.293 I/DEBUG   ( 1013): pid: 3113, tid: 3125  >>> cn.yo2.aquarium.example.bitmapvideooutput <<<
01-15 00:20:09.293 I/DEBUG   ( 1013): signal 11 (SIGSEGV), fault addr deadd00d
01-15 00:20:09.293 I/DEBUG   ( 1013):  r0 000003cc  r1 80000000  r2 0000000c  r3 deadd00d
01-15 00:20:09.293 I/DEBUG   ( 1013):  r4 00000026  r5 fffe8d73  r6 0028d2c4  r7 fffe2088
01-15 00:20:09.293 I/DEBUG   ( 1013):  r8 aca467c1  r9 00000001  10 0028d230  fp 00000000
01-15 00:20:09.293 I/DEBUG   ( 1013):  ip aca97624  sp 4855be88  lr afd154c5  pc aca3ae12  cpsr 20000030
01-15 00:20:09.403 I/DEBUG   ( 1013):          #00  pc 0003ae12  /system/lib/libdvm.so
01-15 00:20:09.405 I/DEBUG   ( 1013):          #01  pc 00046832  /system/lib/libdvm.so
01-15 00:20:09.407 I/DEBUG   ( 1013):          #02  pc 00010ebc  /system/lib/libc.so
01-15 00:20:09.407 I/DEBUG   ( 1013):          #03  pc 00010b20  /system/lib/libc.so
01-15 00:20:09.409 I/DEBUG   ( 1013): 
01-15 00:20:09.409 I/DEBUG   ( 1013): code around pc:
01-15 00:20:09.409 I/DEBUG   ( 1013): aca3adf0 1861447c 200618a2 ed72f7d5 f7d52000 
01-15 00:20:09.409 I/DEBUG   ( 1013): aca3ae00 4808eeea 6bdb5823 d0002b00 4b064798 
01-15 00:20:09.409 I/DEBUG   ( 1013): aca3ae10 701c2426 ef62f7d5 0005c600 fffe2088 
01-15 00:20:09.409 I/DEBUG   ( 1013): aca3ae20 fffe5590 000003cc deadd00d b510b40e 
01-15 00:20:09.409 I/DEBUG   ( 1013): aca3ae30 4c0a4b09 447bb083 aa05591b 6b5bca02 
01-15 00:20:09.409 I/DEBUG   ( 1013): 
01-15 00:20:09.409 I/DEBUG   ( 1013): code around lr:
01-15 00:20:09.409 I/DEBUG   ( 1013): afd154a4 b0834a0d 589c447b 26009001 686768a5 
01-15 00:20:09.411 I/DEBUG   ( 1013): afd154b4 220ce008 2b005eab 1c28d003 47889901 
01-15 00:20:09.411 I/DEBUG   ( 1013): afd154c4 35544306 d5f43f01 2c006824 b003d1ee 
01-15 00:20:09.411 I/DEBUG   ( 1013): afd154d4 bdf01c30 0002ae7c 000000d4 1c0fb5f0 
01-15 00:20:09.411 I/DEBUG   ( 1013): afd154e4 43551c3d a904b087 1c16ac01 604d9004 
01-15 00:20:09.411 I/DEBUG   ( 1013): 
01-15 00:20:09.411 I/DEBUG   ( 1013): stack:
01-15 00:20:09.411 I/DEBUG   ( 1013):     4855be48  00000015  
01-15 00:20:09.411 I/DEBUG   ( 1013):     4855be4c  afd1453b  /system/lib/libc.so
01-15 00:20:09.411 I/DEBUG   ( 1013):     4855be50  afd405a0  /system/lib/libc.so
01-15 00:20:09.411 I/DEBUG   ( 1013):     4855be54  afd4054c  /system/lib/libc.so
01-15 00:20:09.413 I/DEBUG   ( 1013):     4855be58  00000000  
01-15 00:20:09.413 I/DEBUG   ( 1013):     4855be5c  afd154c5  /system/lib/libc.so
01-15 00:20:09.413 I/DEBUG   ( 1013):     4855be60  00000000  
01-15 00:20:09.413 I/DEBUG   ( 1013):     4855be64  afd1450d  /system/lib/libc.so
01-15 00:20:09.413 I/DEBUG   ( 1013):     4855be68  0028d230  [heap]
01-15 00:20:09.413 I/DEBUG   ( 1013):     4855be6c  aca973f4  /system/lib/libdvm.so
01-15 00:20:09.413 I/DEBUG   ( 1013):     4855be70  fffe8d73  
01-15 00:20:09.413 I/DEBUG   ( 1013):     4855be74  0028d2c4  [heap]
01-15 00:20:09.413 I/DEBUG   ( 1013):     4855be78  fffe2088  
01-15 00:20:09.413 I/DEBUG   ( 1013):     4855be7c  afd1456b  /system/lib/libc.so
01-15 00:20:09.413 I/DEBUG   ( 1013):     4855be80  df002777  
01-15 00:20:09.413 I/DEBUG   ( 1013):     4855be84  e3a070ad  
01-15 00:20:09.415 I/DEBUG   ( 1013): #00 4855be88  aca973f4  /system/lib/libdvm.so
01-15 00:20:09.415 I/DEBUG   ( 1013):     4855be8c  aca46837  /system/lib/libdvm.so
01-15 00:20:09.415 I/DEBUG   ( 1013): #01 4855be90  00000006  
01-15 00:20:09.415 I/DEBUG   ( 1013):     4855be94  4855bf08  
01-15 00:20:09.415 I/DEBUG   ( 1013):     4855be98  afd41930  /system/lib/libc.so
01-15 00:20:09.415 I/DEBUG   ( 1013):     4855be9c  00000006  
01-15 00:20:09.415 I/DEBUG   ( 1013):     4855bea0  4855bf08  
01-15 00:20:09.415 I/DEBUG   ( 1013):     4855bea4  afd41930  /system/lib/libc.so
01-15 00:20:09.415 I/DEBUG   ( 1013):     4855bea8  afd41920  /system/lib/libc.so
01-15 00:20:09.415 I/DEBUG   ( 1013):     4855beac  afd10ec0  /system/lib/libc.so
01-15 00:20:10.011 E/Tethering( 1076): attempting to remove unknown iface (usb0), ignoring
01-15 00:20:10.513 D/Zygote  ( 1015): Process 3113 terminated by signal (11)
01-15 00:20:10.515 I/ActivityManager( 1076): Process cn.yo2.aquarium.example.bitmapvideooutput (pid 3113) has died.
01-15 00:20:10.529 I/WindowManager( 1076): WIN DEATH: Window{46042ba0 SurfaceView paused=false}
01-15 00:20:10.535 I/WindowManager( 1076): WIN DEATH: Window{45ffc3e8 cn.yo2.aquarium.example.bitmapvideooutput/cn.yo2.aquarium.example.bitmapvideooutput.Main paused=false}
01-15 00:20:10.563 I/DemoService( 1167): DiyScheduer.onStart
01-15 00:20:10.563 I/ggheart ( 1167): onStart
01-15 00:20:10.567 I/UsageStats( 1076): Unexpected resume of com.gau.go.launcherex while already resumed in cn.yo2.aquarium.example.bitmapvideooutput
01-15 00:20:10.575 I/BootReceiver( 1076): Copying /data/tombstones/tombstone_06 to DropBox (SYSTEM_TOMBSTONE)
01-15 00:20:10.771 D/dalvikvm( 1076): GC_FOR_MALLOC freed 6764 objects / 425920 bytes in 160ms
01-15 00:20:10.771 I/dalvikvm-heap( 1076): Grow heap (frag case) to 6.429MB for 77600-byte allocation
01-15 00:20:10.917 D/dalvikvm( 1076): GC_FOR_MALLOC freed 222 objects / 10160 bytes in 145ms
01-15 00:20:11.081 D/dalvikvm( 1076): GC_FOR_MALLOC freed 909 objects / 257440 bytes in 157ms
01-15 00:20:11.083 W/InputManagerService( 1076): Got RemoteException sending setActive(false) notification to pid 3113 uid 10083
01-15 00:20:17.847 E/Tethering( 1076): attempting to remove unknown iface (usb0), ignoring
01-15 00:20:17.855 W/Process ( 1076): Unable to open /proc/3113/status
01-15 00:20:25.655 E/Tethering( 1076): attempting to remove unknown iface (usb0), ignoring
01-15 00:20:50.729 I/power   ( 1076): *** set_screen_state 0
01-15 00:20:50.757 D/AlarmManager( 1076): *** setRepeating() triggerTime=1 Jan 1970 16:04:06 GMT,from android,needSetPMUAlarm=false,isShuting=false
01-15 00:20:50.757 D/AlarmManager( 1076): setRepeating() index=0
01-15 00:20:50.881 D/ClockUpdateService( 1374): mScreenOnOffReceiver[onReceive] intent -- Intent { act=android.intent.action.SCREEN_OFF flg=0x40000000 (has extras) }
01-15 00:20:56.997 W/Vold    ( 1011): Ignoring unknown switch 'sd-door'
01-15 00:20:56.997 W/Vold    ( 1011): Ignoring unknown switch 'sd-door'
01-15 00:20:57.233 D/StatusBar( 1076): DISABLE_EXPAND: yes
01-15 00:21:00.059 D/AlarmManager( 1076): *** setRepeating() triggerTime=14 Jan 2011 16:22:00 GMT,from android,needSetPMUAlarm=false,isShuting=false
01-15 00:21:00.059 D/AlarmManager( 1076): setRepeating() index=0
01-15 00:21:00.137 D/AlarmManager( 1076): *** setRepeating() triggerTime=1 Jan 1970 00:00:55 GMT,from com.mediawoz.goweather,needSetPMUAlarm=false,isShuting=false
01-15 00:21:00.137 D/AlarmManager( 1076): setRepeating() index=0
01-15 00:21:05.305 D/dalvikvm( 2375): GC_EXPLICIT freed 2407 objects / 91456 bytes in 101ms
01-15 00:21:10.995 W/Vold    ( 1011): Ignoring unknown switch 'sd-door'
01-15 00:21:10.995 W/Vold    ( 1011): Ignoring unknown switch 'sd-door'
01-15 00:21:11.027 D/KeyguardViewMediator( 1076): wakeWhenReadyLocked(26)
01-15 00:21:11.031 D/KeyguardViewMediator( 1076): handleWakeWhenReady(26)
01-15 00:21:11.031 D/KeyguardViewMediator( 1076): pokeWakelock(5000)
01-15 00:21:11.045 I/power   ( 1076): *** set_screen_state 1
01-15 00:21:11.545 W/WindowManager( 1076): No focus window, dropping: KeyEvent{action=1 code=26 repeat=0 meta=0 scancode=116 mFlags=8}
01-15 00:21:11.705 D/ClockUpdateService( 1374): mScreenOnOffReceiver[onReceive] intent -- Intent { act=android.intent.action.SCREEN_ON flg=0x40000000 }
01-15 00:21:11.785 D/Utils   ( 1374): [numberToImageRes] number -- 0
01-15 00:21:11.785 D/Utils   ( 1374): [numberToImageRes] number -- 2
01-15 00:21:11.785 D/Utils   ( 1374): [numberToImageRes] number -- 1
01-15 00:21:11.837 D/WeatherProvider( 1239): [query] uri -- content://com.pekall.provider.weather/cities/1
01-15 00:21:11.873 D/ClockViewBuilder( 1374): [buildCityExistView] enter
01-15 00:21:11.899 D/WeatherProvider( 1239): [query] uri -- content://com.pekall.provider.weather/cities/1/current_conditions
01-15 00:21:11.935 D/WeatherProvider( 1239): [query] uri -- content://com.pekall.provider.weather/cities/1/forecasts
01-15 00:21:11.953 D/Utils   ( 1374): [weatherCodeToIconRes] code --  lsup -- -1
01-15 00:21:11.953 D/Utils   ( 1374): time -- -1
01-15 00:21:11.983 D/Utils   ( 1374): [numberToImageRes] number -- 0
01-15 00:21:11.983 D/Utils   ( 1374): [numberToImageRes] number -- 2
01-15 00:21:11.983 D/Utils   ( 1374): [numberToImageRes] number -- 1
01-15 00:21:12.013 D/WeatherProvider( 1239): [query] uri -- content://com.pekall.provider.weather/cities/1
01-15 00:21:12.037 D/ClockViewBuilder( 1374): [buildCityExistView] enter
01-15 00:21:12.071 D/WeatherProvider( 1239): [query] uri -- content://com.pekall.provider.weather/cities/1/current_conditions
01-15 00:21:12.089 D/KeyguardViewMediator( 1076): pokeWakelock(5000)
01-15 00:21:12.121 D/WeatherProvider( 1239): [query] uri -- content://com.pekall.provider.weather/cities/1/forecasts
01-15 00:21:12.141 D/Utils   ( 1374): [weatherCodeToIconRes] code --  lsup -- -1
01-15 00:21:12.141 D/Utils   ( 1374): time -- -1
01-15 00:21:12.207 D/LockPatternKeyguardView( 1076): ---->>>mKeyguardScreenCallback-->simstate=ABSENT
01-15 00:21:12.247 D/KeyguardViewMediator( 1076): pokeWakelock(5000)
01-15 00:21:12.375 W/InputManagerService( 1076): Window already focused, ignoring focus gain of: com.android.internal.view.IInputMethodClient$Stub$Proxy@45e30580
01-15 00:21:12.571 D/dalvikvm( 1152): GC_EXPLICIT freed 175 objects / 9816 bytes in 206ms
01-15 00:21:13.761 I/libBlurEffect( 1167): BoxBlur
01-15 00:21:13.761 E/libBlurEffect( 1167): AndroidBitmap_getInfo() failed ! error=-1
01-15 00:21:13.761 I/libBlurEffect( 1167): BoxBlur
01-15 00:21:13.761 I/libBlurEffect( 1167): src width*height:40*40,stride:160.
01-15 00:21:13.767 I/libBlurEffect( 1167): Box time is 0.
01-15 00:21:13.855 D/XViewFrame( 1167): step 1
01-15 00:21:13.855 D/XViewFrame( 1167): step 2
01-15 00:21:13.855 D/XViewFrame( 1167): step 3
01-15 00:21:13.873 D/XViewFrame( 1167): step 4
01-15 00:21:14.205 D/dalvikvm( 1167): GC_EXTERNAL_ALLOC freed 1653 objects / 84992 bytes in 84ms
01-15 00:21:14.435 D/dalvikvm( 1152): GC_EXPLICIT freed 63 objects / 3944 bytes in 132ms
01-15 00:21:14.689 E/Tethering( 1076): attempting to remove unknown iface (usb0), ignoring
01-15 00:21:18.565 I/ActivityManager( 1076): Starting activity: Intent { act=android.intent.action.MAIN cat=[android.intent.category.LAUNCHER] flg=0x10200000 cmp=com.aurorasoftworks.quadrant.ui.advanced/.QuadrantAdvancedActivity }
01-15 00:21:18.685 D/PhoneWindow( 1167): couldn't save which view has focus because the focused view com.jiubang.ggheart.apps.desks.appfunc.XViewFrame@45e37458 has no id.
01-15 00:21:18.711 I/com.aurorasoftworks.sig( 2147): Instantiating an activity: com.aurorasoftworks.quadrant.ui.advanced.QuadrantAdvancedActivity
01-15 00:21:18.711 I/com.aurorasoftworks.sig( 2147): Creating an activity: com.aurorasoftworks.quadrant.ui.advanced.QuadrantAdvancedActivity
01-15 00:21:18.791 I/com.aurorasoftworks.sig( 2147): Starting an activity: com.aurorasoftworks.quadrant.ui.advanced.QuadrantAdvancedActivity
01-15 00:21:18.791 I/com.aurorasoftworks.sig( 2147): Resuming an activity: com.aurorasoftworks.quadrant.ui.advanced.QuadrantAdvancedActivity
01-15 00:21:18.903 I/ggheart ( 1167): onStop
01-15 00:21:19.035 I/ActivityManager( 1076): Displayed activity com.aurorasoftworks.quadrant.ui.advanced/.QuadrantAdvancedActivity: 338 ms (total 338 ms)
01-15 00:21:22.531 E/Tethering( 1076): attempting to remove unknown iface (usb0), ignoring
01-15 00:21:27.639 D/dalvikvm( 1167): GC_EXPLICIT freed 2423 objects / 112720 bytes in 135ms
01-15 00:21:30.365 E/Tethering( 1076): attempting to remove unknown iface (usb0), ignoring
01-15 00:21:31.013 D/dalvikvm( 1076): GC_FOR_MALLOC freed 12501 objects / 1161464 bytes in 206ms
01-15 00:21:35.437 D/dalvikvm( 1420): GC_EXPLICIT freed 6225 objects / 341160 bytes in 107ms
01-15 00:21:38.229 E/Tethering( 1076): attempting to remove unknown iface (usb0), ignoring
01-15 00:21:47.277 W/InputManagerService( 1076): Window already focused, ignoring focus gain of: com.android.internal.view.IInputMethodClient$Stub$Proxy@45e4d758
01-15 00:21:47.357 D/dalvikvm( 1152): GC_EXPLICIT freed 90 objects / 5448 bytes in 83ms
01-15 00:21:48.143 I/com.aurorasoftworks.sig( 2147): Pausing an activity: com.aurorasoftworks.quadrant.ui.advanced.QuadrantAdvancedActivity
01-15 00:21:48.175 I/DemoService( 1167): DiyScheduer.onStart
01-15 00:21:48.175 I/ggheart ( 1167): onStart
01-15 00:21:48.395 I/com.aurorasoftworks.sig( 2147): Stopping an activity: com.aurorasoftworks.quadrant.ui.advanced.QuadrantAdvancedActivity
01-15 00:21:48.395 I/com.aurorasoftworks.sig( 2147): Destroying an activity: com.aurorasoftworks.quadrant.ui.advanced.QuadrantAdvancedActivity
01-15 00:21:49.925 E/Tethering( 1076): attempting to remove unknown iface (usb0), ignoring
01-15 00:21:55.031 D/dalvikvm( 2147): GC_EXPLICIT freed 3374 objects / 248600 bytes in 121ms
01-15 00:21:55.041 I/com.aurorasoftworks.sig( 2147): Finalizing an activity: com.aurorasoftworks.quadrant.ui.advanced.QuadrantAdvancedActivity
01-15 00:22:00.055 D/AlarmManager( 1076): *** setRepeating() triggerTime=14 Jan 2011 16:23:00 GMT,from android,needSetPMUAlarm=false,isShuting=false
01-15 00:22:00.055 D/AlarmManager( 1076): setRepeating() index=0
01-15 00:22:00.119 D/AlarmManager( 1076): *** setRepeating() triggerTime=1 Jan 1970 00:00:55 GMT,from com.mediawoz.goweather,needSetPMUAlarm=false,isShuting=false
01-15 00:22:00.121 D/AlarmManager( 1076): setRepeating() index=0
01-15 00:22:00.165 D/ClockUpdateService( 1374): mTimeTickReceiver[onReceive] intent -- Intent { act=android.intent.action.TIME_TICK flg=0x40000004 (has extras) }
01-15 00:22:00.199 D/Utils   ( 1374): [numberToImageRes] number -- 0
01-15 00:22:00.199 D/Utils   ( 1374): [numberToImageRes] number -- 2
01-15 00:22:00.199 D/Utils   ( 1374): [numberToImageRes] number -- 2
01-15 00:22:00.215 D/WeatherProvider( 1239): [query] uri -- content://com.pekall.provider.weather/cities/1
01-15 00:22:00.239 D/ClockViewBuilder( 1374): [buildCityExistView] enter
01-15 00:22:00.259 D/WeatherProvider( 1239): [query] uri -- content://com.pekall.provider.weather/cities/1/current_conditions
01-15 00:22:00.287 D/WeatherProvider( 1239): [query] uri -- content://com.pekall.provider.weather/cities/1/forecasts
01-15 00:22:00.301 D/Utils   ( 1374): [weatherCodeToIconRes] code --  lsup -- -1
01-15 00:22:00.301 D/Utils   ( 1374): time -- -1
01-15 00:22:00.331 D/Utils   ( 1374): [numberToImageRes] number -- 0
01-15 00:22:00.331 D/Utils   ( 1374): [numberToImageRes] number -- 2
01-15 00:22:00.331 D/Utils   ( 1374): [numberToImageRes] number -- 2
01-15 00:22:00.351 D/WeatherProvider( 1239): [query] uri -- content://com.pekall.provider.weather/cities/1
01-15 00:22:00.371 D/ClockViewBuilder( 1374): [buildCityExistView] enter
01-15 00:22:00.399 D/WeatherProvider( 1239): [query] uri -- content://com.pekall.provider.weather/cities/1/current_conditions
01-15 00:22:00.427 D/WeatherProvider( 1239): [query] uri -- content://com.pekall.provider.weather/cities/1/forecasts
01-15 00:22:00.439 D/Utils   ( 1374): [weatherCodeToIconRes] code --  lsup -- -1
01-15 00:22:00.439 D/Utils   ( 1374): time -- -1
01-15 00:22:05.635 E/Tethering( 1076): attempting to remove unknown iface (usb0), ignoring
01-15 00:22:05.697 D/dalvikvm( 1427): GC_EXPLICIT freed 1126 objects / 57184 bytes in 173ms
01-15 00:22:21.271 E/Tethering( 1076): attempting to remove unknown iface (usb0), ignoring
01-15 00:22:36.933 E/Tethering( 1076): attempting to remove unknown iface (usb0), ignoring
01-15 00:22:48.881 I/power   ( 1076): *** set_screen_state 0
01-15 00:22:48.907 D/AlarmManager( 1076): *** setRepeating() triggerTime=1 Jan 1970 16:06:04 GMT,from android,needSetPMUAlarm=false,isShuting=false
01-15 00:22:48.909 D/AlarmManager( 1076): setRepeating() index=0
01-15 00:22:49.033 D/ClockUpdateService( 1374): mScreenOnOffReceiver[onReceive] intent -- Intent { act=android.intent.action.SCREEN_OFF flg=0x40000000 (has extras) }
01-15 00:22:52.597 W/Vold    ( 1011): Ignoring unknown switch 'sd-door'
01-15 00:22:52.623 W/Vold    ( 1011): Ignoring unknown switch 'sd-door'
01-15 00:22:52.707 E/Tethering( 1076): attempting to remove unknown iface (usb0), ignoring
01-15 00:22:54.035 W/Vold    ( 1011): Ignoring unknown switch 'sd-door'
01-15 00:22:54.035 W/Vold    ( 1011): Ignoring unknown switch 'sd-door'
01-15 00:22:54.291 D/StatusBar( 1076): DISABLE_EXPAND: yes
01-15 00:23:39.996 W/Vold    ( 1011): Ignoring unknown switch 'sd-door'
01-15 00:23:39.996 W/Vold    ( 1011): Ignoring unknown switch 'sd-door'
01-15 00:23:40.032 D/KeyguardViewMediator( 1076): wakeWhenReadyLocked(26)
01-15 00:23:40.072 D/AlarmManager( 1076): *** setRepeating() triggerTime=14 Jan 2011 16:24:00 GMT,from android,needSetPMUAlarm=false,isShuting=false
01-15 00:23:40.072 D/AlarmManager( 1076): setRepeating() index=0
01-15 00:23:40.080 D/KeyguardViewMediator( 1076): handleWakeWhenReady(26)
01-15 00:23:40.080 D/KeyguardViewMediator( 1076): pokeWakelock(5000)
01-15 00:23:40.084 I/power   ( 1076): *** set_screen_state 1
01-15 00:23:40.122 D/AlarmManager( 1076): *** setRepeating() triggerTime=1 Jan 1970 00:00:55 GMT,from com.mediawoz.goweather,needSetPMUAlarm=false,isShuting=false
01-15 00:23:40.122 D/AlarmManager( 1076): setRepeating() index=0
01-15 00:23:40.724 D/ClockUpdateService( 1374): mScreenOnOffReceiver[onReceive] intent -- Intent { act=android.intent.action.SCREEN_ON flg=0x40000000 }
01-15 00:23:40.796 D/Utils   ( 1374): [numberToImageRes] number -- 0
01-15 00:23:40.808 D/Utils   ( 1374): [numberToImageRes] number -- 2
01-15 00:23:40.808 D/Utils   ( 1374): [numberToImageRes] number -- 3
01-15 00:23:40.866 D/WeatherProvider( 1239): [query] uri -- content://com.pekall.provider.weather/cities/1
01-15 00:23:40.912 D/ClockViewBuilder( 1374): [buildCityExistView] enter
01-15 00:23:40.950 E/Tethering( 1076): attempting to remove unknown iface (usb0), ignoring
01-15 00:23:40.972 D/WeatherProvider( 1239): [query] uri -- content://com.pekall.provider.weather/cities/1/current_conditions
01-15 00:23:41.052 D/WeatherProvider( 1239): [query] uri -- content://com.pekall.provider.weather/cities/1/forecasts
01-15 00:23:41.072 D/Utils   ( 1374): [weatherCodeToIconRes] code --  lsup -- -1
01-15 00:23:41.072 D/Utils   ( 1374): time -- -1
01-15 00:23:41.126 D/Utils   ( 1374): [numberToImageRes] number -- 0
01-15 00:23:41.126 D/Utils   ( 1374): [numberToImageRes] number -- 2
01-15 00:23:41.136 D/Utils   ( 1374): [numberToImageRes] number -- 3
01-15 00:23:41.164 D/WeatherProvider( 1239): [query] uri -- content://com.pekall.provider.weather/cities/1
01-15 00:23:41.416 D/dalvikvm( 1239): GC_EXPLICIT freed 6559 objects / 590280 bytes in 248ms
01-15 00:23:41.436 D/ClockViewBuilder( 1374): [buildCityExistView] enter
01-15 00:23:41.466 D/WeatherProvider( 1239): [query] uri -- content://com.pekall.provider.weather/cities/1/current_conditions
01-15 00:23:41.506 D/WeatherProvider( 1239): [query] uri -- content://com.pekall.provider.weather/cities/1/forecasts
01-15 00:23:41.526 D/Utils   ( 1374): [weatherCodeToIconRes] code --  lsup -- -1
01-15 00:23:41.526 D/Utils   ( 1374): time -- -1
01-15 00:23:41.614 D/KeyguardViewMediator( 1076): pokeWakelock(5000)
01-15 00:23:41.836 D/LockPatternKeyguardView( 1076): ---->>>mKeyguardScreenCallback-->simstate=ABSENT
01-15 00:23:41.856 D/KeyguardViewMediator( 1076): pokeWakelock(5000)
01-15 00:23:41.970 W/InputManagerService( 1076): Window already focused, ignoring focus gain of: com.android.internal.view.IInputMethodClient$Stub$Proxy@45e897d0
01-15 00:23:42.168 D/dalvikvm( 1152): GC_EXPLICIT freed 114 objects / 6576 bytes in 208ms
01-15 00:23:42.906 V/websync ( 1927): CookieSyncManager::syncFromRamToFlash STARTS
01-15 00:23:42.906 V/websync ( 1927): CookieSyncManager::syncFromRamToFlash DONE
01-15 00:23:47.440 D/dalvikvm( 2375): GC_EXPLICIT freed 1371 objects / 51920 bytes in 147ms
01-15 00:23:47.568 W/Vold    ( 1011): Ignoring unknown switch 'usb_configuration'
01-15 00:23:47.672 D/dalvikvm( 1076): GC_FOR_MALLOC freed 14776 objects / 833144 bytes in 160ms
01-15 00:23:47.676 D/StorageSdEvent( 2375): updateUsbMassStorage = true
01-15 00:23:47.676 I/StorageSdEvent( 2375): UMS connection changed to true (media state mounted)
01-15 00:23:47.692 I/StorageNotification( 1076): UMS connection changed to true (media state mounted)
01-15 00:23:47.704 D/VoldCmdListener( 1011): volume unshare /mnt/sdcard ums
01-15 00:23:47.704 W/Vold    ( 1011): Returning OperationFailed - no handler for errno 22
01-15 00:23:47.744 E/MountService( 1076): Failed to share/unshare
01-15 00:23:47.744 E/MountService( 1076): com.android.server.NativeDaemonConnectorException: Cmd {volume unshare /mnt/sdcard ums} failed with code 400 : {volume operation failed (Invalid argument)}
01-15 00:23:47.744 E/MountService( 1076): 	at com.android.server.NativeDaemonConnector.doCommand(NativeDaemonConnector.java:247)
01-15 00:23:47.744 E/MountService( 1076): 	at com.android.server.MountService.doShareUnshareVolume(MountService.java:366)
01-15 00:23:47.744 E/MountService( 1076): 	at com.android.server.MountService.setUsbMassStorageEnabled(MountService.java:1030)
01-15 00:23:47.744 E/MountService( 1076): 	at android.os.storage.IMountService$Stub.onTransact(IMountService.java:82)
01-15 00:23:47.744 E/MountService( 1076): 	at android.os.Binder.execTransact(Binder.java:288)
01-15 00:23:47.744 E/MountService( 1076): 	at dalvik.system.NativeStart.run(Native Method)
01-15 00:23:47.746 D/VoldCmdListener( 1011): volume mount /mnt/sdcard
01-15 00:23:47.762 E/MountService( 1076): Failed to remount /mnt/sdcard after disabling share method ums
01-15 00:23:48.294 D/Tethering( 1076): sendTetherStateChangedBroadcast 1, 0, 0
01-15 00:23:48.294 D/Tethering( 1076): interfaceAdded :usb0
01-15 00:23:48.394 I/AudioService( 1076):  AudioFocus  requestAudioFocus() from android.media.AudioManager@45f5bd90
01-15 00:23:49.128 E/Tethering( 1076): active iface (usb0) reported as added, ignoring
01-15 00:23:50.132 I/AudioService( 1076):  AudioFocus  abandonAudioFocus() from android.media.AudioManager@45f5bd90
01-15 00:23:54.304 D/dalvikvm( 3060): GC_EXPLICIT freed 533 objects / 26728 bytes in 237ms
01-15 00:23:59.188 D/dalvikvm( 1420): GC_EXPLICIT freed 6558 objects / 363592 bytes in 119ms
01-15 00:24:00.046 D/AlarmManager( 1076): *** setRepeating() triggerTime=14 Jan 2011 16:25:00 GMT,from android,needSetPMUAlarm=false,isShuting=false
01-15 00:24:00.046 D/AlarmManager( 1076): setRepeating() index=0
01-15 00:24:00.094 D/AlarmManager( 1076): *** setRepeating() triggerTime=1 Jan 1970 00:00:55 GMT,from com.mediawoz.goweather,needSetPMUAlarm=false,isShuting=false
01-15 00:24:00.094 D/AlarmManager( 1076): setRepeating() index=0
01-15 00:24:00.152 D/ClockUpdateService( 1374): mTimeTickReceiver[onReceive] intent -- Intent { act=android.intent.action.TIME_TICK flg=0x40000004 (has extras) }
01-15 00:24:00.182 D/Utils   ( 1374): [numberToImageRes] number -- 0
01-15 00:24:00.182 D/Utils   ( 1374): [numberToImageRes] number -- 2
01-15 00:24:00.182 D/Utils   ( 1374): [numberToImageRes] number -- 4
01-15 00:24:00.212 D/WeatherProvider( 1239): [query] uri -- content://com.pekall.provider.weather/cities/1
01-15 00:24:00.234 D/ClockViewBuilder( 1374): [buildCityExistView] enter
01-15 00:24:00.252 D/WeatherProvider( 1239): [query] uri -- content://com.pekall.provider.weather/cities/1/current_conditions
01-15 00:24:00.280 D/WeatherProvider( 1239): [query] uri -- content://com.pekall.provider.weather/cities/1/forecasts
01-15 00:24:00.292 D/Utils   ( 1374): [weatherCodeToIconRes] code --  lsup -- -1
01-15 00:24:00.292 D/Utils   ( 1374): time -- -1
01-15 00:24:00.316 D/Utils   ( 1374): [numberToImageRes] number -- 0
01-15 00:24:00.316 D/Utils   ( 1374): [numberToImageRes] number -- 2
01-15 00:24:00.320 D/Utils   ( 1374): [numberToImageRes] number -- 4
01-15 00:24:00.338 D/WeatherProvider( 1239): [query] uri -- content://com.pekall.provider.weather/cities/1
01-15 00:24:00.360 D/ClockViewBuilder( 1374): [buildCityExistView] enter
01-15 00:24:00.396 D/WeatherProvider( 1239): [query] uri -- content://com.pekall.provider.weather/cities/1/current_conditions
01-15 00:24:00.424 D/WeatherProvider( 1239): [query] uri -- content://com.pekall.provider.weather/cities/1/forecasts
01-15 00:24:00.438 D/Utils   ( 1374): [weatherCodeToIconRes] code --  lsup -- -1
01-15 00:24:00.438 D/Utils   ( 1374): time -- -1
01-15 00:24:02.676 E/Tethering( 1076): active iface (usb0) reported as added, ignoring
01-15 00:24:07.764 D/dalvikvm( 1427): GC_EXPLICIT freed 1139 objects / 57944 bytes in 104ms
01-15 00:24:16.382 E/Tethering( 1076): active iface (usb0) reported as added, ignoring
01-15 00:24:39.180 E/Tethering( 1076): active iface (usb0) reported as added, ignoring
01-15 00:25:00.046 D/AlarmManager( 1076): *** setRepeating() triggerTime=14 Jan 2011 16:26:00 GMT,from android,needSetPMUAlarm=false,isShuting=false
01-15 00:25:00.046 D/AlarmManager( 1076): setRepeating() index=0
01-15 00:25:00.098 D/AlarmManager( 1076): *** setRepeating() triggerTime=1 Jan 1970 00:00:55 GMT,from com.mediawoz.goweather,needSetPMUAlarm=false,isShuting=false
01-15 00:25:00.098 D/AlarmManager( 1076): setRepeating() index=0
01-15 00:25:00.150 D/ClockUpdateService( 1374): mTimeTickReceiver[onReceive] intent -- Intent { act=android.intent.action.TIME_TICK flg=0x40000004 (has extras) }
01-15 00:25:00.180 D/Utils   ( 1374): [numberToImageRes] number -- 0
01-15 00:25:00.180 D/Utils   ( 1374): [numberToImageRes] number -- 2
01-15 00:25:00.180 D/Utils   ( 1374): [numberToImageRes] number -- 5
01-15 00:25:00.206 D/WeatherProvider( 1239): [query] uri -- content://com.pekall.provider.weather/cities/1
01-15 00:25:00.228 D/ClockViewBuilder( 1374): [buildCityExistView] enter
01-15 00:25:00.246 D/WeatherProvider( 1239): [query] uri -- content://com.pekall.provider.weather/cities/1/current_conditions
01-15 00:25:00.276 D/WeatherProvider( 1239): [query] uri -- content://com.pekall.provider.weather/cities/1/forecasts
01-15 00:25:00.286 D/Utils   ( 1374): [weatherCodeToIconRes] code --  lsup -- -1
01-15 00:25:00.286 D/Utils   ( 1374): time -- -1
01-15 00:25:00.312 D/Utils   ( 1374): [numberToImageRes] number -- 0
01-15 00:25:00.312 D/Utils   ( 1374): [numberToImageRes] number -- 2
01-15 00:25:00.312 D/Utils   ( 1374): [numberToImageRes] number -- 5
01-15 00:25:00.332 D/WeatherProvider( 1239): [query] uri -- content://com.pekall.provider.weather/cities/1
01-15 00:25:00.356 D/ClockViewBuilder( 1374): [buildCityExistView] enter
01-15 00:25:00.388 D/WeatherProvider( 1239): [query] uri -- content://com.pekall.provider.weather/cities/1/current_conditions
01-15 00:25:00.416 D/WeatherProvider( 1239): [query] uri -- content://com.pekall.provider.weather/cities/1/forecasts
01-15 00:25:00.430 D/Utils   ( 1374): [weatherCodeToIconRes] code --  lsup -- -1
01-15 00:25:00.430 D/Utils   ( 1374): time -- -1
01-15 00:25:05.622 D/dalvikvm( 1420): GC_EXPLICIT freed 4282 objects / 236600 bytes in 104ms
01-15 00:25:11.104 E/Tethering( 1076): active iface (usb0) reported as added, ignoring
01-15 00:25:24.333 V/websync ( 1427): CookieSyncManager::syncFromRamToFlash STARTS
01-15 00:25:24.334 V/websync ( 1427): CookieSyncManager::syncFromRamToFlash DONE
01-15 00:25:56.700 E/Tethering( 1076): active iface (usb0) reported as added, ignoring
01-15 00:26:00.034 D/AlarmManager( 1076): *** setRepeating() triggerTime=14 Jan 2011 16:27:00 GMT,from android,needSetPMUAlarm=false,isShuting=false
01-15 00:26:00.034 D/AlarmManager( 1076): setRepeating() index=0
01-15 00:26:00.082 D/AlarmManager( 1076): *** setRepeating() triggerTime=1 Jan 1970 00:00:55 GMT,from com.mediawoz.goweather,needSetPMUAlarm=false,isShuting=false
01-15 00:26:00.082 D/AlarmManager( 1076): setRepeating() index=0
01-15 00:26:00.126 D/ClockUpdateService( 1374): mTimeTickReceiver[onReceive] intent -- Intent { act=android.intent.action.TIME_TICK flg=0x40000004 (has extras) }
01-15 00:26:00.148 D/Utils   ( 1374): [numberToImageRes] number -- 0
01-15 00:26:00.148 D/Utils   ( 1374): [numberToImageRes] number -- 2
01-15 00:26:00.148 D/Utils   ( 1374): [numberToImageRes] number -- 6
01-15 00:26:00.342 D/dalvikvm( 1374): GC_EXPLICIT freed 8427 objects / 341680 bytes in 167ms
01-15 00:26:00.348 D/WeatherProvider( 1239): [query] uri -- content://com.pekall.provider.weather/cities/1
01-15 00:26:00.382 D/ClockViewBuilder( 1374): [buildCityExistView] enter
01-15 00:26:00.418 D/WeatherProvider( 1239): [query] uri -- content://com.pekall.provider.weather/cities/1/current_conditions
01-15 00:26:00.454 D/WeatherProvider( 1239): [query] uri -- content://com.pekall.provider.weather/cities/1/forecasts
01-15 00:26:00.474 D/Utils   ( 1374): [weatherCodeToIconRes] code --  lsup -- -1
01-15 00:26:00.474 D/Utils   ( 1374): time -- -1
01-15 00:26:00.510 D/Utils   ( 1374): [numberToImageRes] number -- 0
01-15 00:26:00.510 D/Utils   ( 1374): [numberToImageRes] number -- 2
01-15 00:26:00.510 D/Utils   ( 1374): [numberToImageRes] number -- 6
01-15 00:26:00.534 D/WeatherProvider( 1239): [query] uri -- content://com.pekall.provider.weather/cities/1
01-15 00:26:00.562 D/ClockViewBuilder( 1374): [buildCityExistView] enter
01-15 00:26:00.580 D/WeatherProvider( 1239): [query] uri -- content://com.pekall.provider.weather/cities/1/current_conditions
01-15 00:26:00.604 D/WeatherProvider( 1239): [query] uri -- content://com.pekall.provider.weather/cities/1/forecasts
01-15 00:26:00.614 D/Utils   ( 1374): [weatherCodeToIconRes] code --  lsup -- -1
01-15 00:26:00.614 D/Utils   ( 1374): time -- -1
01-15 00:26:05.688 D/dalvikvm( 1427): GC_EXPLICIT freed 1124 objects / 56992 bytes in 120ms
01-15 00:26:13.706 D/AndroidRuntime( 3180): 
01-15 00:26:13.706 D/AndroidRuntime( 3180): >>>>>>>>>>>>>> AndroidRuntime START <<<<<<<<<<<<<<
01-15 00:26:13.706 D/AndroidRuntime( 3180): CheckJNI is ON
01-15 00:26:13.818 D/AndroidRuntime( 3180): --- registering native functions ---
01-15 00:26:14.424 D/dalvikvm( 1760): GC_EXPLICIT freed 118 objects / 5640 bytes in 68ms
01-15 00:26:17.396 D/PackageParser( 1076): Scanning package: /data/app/vmdl31664.tmp
01-15 00:26:17.600 D/dalvikvm( 1076): GC_FOR_MALLOC freed 17109 objects / 831088 bytes in 179ms
01-15 00:26:18.084 D/data_storage_handler( 1076): free storage: 100460 > size: 30000
01-15 00:26:18.084 D/data_storage_handler( 1076): free storage: 100460 > size: 30000
01-15 00:26:18.084 I/PackageManager( 1076): Removing non-system package:cn.yo2.aquarium.example.bitmapvideooutput
01-15 00:26:18.084 I/PackageManager( 1076): checkAvailableStorage(30000) return ture
01-15 00:26:18.084 I/ActivityManager( 1076): Force stopping package cn.yo2.aquarium.example.bitmapvideooutput uid=10083
01-15 00:26:20.242 D/PackageManager( 1076): Scanning package cn.yo2.aquarium.example.bitmapvideooutput
01-15 00:26:20.246 I/PackageManager( 1076): Package cn.yo2.aquarium.example.bitmapvideooutput codePath changed from /data/app/cn.yo2.aquarium.example.bitmapvideooutput-2.apk to /data/app/cn.yo2.aquarium.example.bitmapvideooutput-1.apk; Retaining data and using new
01-15 00:26:20.248 I/PackageManager( 1076): /data/app/cn.yo2.aquarium.example.bitmapvideooutput-1.apk changed; unpacking
01-15 00:26:20.304 D/PackageManager( 1076): Caching shared lib lib/armeabi/libffmpeg.so
01-15 00:26:21.734 D/PackageManager( 1076): Caching shared lib lib/armeabi/libandroid_display.so
01-15 00:26:22.589 D/installd( 1020): DexInv: --- BEGIN '/data/app/cn.yo2.aquarium.example.bitmapvideooutput-1.apk' ---
01-15 00:26:22.892 D/dalvikvm( 3188): DexOpt: load 32ms, verify 54ms, opt 1ms
01-15 00:26:23.233 D/installd( 1020): DexInv: --- END '/data/app/cn.yo2.aquarium.example.bitmapvideooutput-1.apk' (success) ---
01-15 00:26:23.278 I/ActivityManager( 1076): Force stopping package cn.yo2.aquarium.example.bitmapvideooutput uid=10083
01-15 00:26:23.282 W/PackageManager( 1076): Code path for pkg : cn.yo2.aquarium.example.bitmapvideooutput changing from /data/app/cn.yo2.aquarium.example.bitmapvideooutput-2.apk to /data/app/cn.yo2.aquarium.example.bitmapvideooutput-1.apk
01-15 00:26:23.286 W/PackageManager( 1076): Resource path for pkg : cn.yo2.aquarium.example.bitmapvideooutput changing from /data/app/cn.yo2.aquarium.example.bitmapvideooutput-2.apk to /data/app/cn.yo2.aquarium.example.bitmapvideooutput-1.apk
01-15 00:26:23.290 D/PackageManager( 1076):   Activities: cn.yo2.aquarium.example.bitmapvideooutput.Main
01-15 00:26:23.874 I/installd( 1020): move /data/dalvik-cache/data@app@cn.yo2.aquarium.example.bitmapvideooutput-1.apk@classes.dex -> /data/dalvik-cache/data@app@cn.yo2.aquarium.example.bitmapvideooutput-1.apk@classes.dex
01-15 00:26:23.876 D/PackageManager( 1076): New package installed in /data/app/cn.yo2.aquarium.example.bitmapvideooutput-1.apk
01-15 00:26:24.302 I/ActivityManager( 1076): Force stopping package cn.yo2.aquarium.example.bitmapvideooutput uid=10083
01-15 00:26:24.466 D/dalvikvm( 1076): GC_EXPLICIT freed 9606 objects / 614992 bytes in 157ms
01-15 00:26:24.584 D/MonitorSver( 1167): Monitor package Change flag = 0
01-15 00:26:24.714 D/dalvikvm( 2688): GC_EXPLICIT freed 4802 objects / 245272 bytes in 199ms
01-15 00:26:24.724 D/MonitorSver( 1167): Monitor package Change flag = 4
01-15 00:26:24.982 D/dalvikvm( 1076): GC_EXPLICIT freed 3242 objects / 170496 bytes in 171ms
01-15 00:26:24.986 W/RecognitionManagerService( 1076): no available voice recognition services found
01-15 00:26:25.140 I/installd( 1020): unlink /data/dalvik-cache/data@app@cn.yo2.aquarium.example.bitmapvideooutput-2.apk@classes.dex
01-15 00:26:25.170 D/AndroidRuntime( 3180): Shutting down VM
01-15 00:26:25.172 D/dalvikvm( 3180): Debugger has detached; object registry had 1 entries
01-15 00:26:25.180 I/AndroidRuntime( 3180): NOTE: attach of thread 'Binder Thread #3' failed
01-15 00:26:25.564 D/InstallReceiver( 1784): cn.yo2.aquarium.example.bitmapvideooutput
01-15 00:26:25.882 D/AndroidRuntime( 3193): 
01-15 00:26:25.882 D/AndroidRuntime( 3193): >>>>>>>>>>>>>> AndroidRuntime START <<<<<<<<<<<<<<
01-15 00:26:25.886 D/AndroidRuntime( 3193): CheckJNI is ON
01-15 00:26:26.010 D/AndroidRuntime( 3193): --- registering native functions ---
01-15 00:26:26.680 I/ActivityManager( 1076): Starting activity: Intent { act=android.intent.action.MAIN cat=[android.intent.category.LAUNCHER] flg=0x10000000 cmp=cn.yo2.aquarium.example.bitmapvideooutput/.Main }
01-15 00:26:26.702 D/AndroidRuntime( 3193): Shutting down VM
01-15 00:26:26.706 D/jdwp    ( 3193): Got wake-up signal, bailing out of select
01-15 00:26:26.706 D/dalvikvm( 3193): Debugger has detached; object registry had 1 entries
01-15 00:26:26.722 I/AndroidRuntime( 3193): NOTE: attach of thread 'Binder Thread #3' failed
01-15 00:26:26.746 I/ActivityManager( 1076): Start proc cn.yo2.aquarium.example.bitmapvideooutput for activity cn.yo2.aquarium.example.bitmapvideooutput/.Main: pid=3201 uid=10083 gids={}
01-15 00:26:26.986 D/dalvikvm( 3201): Trying to load lib /data/data/cn.yo2.aquarium.example.bitmapvideooutput/lib/libffmpeg.so 0x45e07f90
01-15 00:26:26.990 D/dalvikvm( 3201): Added shared lib /data/data/cn.yo2.aquarium.example.bitmapvideooutput/lib/libffmpeg.so 0x45e07f90
01-15 00:26:26.990 D/dalvikvm( 3201): No JNI_OnLoad found in /data/data/cn.yo2.aquarium.example.bitmapvideooutput/lib/libffmpeg.so 0x45e07f90, skipping init
01-15 00:26:26.992 D/dalvikvm( 3201): Trying to load lib /data/data/cn.yo2.aquarium.example.bitmapvideooutput/lib/libandroid_display.so 0x45e07f90
01-15 00:26:26.994 D/dalvikvm( 3201): Added shared lib /data/data/cn.yo2.aquarium.example.bitmapvideooutput/lib/libandroid_display.so 0x45e07f90
01-15 00:26:26.994 I/        ( 3201): Enter JNI_OnLoad.....
01-15 00:26:26.994 I/        ( 3201): ms_set_jvm
01-15 00:26:26.994 I/        ( 3201): MSAndroidDisplay registered.
01-15 00:26:26.996 V/JNIHelp ( 3201): Registering cn/yo2/aquarium/example/bitmapvideooutput/AndroidVideoWindowImpl natives
01-15 00:26:27.214 W/BitmapVideoOutput( 3201): Video display surface created
01-15 00:26:27.222 I/BitmapVideoOutput( 3201): [ main: AndroidVideoWindowImpl.java: 36 ] - surfaceChanged - Surface is being changed.
01-15 00:26:27.298 D/dalvikvm( 3201): GC_EXTERNAL_ALLOC freed 1171 objects / 79704 bytes in 75ms
01-15 00:26:27.302 D/        ( 3201): android_display_set_window -->
01-15 00:26:27.306 D/BitmapVideoOutput( 3201): [ main: AndroidVideoWindowImpl.java: 75 ] - getBitmap - getBitmap enter...
01-15 00:26:27.306 D/        ( 3201): New java bitmap given with w=320,h=430,stride=640,format=4
01-15 00:26:27.306 W/BitmapVideoOutput( 3201): Video display surface changed
01-15 00:26:27.336 I/ActivityManager( 1076): Displayed activity cn.yo2.aquarium.example.bitmapvideooutput/.Main: 621 ms (total 621 ms)
01-15 00:26:27.386 I/ggheart ( 1167): onStop
01-15 00:26:32.482 D/dalvikvm( 1795): GC_EXPLICIT freed 83 objects / 3872 bytes in 97ms
01-15 00:26:37.524 D/dalvikvm( 1927): GC_EXPLICIT freed 101 objects / 4848 bytes in 134ms
01-15 00:26:42.490 D/dalvikvm( 1936): GC_EXPLICIT freed 145 objects / 8480 bytes in 98ms
01-15 00:26:47.502 D/dalvikvm( 1773): GC_EXPLICIT freed 3845 objects / 214952 bytes in 110ms
01-15 00:26:51.456 E/Tethering( 1076): active iface (usb0) reported as added, ignoring
01-15 00:26:56.526 D/dalvikvm( 1784): GC_EXPLICIT freed 199 objects / 10648 bytes in 98ms
01-15 00:26:59.906 D/SntpClient( 1076): request time failed: java.net.UnknownHostException: asia.pool.ntp.org
01-15 00:26:59.980 D/SntpClient( 1076): request time failed: java.net.UnknownHostException: asia.pool.ntp.org
01-15 00:26:59.982 D/SntpClient( 1076): request time failed: java.net.UnknownHostException: asia.pool.ntp.org
01-15 00:26:59.992 D/AlarmManager( 1076): *** setRepeating() triggerTime=1 Jan 1970 16:20:10 GMT,from android,needSetPMUAlarm=false,isShuting=false
01-15 00:26:59.994 D/AlarmManager( 1076): setRepeating() index=0
01-15 00:27:00.012 D/AlarmManager( 1076): *** setRepeating() triggerTime=14 Jan 2011 16:28:00 GMT,from android,needSetPMUAlarm=false,isShuting=false
01-15 00:27:00.012 D/AlarmManager( 1076): setRepeating() index=0
01-15 00:27:00.046 D/AlarmManager( 1076): *** setRepeating() triggerTime=1 Jan 1970 00:00:55 GMT,from com.mediawoz.goweather,needSetPMUAlarm=false,isShuting=false
01-15 00:27:00.046 D/AlarmManager( 1076): setRepeating() index=0
01-15 00:27:00.094 D/ClockUpdateService( 1374): mTimeTickReceiver[onReceive] intent -- Intent { act=android.intent.action.TIME_TICK flg=0x40000004 (has extras) }
01-15 00:27:00.120 D/Utils   ( 1374): [numberToImageRes] number -- 0
01-15 00:27:00.120 D/Utils   ( 1374): [numberToImageRes] number -- 2
01-15 00:27:00.120 D/Utils   ( 1374): [numberToImageRes] number -- 7
01-15 00:27:00.146 D/WeatherProvider( 1239): [query] uri -- content://com.pekall.provider.weather/cities/1
