01-14 14:29:07.365 W/InputManagerService( 1076): Window already focused, ignoring focus gain of: com.android.internal.view.IInputMethodClient$Stub$Proxy@460886a8
01-14 14:29:08.487 I/PackageManager( 1076): checkAvailableStorage(30000) return ture
01-14 14:29:08.491 I/ActivityManager( 1076): Force stopping package cn.yo2.aquarium.example.bitmapvideooutput uid=10083
01-14 14:29:08.791 I/PackageManager( 1076): Package cn.yo2.aquarium.example.bitmapvideooutput codePath changed from /data/app/cn.yo2.aquarium.example.bitmapvideooutput-1.apk to /data/app/cn.yo2.aquarium.example.bitmapvideooutput-2.apk; Retaining data and using new
01-14 14:29:09.975 I/ActivityManager( 1076): Force stopping package cn.yo2.aquarium.example.bitmapvideooutput uid=10083
01-14 14:29:09.977 W/PackageManager( 1076): Code path for pkg : cn.yo2.aquarium.example.bitmapvideooutput changing from /data/app/cn.yo2.aquarium.example.bitmapvideooutput-1.apk to /data/app/cn.yo2.aquarium.example.bitmapvideooutput-2.apk
01-14 14:29:09.979 W/PackageManager( 1076): Resource path for pkg : cn.yo2.aquarium.example.bitmapvideooutput changing from /data/app/cn.yo2.aquarium.example.bitmapvideooutput-1.apk to /data/app/cn.yo2.aquarium.example.bitmapvideooutput-2.apk
01-14 14:29:10.587 I/ActivityManager( 1076): Force stopping package cn.yo2.aquarium.example.bitmapvideooutput uid=10083
01-14 14:29:10.905 W/RecognitionManagerService( 1076): no available voice recognition services found
01-14 14:29:13.011 I/ActivityManager( 1076): Starting activity: Intent { act=android.intent.action.MAIN cat=[android.intent.category.LAUNCHER] flg=0x10000000 cmp=cn.yo2.aquarium.example.bitmapvideooutput/.Main }
01-14 14:29:13.113 I/ActivityManager( 1076): Start proc cn.yo2.aquarium.example.bitmapvideooutput for activity cn.yo2.aquarium.example.bitmapvideooutput/.Main: pid=2967 uid=10083 gids={}
01-14 14:29:19.633 I/ActivityManager( 1076): Process cn.yo2.aquarium.example.bitmapvideooutput (pid 2967) has died.
01-14 14:29:19.649 I/WindowManager( 1076): WIN DEATH: Window{45fea8f0 cn.yo2.aquarium.example.bitmapvideooutput/cn.yo2.aquarium.example.bitmapvideooutput.Main paused=false}
01-14 14:29:19.655 I/WindowManager( 1076): WIN DEATH: Window{46015068 SurfaceView paused=false}
01-14 14:29:19.705 I/UsageStats( 1076): Unexpected resume of com.gau.go.launcherex while already resumed in cn.yo2.aquarium.example.bitmapvideooutput
01-14 14:29:19.707 I/BootReceiver( 1076): Copying /data/tombstones/tombstone_06 to DropBox (SYSTEM_TOMBSTONE)
01-14 14:29:19.957 W/InputManagerService( 1076): Got RemoteException sending setActive(false) notification to pid 2967 uid 10083
01-14 14:34:24.393 I/PackageManager( 1076): checkAvailableStorage(30000) return ture
01-14 14:34:24.397 I/ActivityManager( 1076): Force stopping package cn.yo2.aquarium.example.bitmapvideooutput uid=10083
01-14 14:34:24.909 I/PackageManager( 1076): Package cn.yo2.aquarium.example.bitmapvideooutput codePath changed from /data/app/cn.yo2.aquarium.example.bitmapvideooutput-2.apk to /data/app/cn.yo2.aquarium.example.bitmapvideooutput-1.apk; Retaining data and using new
01-14 14:34:26.119 I/ActivityManager( 1076): Force stopping package cn.yo2.aquarium.example.bitmapvideooutput uid=10083
01-14 14:34:26.121 W/PackageManager( 1076): Code path for pkg : cn.yo2.aquarium.example.bitmapvideooutput changing from /data/app/cn.yo2.aquarium.example.bitmapvideooutput-2.apk to /data/app/cn.yo2.aquarium.example.bitmapvideooutput-1.apk
01-14 14:34:26.123 W/PackageManager( 1076): Resource path for pkg : cn.yo2.aquarium.example.bitmapvideooutput changing from /data/app/cn.yo2.aquarium.example.bitmapvideooutput-2.apk to /data/app/cn.yo2.aquarium.example.bitmapvideooutput-1.apk
01-14 14:34:26.763 I/ActivityManager( 1076): Force stopping package cn.yo2.aquarium.example.bitmapvideooutput uid=10083
01-14 14:34:27.115 W/RecognitionManagerService( 1076): no available voice recognition services found
01-14 14:34:29.137 I/ActivityManager( 1076): Starting activity: Intent { act=android.intent.action.MAIN cat=[android.intent.category.LAUNCHER] flg=0x10000000 cmp=cn.yo2.aquarium.example.bitmapvideooutput/.Main }
01-14 14:34:29.209 I/ActivityManager( 1076): Start proc cn.yo2.aquarium.example.bitmapvideooutput for activity cn.yo2.aquarium.example.bitmapvideooutput/.Main: pid=3009 uid=10083 gids={}
01-14 14:34:35.625 I/ActivityManager( 1076): Process cn.yo2.aquarium.example.bitmapvideooutput (pid 3009) has died.
01-14 14:34:35.627 I/WindowManager( 1076): WIN DEATH: Window{45fb9620 cn.yo2.aquarium.example.bitmapvideooutput/cn.yo2.aquarium.example.bitmapvideooutput.Main paused=false}
01-14 14:34:35.647 I/WindowManager( 1076): WIN DEATH: Window{45ffb290 SurfaceView paused=false}
01-14 14:34:35.693 I/UsageStats( 1076): Unexpected resume of com.gau.go.launcherex while already resumed in cn.yo2.aquarium.example.bitmapvideooutput
01-14 14:34:35.703 I/BootReceiver( 1076): Copying /data/tombstones/tombstone_06 to DropBox (SYSTEM_TOMBSTONE)
01-14 14:34:35.989 W/InputManagerService( 1076): Got RemoteException sending setActive(false) notification to pid 3009 uid 10083
01-14 14:37:06.761 I/ActivityManager( 1076): Starting activity: Intent { act=android.intent.action.VIEW dat=http://www.google.com flg=0x10000000 cmp=android/com.android.internal.app.ResolverActivity }
01-14 14:52:23.579 D/StatusBar( 1076): DISABLE_EXPAND: yes
01-14 14:52:25.991 W/WindowManager( 1076): No focus window, dropping trackball: MotionEvent{4607be00 action=2 x=-0.16666667 y=0.0 pressure=1.0 size=0.0}
01-14 14:52:28.415 W/InputManagerService( 1076): Window already focused, ignoring focus gain of: com.android.internal.view.IInputMethodClient$Stub$Proxy@45fd0b58
01-14 14:52:29.397 I/ActivityManager( 1076): Starting activity: Intent { act=android.intent.action.VIEW dat=http://www.google.com flg=0x10000000 cmp=android/com.android.internal.app.ResolverActivity }
01-14 14:52:44.435 W/InputManagerService( 1076): Window already focused, ignoring focus gain of: com.android.internal.view.IInputMethodClient$Stub$Proxy@45fb2608
01-14 14:52:46.351 W/Vold    ( 1011): Ignoring unknown switch 'usb_configuration'
01-14 14:52:46.365 I/StorageSdEvent( 2375): UMS connection changed to false (media state mounted)
01-14 14:52:46.373 I/StorageNotification( 1076): UMS connection changed to false (media state mounted)
01-14 14:52:46.383 D/VoldCmdListener( 1011): volume unshare /mnt/sdcard ums
01-14 14:52:46.385 W/Vold    ( 1011): Returning OperationFailed - no handler for errno 22
01-14 14:52:46.455 E/MountService( 1076): Failed to share/unshare
01-14 14:52:46.455 E/MountService( 1076): com.android.server.NativeDaemonConnectorException: Cmd {volume unshare /mnt/sdcard ums} failed with code 400 : {volume operation failed (Invalid argument)}
01-14 14:52:46.455 E/MountService( 1076): 	at com.android.server.NativeDaemonConnector.doCommand(NativeDaemonConnector.java:247)
01-14 14:52:46.455 E/MountService( 1076): 	at com.android.server.MountService.doShareUnshareVolume(MountService.java:366)
01-14 14:52:46.455 E/MountService( 1076): 	at com.android.server.MountService.setUsbMassStorageEnabled(MountService.java:1030)
01-14 14:52:46.455 E/MountService( 1076): 	at android.os.storage.IMountService$Stub.onTransact(IMountService.java:82)
01-14 14:52:46.455 E/MountService( 1076): 	at android.os.Binder.execTransact(Binder.java:288)
01-14 14:52:46.455 E/MountService( 1076): 	at dalvik.system.NativeStart.run(Native Method)
01-14 14:52:46.459 D/VoldCmdListener( 1011): volume mount /mnt/sdcard
01-14 14:52:46.469 E/MountService( 1076): Failed to remount /mnt/sdcard after disabling share method ums
01-14 14:52:55.589 D/ConnectivityServiceExt( 1076): getMobileDataEnabled returning false
01-14 14:52:56.891 W/InputManagerService( 1076): Window already focused, ignoring focus gain of: com.android.internal.view.IInputMethodClient$Stub$Proxy@46094158
01-14 14:54:05.287 W/Vold    ( 1011): Ignoring unknown switch 'sd-door'
01-14 14:54:05.317 W/Vold    ( 1011): Ignoring unknown switch 'sd-door'
01-14 14:54:06.705 W/Vold    ( 1011): Ignoring unknown switch 'sd-door'
01-14 14:54:06.705 W/Vold    ( 1011): Ignoring unknown switch 'sd-door'
01-14 14:54:07.187 D/StatusBar( 1076): DISABLE_EXPAND: yes
01-14 16:30:01.044 W/Vold    ( 1011): Ignoring unknown switch 'sd-door'
01-14 16:30:01.044 W/Vold    ( 1011): Ignoring unknown switch 'sd-door'
01-14 16:30:01.442 D/ConnectivityServiceExt( 1076): don't find feature user for this pid:1239
01-14 16:30:01.444 D/ConnectivityServiceExt( 1076): don't find feature user for this pid:1239
01-14 16:30:01.536 D/ConnectivityServiceExt( 1076): don't find feature user for this pid:1239
01-14 16:30:01.544 D/ConnectivityServiceExt( 1076): don't find feature user for this pid:1239
01-14 16:30:01.654 D/ConnectivityServiceExt( 1076): don't find feature user for this pid:1239
01-14 16:30:01.656 D/ConnectivityServiceExt( 1076): don't find feature user for this pid:1239
01-14 16:30:01.660 I/ActivityManager( 1076): Start proc android.process.media for content provider com.android.providers.media/.MediaProvider: pid=3060 uid=10002 gids={1015, 2001, 3003}
01-14 16:30:01.784 D/ConnectivityServiceExt( 1076): don't find feature user for this pid:1239
01-14 16:30:01.786 D/ConnectivityServiceExt( 1076): don't find feature user for this pid:1239
01-14 16:31:02.039 W/Vold    ( 1011): Ignoring unknown switch 'sd-door'
01-14 16:31:02.039 W/Vold    ( 1011): Ignoring unknown switch 'sd-door'
01-14 16:31:02.323 D/ConnectivityServiceExt( 1076): don't find feature user for this pid:1239
01-14 16:31:02.327 D/ConnectivityServiceExt( 1076): don't find feature user for this pid:1239
01-14 16:31:02.407 D/ConnectivityServiceExt( 1076): don't find feature user for this pid:1239
01-14 16:31:02.409 D/ConnectivityServiceExt( 1076): don't find feature user for this pid:1239
01-14 16:31:02.435 D/ConnectivityServiceExt( 1076): don't find feature user for this pid:1239
01-14 16:31:02.437 D/ConnectivityServiceExt( 1076): don't find feature user for this pid:1239
01-14 16:31:02.461 D/ConnectivityServiceExt( 1076): don't find feature user for this pid:1239
01-14 16:31:02.463 D/ConnectivityServiceExt( 1076): don't find feature user for this pid:1239
01-14 20:20:50.033 W/Vold    ( 1011): Ignoring unknown switch 'sd-door'
01-14 20:20:50.033 W/Vold    ( 1011): Ignoring unknown switch 'sd-door'
01-14 23:21:00.035 W/Vold    ( 1011): Ignoring unknown switch 'sd-door'
01-14 23:21:00.035 W/Vold    ( 1011): Ignoring unknown switch 'sd-door'
01-14 23:43:28.035 W/Vold    ( 1011): Ignoring unknown switch 'sd-door'
01-14 23:43:28.035 W/Vold    ( 1011): Ignoring unknown switch 'sd-door'
01-14 23:43:41.035 W/Vold    ( 1011): Ignoring unknown switch 'sd-door'
01-14 23:43:41.035 W/Vold    ( 1011): Ignoring unknown switch 'sd-door'
01-14 23:44:06.035 W/Vold    ( 1011): Ignoring unknown switch 'sd-door'
01-14 23:44:06.035 W/Vold    ( 1011): Ignoring unknown switch 'sd-door'
01-14 23:44:37.031 W/Vold    ( 1011): Ignoring unknown switch 'sd-door'
01-14 23:44:37.031 W/Vold    ( 1011): Ignoring unknown switch 'sd-door'
01-14 23:45:01.031 W/Vold    ( 1011): Ignoring unknown switch 'sd-door'
01-14 23:45:01.031 W/Vold    ( 1011): Ignoring unknown switch 'sd-door'
01-15 00:16:58.999 W/Vold    ( 1011): Ignoring unknown switch 'sd-door'
01-15 00:16:58.999 W/Vold    ( 1011): Ignoring unknown switch 'sd-door'
01-15 00:16:59.559 W/WindowManager( 1076): No focus window, dropping: KeyEvent{action=1 code=26 repeat=0 meta=0 scancode=116 mFlags=8}
01-15 00:17:00.805 W/InputManagerService( 1076): Window already focused, ignoring focus gain of: com.android.internal.view.IInputMethodClient$Stub$Proxy@45fd40f8
01-15 00:17:13.729 W/Vold    ( 1011): Ignoring unknown switch 'usb_configuration'
01-15 00:17:13.747 I/StorageSdEvent( 2375): UMS connection changed to true (media state mounted)
01-15 00:17:13.751 I/StorageNotification( 1076): UMS connection changed to true (media state mounted)
01-15 00:17:13.787 D/VoldCmdListener( 1011): volume unshare /mnt/sdcard ums
01-15 00:17:13.787 W/Vold    ( 1011): Returning OperationFailed - no handler for errno 22
01-15 00:17:13.811 E/MountService( 1076): Failed to share/unshare
01-15 00:17:13.811 E/MountService( 1076): com.android.server.NativeDaemonConnectorException: Cmd {volume unshare /mnt/sdcard ums} failed with code 400 : {volume operation failed (Invalid argument)}
01-15 00:17:13.811 E/MountService( 1076): 	at com.android.server.NativeDaemonConnector.doCommand(NativeDaemonConnector.java:247)
01-15 00:17:13.811 E/MountService( 1076): 	at com.android.server.MountService.doShareUnshareVolume(MountService.java:366)
01-15 00:17:13.811 E/MountService( 1076): 	at com.android.server.MountService.setUsbMassStorageEnabled(MountService.java:1030)
01-15 00:17:13.811 E/MountService( 1076): 	at android.os.storage.IMountService$Stub.onTransact(IMountService.java:82)
01-15 00:17:13.811 E/MountService( 1076): 	at android.os.Binder.execTransact(Binder.java:288)
01-15 00:17:13.811 E/MountService( 1076): 	at dalvik.system.NativeStart.run(Native Method)
01-15 00:17:13.813 D/VoldCmdListener( 1011): volume mount /mnt/sdcard
01-15 00:17:13.829 E/MountService( 1076): Failed to remount /mnt/sdcard after disabling share method ums
01-15 00:17:28.397 I/PackageManager( 1076): checkAvailableStorage(30000) return ture
01-15 00:17:28.403 I/ActivityManager( 1076): Force stopping package cn.yo2.aquarium.example.bitmapvideooutput uid=10083
01-15 00:17:28.845 I/PackageManager( 1076): Package cn.yo2.aquarium.example.bitmapvideooutput codePath changed from /data/app/cn.yo2.aquarium.example.bitmapvideooutput-1.apk to /data/app/cn.yo2.aquarium.example.bitmapvideooutput-2.apk; Retaining data and using new
01-15 00:17:30.109 I/ActivityManager( 1076): Force stopping package cn.yo2.aquarium.example.bitmapvideooutput uid=10083
01-15 00:17:30.113 W/PackageManager( 1076): Code path for pkg : cn.yo2.aquarium.example.bitmapvideooutput changing from /data/app/cn.yo2.aquarium.example.bitmapvideooutput-1.apk to /data/app/cn.yo2.aquarium.example.bitmapvideooutput-2.apk
01-15 00:17:30.115 W/PackageManager( 1076): Resource path for pkg : cn.yo2.aquarium.example.bitmapvideooutput changing from /data/app/cn.yo2.aquarium.example.bitmapvideooutput-1.apk to /data/app/cn.yo2.aquarium.example.bitmapvideooutput-2.apk
01-15 00:17:30.983 I/ActivityManager( 1076): Force stopping package cn.yo2.aquarium.example.bitmapvideooutput uid=10083
01-15 00:17:31.503 W/RecognitionManagerService( 1076): no available voice recognition services found
01-15 00:17:33.345 I/ActivityManager( 1076): Starting activity: Intent { act=android.intent.action.MAIN cat=[android.intent.category.LAUNCHER] flg=0x10000000 cmp=cn.yo2.aquarium.example.bitmapvideooutput/.Main }
01-15 00:17:33.447 I/ActivityManager( 1076): Start proc cn.yo2.aquarium.example.bitmapvideooutput for activity cn.yo2.aquarium.example.bitmapvideooutput/.Main: pid=3113 uid=10083 gids={}
01-15 00:18:59.081 W/Vold    ( 1011): Ignoring unknown switch 'usb_configuration'
01-15 00:18:59.095 I/StorageSdEvent( 2375): UMS connection changed to false (media state mounted)
01-15 00:18:59.109 D/VoldCmdListener( 1011): volume unshare /mnt/sdcard ums
01-15 00:18:59.109 W/Vold    ( 1011): Returning OperationFailed - no handler for errno 22
01-15 00:18:59.111 I/StorageNotification( 1076): UMS connection changed to false (media state mounted)
01-15 00:18:59.157 E/MountService( 1076): Failed to share/unshare
01-15 00:18:59.157 E/MountService( 1076): com.android.server.NativeDaemonConnectorException: Cmd {volume unshare /mnt/sdcard ums} failed with code 400 : {volume operation failed (Invalid argument)}
01-15 00:18:59.157 E/MountService( 1076): 	at com.android.server.NativeDaemonConnector.doCommand(NativeDaemonConnector.java:247)
01-15 00:18:59.157 E/MountService( 1076): 	at com.android.server.MountService.doShareUnshareVolume(MountService.java:366)
01-15 00:18:59.157 E/MountService( 1076): 	at com.android.server.MountService.setUsbMassStorageEnabled(MountService.java:1030)
01-15 00:18:59.157 E/MountService( 1076): 	at android.os.storage.IMountService$Stub.onTransact(IMountService.java:82)
01-15 00:18:59.157 E/MountService( 1076): 	at android.os.Binder.execTransact(Binder.java:288)
01-15 00:18:59.157 E/MountService( 1076): 	at dalvik.system.NativeStart.run(Native Method)
01-15 00:18:59.169 D/VoldCmdListener( 1011): volume mount /mnt/sdcard
01-15 00:18:59.177 E/MountService( 1076): Failed to remount /mnt/sdcard after disabling share method ums
--------- beginning of /dev/log/main
01-15 00:20:00.675 D/        ( 3113): av_read_frame
01-15 00:20:00.683 D/        ( 3113): avcodec_decode_video2
01-15 00:20:00.683 I/        ( 3113): ms_get_jni_env
01-15 00:20:00.745 D/BitmapVideoOutput( 3113): [ Thread-10: AndroidVideoWindowImpl.java: 81 ] - update - update enter...
01-15 00:20:00.753 D/        ( 3113): av_read_frame
01-15 00:20:00.757 D/        ( 3113): avcodec_decode_video2
01-15 00:20:00.757 I/        ( 3113): ms_get_jni_env
01-15 00:20:00.819 D/BitmapVideoOutput( 3113): [ Thread-10: AndroidVideoWindowImpl.java: 81 ] - update - update enter...
01-15 00:20:00.827 D/        ( 3113): av_read_frame
01-15 00:20:00.833 D/        ( 3113): avcodec_decode_video2
01-15 00:20:00.833 I/        ( 3113): ms_get_jni_env
01-15 00:20:00.895 D/BitmapVideoOutput( 3113): [ Thread-10: AndroidVideoWindowImpl.java: 81 ] - update - update enter...
01-15 00:20:00.903 D/        ( 3113): av_read_frame
01-15 00:20:00.909 D/        ( 3113): avcodec_decode_video2
01-15 00:20:00.909 I/        ( 3113): ms_get_jni_env
01-15 00:20:00.971 D/BitmapVideoOutput( 3113): [ Thread-10: AndroidVideoWindowImpl.java: 81 ] - update - update enter...
01-15 00:20:00.979 D/        ( 3113): av_read_frame
01-15 00:20:00.983 D/        ( 3113): avcodec_decode_video2
01-15 00:20:00.983 I/        ( 3113): ms_get_jni_env
01-15 00:20:01.045 D/BitmapVideoOutput( 3113): [ Thread-10: AndroidVideoWindowImpl.java: 81 ] - update - update enter...
01-15 00:20:01.053 D/        ( 3113): av_read_frame
01-15 00:20:01.057 D/        ( 3113): avcodec_decode_video2
01-15 00:20:01.057 I/        ( 3113): ms_get_jni_env
01-15 00:20:01.121 D/BitmapVideoOutput( 3113): [ Thread-10: AndroidVideoWindowImpl.java: 81 ] - update - update enter...
01-15 00:20:01.127 D/        ( 3113): av_read_frame
01-15 00:20:01.133 D/        ( 3113): avcodec_decode_video2
01-15 00:20:01.133 I/        ( 3113): ms_get_jni_env
01-15 00:20:01.195 D/BitmapVideoOutput( 3113): [ Thread-10: AndroidVideoWindowImpl.java: 81 ] - update - update enter...
01-15 00:20:01.201 D/        ( 3113): av_read_frame
01-15 00:20:01.203 D/        ( 3113): av_read_frame
01-15 00:20:01.203 D/        ( 3113): av_read_frame
01-15 00:20:01.203 D/        ( 3113): av_read_frame
01-15 00:20:01.203 D/        ( 3113): av_read_frame
01-15 00:20:01.203 D/        ( 3113): av_read_frame
01-15 00:20:01.203 D/        ( 3113): av_read_frame
01-15 00:20:01.203 D/        ( 3113): av_read_frame
01-15 00:20:01.203 D/        ( 3113): av_read_frame
01-15 00:20:01.203 D/        ( 3113): av_read_frame
01-15 00:20:01.203 D/        ( 3113): av_read_frame
01-15 00:20:01.203 D/        ( 3113): av_read_frame
01-15 00:20:01.203 D/        ( 3113): av_read_frame
01-15 00:20:01.203 D/        ( 3113): av_read_frame
01-15 00:20:01.203 D/        ( 3113): av_read_frame
01-15 00:20:01.203 D/        ( 3113): av_read_frame
01-15 00:20:01.207 D/        ( 3113): avcodec_decode_video2
01-15 00:20:01.207 I/        ( 3113): ms_get_jni_env
01-15 00:20:01.271 D/BitmapVideoOutput( 3113): [ Thread-10: AndroidVideoWindowImpl.java: 81 ] - update - update enter...
01-15 00:20:01.279 D/        ( 3113): av_read_frame
01-15 00:20:01.283 D/        ( 3113): avcodec_decode_video2
01-15 00:20:01.283 I/        ( 3113): ms_get_jni_env
01-15 00:20:01.345 D/BitmapVideoOutput( 3113): [ Thread-10: AndroidVideoWindowImpl.java: 81 ] - update - update enter...
01-15 00:20:01.353 D/        ( 3113): av_read_frame
01-15 00:20:01.357 D/        ( 3113): avcodec_decode_video2
01-15 00:20:01.357 I/        ( 3113): ms_get_jni_env
01-15 00:20:01.419 D/BitmapVideoOutput( 3113): [ Thread-10: AndroidVideoWindowImpl.java: 81 ] - update - update enter...
01-15 00:20:01.427 D/        ( 3113): av_read_frame
01-15 00:20:01.431 D/        ( 3113): avcodec_decode_video2
01-15 00:20:01.431 I/        ( 3113): ms_get_jni_env
01-15 00:20:01.493 D/BitmapVideoOutput( 3113): [ Thread-10: AndroidVideoWindowImpl.java: 81 ] - update - update enter...
01-15 00:20:01.499 D/        ( 3113): av_read_frame
01-15 00:20:01.505 D/        ( 3113): avcodec_decode_video2
01-15 00:20:01.505 I/        ( 3113): ms_get_jni_env
01-15 00:20:01.567 D/BitmapVideoOutput( 3113): [ Thread-10: AndroidVideoWindowImpl.java: 81 ] - update - update enter...
01-15 00:20:01.575 D/        ( 3113): av_read_frame
01-15 00:20:01.579 D/        ( 3113): avcodec_decode_video2
01-15 00:20:01.579 I/        ( 3113): ms_get_jni_env
01-15 00:20:01.641 D/BitmapVideoOutput( 3113): [ Thread-10: AndroidVideoWindowImpl.java: 81 ] - update - update enter...
01-15 00:20:01.649 D/        ( 3113): av_read_frame
01-15 00:20:01.653 D/        ( 3113): avcodec_decode_video2
01-15 00:20:01.653 I/        ( 3113): ms_get_jni_env
01-15 00:20:01.715 D/BitmapVideoOutput( 3113): [ Thread-10: AndroidVideoWindowImpl.java: 81 ] - update - update enter...
01-15 00:20:01.721 D/        ( 3113): av_read_frame
01-15 00:20:01.725 D/        ( 3113): avcodec_decode_video2
01-15 00:20:01.725 I/        ( 3113): ms_get_jni_env
01-15 00:20:01.789 D/BitmapVideoOutput( 3113): [ Thread-10: AndroidVideoWindowImpl.java: 81 ] - update - update enter...
01-15 00:20:01.795 D/        ( 3113): av_read_frame
01-15 00:20:01.795 D/        ( 3113): av_read_frame
01-15 00:20:01.795 D/        ( 3113): av_read_frame
01-15 00:20:01.795 D/        ( 3113): av_read_frame
01-15 00:20:01.795 D/        ( 3113): av_read_frame
01-15 00:20:01.795 D/        ( 3113): av_read_frame
01-15 00:20:01.795 D/        ( 3113): av_read_frame
01-15 00:20:01.795 D/        ( 3113): av_read_frame
01-15 00:20:01.795 D/        ( 3113): av_read_frame
01-15 00:20:01.797 D/        ( 3113): av_read_frame
01-15 00:20:01.797 D/        ( 3113): av_read_frame
01-15 00:20:01.797 D/        ( 3113): av_read_frame
01-15 00:20:01.797 D/        ( 3113): av_read_frame
01-15 00:20:01.797 D/        ( 3113): av_read_frame
01-15 00:20:01.797 D/        ( 3113): av_read_frame
01-15 00:20:01.797 D/        ( 3113): av_read_frame
01-15 00:20:01.801 D/        ( 3113): avcodec_decode_video2
01-15 00:20:01.801 I/        ( 3113): ms_get_jni_env
01-15 00:20:01.863 D/BitmapVideoOutput( 3113): [ Thread-10: AndroidVideoWindowImpl.java: 81 ] - update - update enter...
01-15 00:20:01.871 D/        ( 3113): av_read_frame
01-15 00:20:01.875 D/        ( 3113): avcodec_decode_video2
01-15 00:20:01.875 I/        ( 3113): ms_get_jni_env
01-15 00:20:01.937 D/BitmapVideoOutput( 3113): [ Thread-10: AndroidVideoWindowImpl.java: 81 ] - update - update enter...
01-15 00:20:01.943 D/        ( 3113): av_read_frame
01-15 00:20:01.947 D/        ( 3113): avcodec_decode_video2
01-15 00:20:01.947 I/        ( 3113): ms_get_jni_env
01-15 00:20:02.173 E/Tethering( 1076): attempting to remove unknown iface (usb0), ignoring
01-15 00:20:02.175 D/dalvikvm( 3113): GC_FOR_MALLOC freed 15336 objects / 787528 bytes in 164ms
01-15 00:20:02.175 D/BitmapVideoOutput( 3113): [ Thread-10: AndroidVideoWindowImpl.java: 81 ] - update - update enter...
01-15 00:20:02.185 D/        ( 3113): av_read_frame
01-15 00:20:02.189 D/        ( 3113): avcodec_decode_video2
01-15 00:20:02.189 I/        ( 3113): ms_get_jni_env
01-15 00:20:02.251 D/BitmapVideoOutput( 3113): [ Thread-10: AndroidVideoWindowImpl.java: 81 ] - update - update enter...
01-15 00:20:02.259 D/        ( 3113): av_read_frame
01-15 00:20:02.263 D/        ( 3113): avcodec_decode_video2
01-15 00:20:02.263 I/        ( 3113): ms_get_jni_env
01-15 00:20:02.325 D/BitmapVideoOutput( 3113): [ Thread-10: AndroidVideoWindowImpl.java: 81 ] - update - update enter...
01-15 00:20:02.333 D/        ( 3113): av_read_frame
01-15 00:20:02.337 D/        ( 3113): avcodec_decode_video2
01-15 00:20:02.337 I/        ( 3113): ms_get_jni_env
01-15 00:20:02.399 D/BitmapVideoOutput( 3113): [ Thread-10: AndroidVideoWindowImpl.java: 81 ] - update - update enter...
01-15 00:20:02.407 D/        ( 3113): av_read_frame
01-15 00:20:02.411 D/        ( 3113): avcodec_decode_video2
01-15 00:20:02.411 I/        ( 3113): ms_get_jni_env
01-15 00:20:02.473 D/BitmapVideoOutput( 3113): [ Thread-10: AndroidVideoWindowImpl.java: 81 ] - update - update enter...
01-15 00:20:02.479 D/        ( 3113): av_read_frame
01-15 00:20:02.481 D/        ( 3113): av_read_frame
01-15 00:20:02.481 D/        ( 3113): av_read_frame
01-15 00:20:02.481 D/        ( 3113): av_read_frame
01-15 00:20:02.481 D/        ( 3113): av_read_frame
01-15 00:20:02.481 D/        ( 3113): av_read_frame
01-15 00:20:02.481 D/        ( 3113): av_read_frame
01-15 00:20:02.481 D/        ( 3113): av_read_frame
01-15 00:20:02.481 D/        ( 3113): av_read_frame
01-15 00:20:02.481 D/        ( 3113): av_read_frame
01-15 00:20:02.481 D/        ( 3113): av_read_frame
01-15 00:20:02.481 D/        ( 3113): av_read_frame
01-15 00:20:02.481 D/        ( 3113): av_read_frame
01-15 00:20:02.481 D/        ( 3113): av_read_frame
01-15 00:20:02.481 D/        ( 3113): av_read_frame
01-15 00:20:02.485 D/        ( 3113): avcodec_decode_video2
01-15 00:20:02.485 I/        ( 3113): ms_get_jni_env
01-15 00:20:02.547 D/BitmapVideoOutput( 3113): [ Thread-10: AndroidVideoWindowImpl.java: 81 ] - update - update enter...
01-15 00:20:02.555 D/        ( 3113): av_read_frame
01-15 00:20:02.557 D/        ( 3113): avcodec_decode_video2
01-15 00:20:02.557 I/        ( 3113): ms_get_jni_env
01-15 00:20:02.621 D/BitmapVideoOutput( 3113): [ Thread-10: AndroidVideoWindowImpl.java: 81 ] - update - update enter...
01-15 00:20:02.627 D/        ( 3113): av_read_frame
01-15 00:20:02.631 D/        ( 3113): avcodec_decode_video2
01-15 00:20:02.631 I/        ( 3113): ms_get_jni_env
01-15 00:20:02.695 D/BitmapVideoOutput( 3113): [ Thread-10: AndroidVideoWindowImpl.java: 81 ] - update - update enter...
01-15 00:20:02.701 D/        ( 3113): av_read_frame
01-15 00:20:02.705 D/        ( 3113): avcodec_decode_video2
01-15 00:20:02.705 I/        ( 3113): ms_get_jni_env
01-15 00:20:02.769 D/BitmapVideoOutput( 3113): [ Thread-10: AndroidVideoWindowImpl.java: 81 ] - update - update enter...
01-15 00:20:02.775 D/        ( 3113): av_read_frame
01-15 00:20:02.779 D/        ( 3113): avcodec_decode_video2
01-15 00:20:02.779 I/        ( 3113): ms_get_jni_env
01-15 00:20:02.841 D/BitmapVideoOutput( 3113): [ Thread-10: AndroidVideoWindowImpl.java: 81 ] - update - update enter...
01-15 00:20:02.849 D/        ( 3113): av_read_frame
01-15 00:20:02.853 D/        ( 3113): avcodec_decode_video2
01-15 00:20:02.853 I/        ( 3113): ms_get_jni_env
01-15 00:20:02.917 D/BitmapVideoOutput( 3113): [ Thread-10: AndroidVideoWindowImpl.java: 81 ] - update - update enter...
01-15 00:20:02.923 D/        ( 3113): av_read_frame
01-15 00:20:02.927 D/        ( 3113): avcodec_decode_video2
01-15 00:20:02.927 I/        ( 3113): ms_get_jni_env
01-15 00:20:02.991 D/BitmapVideoOutput( 3113): [ Thread-10: AndroidVideoWindowImpl.java: 81 ] - update - update enter...
01-15 00:20:02.997 D/        ( 3113): av_read_frame
01-15 00:20:03.001 D/        ( 3113): avcodec_decode_video2
01-15 00:20:03.001 I/        ( 3113): ms_get_jni_env
01-15 00:20:03.063 D/BitmapVideoOutput( 3113): [ Thread-10: AndroidVideoWindowImpl.java: 81 ] - update - update enter...
01-15 00:20:03.071 D/        ( 3113): av_read_frame
01-15 00:20:03.071 D/        ( 3113): av_read_frame
01-15 00:20:03.071 D/        ( 3113): av_read_frame
01-15 00:20:03.071 D/        ( 3113): av_read_frame
01-15 00:20:03.071 D/        ( 3113): av_read_frame
01-15 00:20:03.071 D/        ( 3113): av_read_frame
01-15 00:20:03.071 D/        ( 3113): av_read_frame
01-15 00:20:03.071 D/        ( 3113): av_read_frame
01-15 00:20:03.071 D/        ( 3113): av_read_frame
01-15 00:20:03.071 D/        ( 3113): av_read_frame
01-15 00:20:03.071 D/        ( 3113): av_read_frame
01-15 00:20:03.071 D/        ( 3113): av_read_frame
01-15 00:20:03.071 D/        ( 3113): av_read_frame
01-15 00:20:03.071 D/        ( 3113): av_read_frame
01-15 00:20:03.071 D/        ( 3113): av_read_frame
01-15 00:20:03.071 D/        ( 3113): av_read_frame
01-15 00:20:03.073 D/        ( 3113): av_read_frame
01-15 00:20:03.075 D/        ( 3113): avcodec_decode_video2
01-15 00:20:03.075 I/        ( 3113): ms_get_jni_env
01-15 00:20:03.137 D/BitmapVideoOutput( 3113): [ Thread-10: AndroidVideoWindowImpl.java: 81 ] - update - update enter...
01-15 00:20:03.145 D/        ( 3113): av_read_frame
01-15 00:20:03.149 D/        ( 3113): avcodec_decode_video2
01-15 00:20:03.149 I/        ( 3113): ms_get_jni_env
01-15 00:20:03.211 D/BitmapVideoOutput( 3113): [ Thread-10: AndroidVideoWindowImpl.java: 81 ] - update - update enter...
01-15 00:20:03.217 D/        ( 3113): av_read_frame
01-15 00:20:03.221 D/        ( 3113): avcodec_decode_video2
01-15 00:20:03.221 I/        ( 3113): ms_get_jni_env
01-15 00:20:03.285 D/BitmapVideoOutput( 3113): [ Thread-10: AndroidVideoWindowImpl.java: 81 ] - update - update enter...
01-15 00:20:03.291 D/        ( 3113): av_read_frame
01-15 00:20:03.295 D/        ( 3113): avcodec_decode_video2
01-15 00:20:03.295 I/        ( 3113): ms_get_jni_env
01-15 00:20:03.359 D/BitmapVideoOutput( 3113): [ Thread-10: AndroidVideoWindowImpl.java: 81 ] - update - update enter...
01-15 00:20:03.365 D/        ( 3113): av_read_frame
01-15 00:20:03.369 D/        ( 3113): avcodec_decode_video2
01-15 00:20:03.369 I/        ( 3113): ms_get_jni_env
01-15 00:20:03.433 D/BitmapVideoOutput( 3113): [ Thread-10: AndroidVideoWindowImpl.java: 81 ] - update - update enter...
01-15 00:20:03.439 D/        ( 3113): av_read_frame
01-15 00:20:03.443 D/        ( 3113): avcodec_decode_video2
01-15 00:20:03.443 I/        ( 3113): ms_get_jni_env
01-15 00:20:03.505 D/BitmapVideoOutput( 3113): [ Thread-10: AndroidVideoWindowImpl.java: 81 ] - update - update enter...
01-15 00:20:03.513 D/        ( 3113): av_read_frame
01-15 00:20:03.517 D/        ( 3113): avcodec_decode_video2
01-15 00:20:03.517 I/        ( 3113): ms_get_jni_env
01-15 00:20:03.579 D/BitmapVideoOutput( 3113): [ Thread-10: AndroidVideoWindowImpl.java: 81 ] - update - update enter...
01-15 00:20:03.585 D/        ( 3113): av_read_frame
01-15 00:20:03.585 D/        ( 3113): av_read_frame
01-15 00:20:03.587 D/        ( 3113): av_read_frame
01-15 00:20:03.587 D/        ( 3113): av_read_frame
01-15 00:20:03.587 D/        ( 3113): av_read_frame
01-15 00:20:03.587 D/        ( 3113): av_read_frame
01-15 00:20:03.587 D/        ( 3113): av_read_frame
01-15 00:20:03.587 D/        ( 3113): av_read_frame
01-15 00:20:03.587 D/        ( 3113): av_read_frame
01-15 00:20:03.587 D/        ( 3113): av_read_frame
01-15 00:20:03.587 D/        ( 3113): av_read_frame
01-15 00:20:03.587 D/        ( 3113): av_read_frame
01-15 00:20:03.587 D/        ( 3113): av_read_frame
01-15 00:20:03.587 D/        ( 3113): av_read_frame
01-15 00:20:03.587 D/        ( 3113): av_read_frame
01-15 00:20:03.587 D/        ( 3113): av_read_frame
01-15 00:20:03.591 D/        ( 3113): avcodec_decode_video2
01-15 00:20:03.591 I/        ( 3113): ms_get_jni_env
01-15 00:20:03.653 D/BitmapVideoOutput( 3113): [ Thread-10: AndroidVideoWindowImpl.java: 81 ] - update - update enter...
01-15 00:20:03.661 D/        ( 3113): av_read_frame
01-15 00:20:03.663 D/        ( 3113): avcodec_decode_video2
01-15 00:20:03.663 I/        ( 3113): ms_get_jni_env
01-15 00:20:03.725 D/BitmapVideoOutput( 3113): [ Thread-10: AndroidVideoWindowImpl.java: 81 ] - update - update enter...
01-15 00:20:03.733 D/        ( 3113): av_read_frame
01-15 00:20:03.735 D/        ( 3113): avcodec_decode_video2
01-15 00:20:03.735 I/        ( 3113): ms_get_jni_env
01-15 00:20:03.797 D/BitmapVideoOutput( 3113): [ Thread-10: AndroidVideoWindowImpl.java: 81 ] - update - update enter...
01-15 00:20:03.805 D/        ( 3113): av_read_frame
01-15 00:20:03.807 D/        ( 3113): avcodec_decode_video2
01-15 00:20:03.807 I/        ( 3113): ms_get_jni_env
01-15 00:20:03.869 D/BitmapVideoOutput( 3113): [ Thread-10: AndroidVideoWindowImpl.java: 81 ] - update - update enter...
01-15 00:20:03.877 D/        ( 3113): av_read_frame
01-15 00:20:03.879 D/        ( 3113): avcodec_decode_video2
01-15 00:20:03.879 I/        ( 3113): ms_get_jni_env
01-15 00:20:03.941 D/BitmapVideoOutput( 3113): [ Thread-10: AndroidVideoWindowImpl.java: 81 ] - update - update enter...
01-15 00:20:03.947 D/        ( 3113): av_read_frame
01-15 00:20:03.949 D/        ( 3113): avcodec_decode_video2
01-15 00:20:03.949 I/        ( 3113): ms_get_jni_env
01-15 00:20:04.013 D/BitmapVideoOutput( 3113): [ Thread-10: AndroidVideoWindowImpl.java: 81 ] - update - update enter...
01-15 00:20:04.019 D/        ( 3113): av_read_frame
01-15 00:20:04.023 D/        ( 3113): avcodec_decode_video2
01-15 00:20:04.023 I/        ( 3113): ms_get_jni_env
01-15 00:20:04.085 D/BitmapVideoOutput( 3113): [ Thread-10: AndroidVideoWindowImpl.java: 81 ] - update - update enter...
01-15 00:20:04.091 D/        ( 3113): av_read_frame
01-15 00:20:04.093 D/        ( 3113): avcodec_decode_video2
01-15 00:20:04.093 I/        ( 3113): ms_get_jni_env
01-15 00:20:04.155 D/BitmapVideoOutput( 3113): [ Thread-10: AndroidVideoWindowImpl.java: 81 ] - update - update enter...
01-15 00:20:04.163 D/        ( 3113): av_read_frame
01-15 00:20:04.163 D/        ( 3113): av_read_frame
01-15 00:20:04.163 D/        ( 3113): av_read_frame
01-15 00:20:04.163 D/        ( 3113): av_read_frame
01-15 00:20:04.163 D/        ( 3113): av_read_frame
01-15 00:20:04.163 D/        ( 3113): av_read_frame
01-15 00:20:04.163 D/        ( 3113): av_read_frame
01-15 00:20:04.163 D/        ( 3113): av_read_frame
01-15 00:20:04.163 D/        ( 3113): av_read_frame
01-15 00:20:04.163 D/        ( 3113): av_read_frame
01-15 00:20:04.163 D/        ( 3113): av_read_frame
01-15 00:20:04.163 D/        ( 3113): av_read_frame
01-15 00:20:04.163 D/        ( 3113): av_read_frame
01-15 00:20:04.163 D/        ( 3113): av_read_frame
01-15 00:20:04.163 D/        ( 3113): av_read_frame
01-15 00:20:04.165 D/        ( 3113): av_read_frame
01-15 00:20:04.165 D/        ( 3113): av_read_frame
01-15 00:20:04.165 D/        ( 3113): avcodec_decode_video2
01-15 00:20:04.165 I/        ( 3113): ms_get_jni_env
01-15 00:20:04.227 D/BitmapVideoOutput( 3113): [ Thread-10: AndroidVideoWindowImpl.java: 81 ] - update - update enter...
01-15 00:20:04.235 D/        ( 3113): av_read_frame
01-15 00:20:04.237 D/        ( 3113): avcodec_decode_video2
01-15 00:20:04.237 I/        ( 3113): ms_get_jni_env
01-15 00:20:04.299 D/BitmapVideoOutput( 3113): [ Thread-10: AndroidVideoWindowImpl.java: 81 ] - update - update enter...
01-15 00:20:04.307 D/        ( 3113): av_read_frame
01-15 00:20:04.309 D/        ( 3113): avcodec_decode_video2
01-15 00:20:04.309 I/        ( 3113): ms_get_jni_env
01-15 00:20:04.371 D/BitmapVideoOutput( 3113): [ Thread-10: AndroidVideoWindowImpl.java: 81 ] - update - update enter...
01-15 00:20:04.379 D/        ( 3113): av_read_frame
01-15 00:20:04.381 D/        ( 3113): avcodec_decode_video2
01-15 00:20:04.381 I/        ( 3113): ms_get_jni_env
01-15 00:20:04.443 D/BitmapVideoOutput( 3113): [ Thread-10: AndroidVideoWindowImpl.java: 81 ] - update - update enter...
01-15 00:20:04.449 D/        ( 3113): av_read_frame
01-15 00:20:04.451 D/        ( 3113): avcodec_decode_video2
01-15 00:20:04.451 I/        ( 3113): ms_get_jni_env
01-15 00:20:04.513 D/BitmapVideoOutput( 3113): [ Thread-10: AndroidVideoWindowImpl.java: 81 ] - update - update enter...
01-15 00:20:04.521 D/        ( 3113): av_read_frame
01-15 00:20:04.523 D/        ( 3113): avcodec_decode_video2
01-15 00:20:04.523 I/        ( 3113): ms_get_jni_env
01-15 00:20:04.585 D/BitmapVideoOutput( 3113): [ Thread-10: AndroidVideoWindowImpl.java: 81 ] - update - update enter...
01-15 00:20:04.593 D/        ( 3113): av_read_frame
01-15 00:20:04.593 D/        ( 3113): avcodec_decode_video2
01-15 00:20:04.595 I/        ( 3113): ms_get_jni_env
01-15 00:20:04.657 D/BitmapVideoOutput( 3113): [ Thread-10: AndroidVideoWindowImpl.java: 81 ] - update - update enter...
01-15 00:20:04.663 D/        ( 3113): av_read_frame
01-15 00:20:04.663 D/        ( 3113): av_read_frame
01-15 00:20:04.663 D/        ( 3113): av_read_frame
01-15 00:20:04.663 D/        ( 3113): av_read_frame
01-15 00:20:04.663 D/        ( 3113): av_read_frame
01-15 00:20:04.663 D/        ( 3113): av_read_frame
01-15 00:20:04.663 D/        ( 3113): av_read_frame
01-15 00:20:04.663 D/        ( 3113): av_read_frame
01-15 00:20:04.663 D/        ( 3113): av_read_frame
01-15 00:20:04.663 D/        ( 3113): av_read_frame
01-15 00:20:04.663 D/        ( 3113): av_read_frame
01-15 00:20:04.663 D/        ( 3113): av_read_frame
01-15 00:20:04.663 D/        ( 3113): av_read_frame
01-15 00:20:04.663 D/        ( 3113): av_read_frame
01-15 00:20:04.665 D/        ( 3113): av_read_frame
01-15 00:20:04.665 D/        ( 3113): av_read_frame
01-15 00:20:04.671 D/        ( 3113): avcodec_decode_video2
01-15 00:20:04.671 I/        ( 3113): ms_get_jni_env
01-15 00:20:04.733 D/BitmapVideoOutput( 3113): [ Thread-10: AndroidVideoWindowImpl.java: 81 ] - update - update enter...
01-15 00:20:04.741 D/        ( 3113): av_read_frame
01-15 00:20:04.745 D/        ( 3113): avcodec_decode_video2
01-15 00:20:04.745 I/        ( 3113): ms_get_jni_env
01-15 00:20:04.807 D/BitmapVideoOutput( 3113): [ Thread-10: AndroidVideoWindowImpl.java: 81 ] - update - update enter...
01-15 00:20:04.815 D/        ( 3113): av_read_frame
01-15 00:20:04.817 D/        ( 3113): avcodec_decode_video2
01-15 00:20:04.817 I/        ( 3113): ms_get_jni_env
01-15 00:20:04.879 D/BitmapVideoOutput( 3113): [ Thread-10: AndroidVideoWindowImpl.java: 81 ] - update - update enter...
01-15 00:20:04.885 D/        ( 3113): av_read_frame
01-15 00:20:04.887 D/        ( 3113): avcodec_decode_video2
01-15 00:20:04.887 I/        ( 3113): ms_get_jni_env
01-15 00:20:04.949 D/BitmapVideoOutput( 3113): [ Thread-10: AndroidVideoWindowImpl.java: 81 ] - update - update enter...
01-15 00:20:04.957 D/        ( 3113): av_read_frame
01-15 00:20:04.959 D/        ( 3113): avcodec_decode_video2
01-15 00:20:04.959 I/        ( 3113): ms_get_jni_env
01-15 00:20:05.021 D/BitmapVideoOutput( 3113): [ Thread-10: AndroidVideoWindowImpl.java: 81 ] - update - update enter...
01-15 00:20:05.029 D/        ( 3113): av_read_frame
01-15 00:20:05.031 D/        ( 3113): avcodec_decode_video2
01-15 00:20:05.031 I/        ( 3113): ms_get_jni_env
01-15 00:20:05.093 D/BitmapVideoOutput( 3113): [ Thread-10: AndroidVideoWindowImpl.java: 81 ] - update - update enter...
01-15 00:20:05.101 D/        ( 3113): av_read_frame
01-15 00:20:05.103 D/        ( 3113): avcodec_decode_video2
01-15 00:20:05.103 I/        ( 3113): ms_get_jni_env
01-15 00:20:05.165 D/BitmapVideoOutput( 3113): [ Thread-10: AndroidVideoWindowImpl.java: 81 ] - update - update enter...
01-15 00:20:05.171 D/        ( 3113): av_read_frame
01-15 00:20:05.175 D/        ( 3113): avcodec_decode_video2
01-15 00:20:05.175 I/        ( 3113): ms_get_jni_env
01-15 00:20:05.237 D/BitmapVideoOutput( 3113): [ Thread-10: AndroidVideoWindowImpl.java: 81 ] - update - update enter...
01-15 00:20:05.245 D/        ( 3113): av_read_frame
01-15 00:20:05.245 D/        ( 3113): av_read_frame
01-15 00:20:05.245 D/        ( 3113): av_read_frame
01-15 00:20:05.245 D/        ( 3113): av_read_frame
01-15 00:20:05.245 D/        ( 3113): av_read_frame
01-15 00:20:05.245 D/        ( 3113): av_read_frame
01-15 00:20:05.245 D/        ( 3113): av_read_frame
01-15 00:20:05.245 D/        ( 3113): av_read_frame
01-15 00:20:05.245 D/        ( 3113): av_read_frame
01-15 00:20:05.245 D/        ( 3113): av_read_frame
01-15 00:20:05.245 D/        ( 3113): av_read_frame
01-15 00:20:05.245 D/        ( 3113): av_read_frame
01-15 00:20:05.245 D/        ( 3113): av_read_frame
01-15 00:20:05.245 D/        ( 3113): av_read_frame
01-15 00:20:05.245 D/        ( 3113): av_read_frame
01-15 00:20:05.245 D/        ( 3113): av_read_frame
01-15 00:20:05.245 D/        ( 3113): av_read_frame
01-15 00:20:05.247 D/        ( 3113): avcodec_decode_video2
01-15 00:20:05.247 I/        ( 3113): ms_get_jni_env
01-15 00:20:05.311 D/BitmapVideoOutput( 3113): [ Thread-10: AndroidVideoWindowImpl.java: 81 ] - update - update enter...
01-15 00:20:05.317 D/        ( 3113): av_read_frame
01-15 00:20:05.319 D/        ( 3113): avcodec_decode_video2
01-15 00:20:05.319 I/        ( 3113): ms_get_jni_env
01-15 00:20:05.381 D/BitmapVideoOutput( 3113): [ Thread-10: AndroidVideoWindowImpl.java: 81 ] - update - update enter...
01-15 00:20:05.389 D/        ( 3113): av_read_frame
01-15 00:20:05.391 D/        ( 3113): avcodec_decode_video2
01-15 00:20:05.391 I/        ( 3113): ms_get_jni_env
01-15 00:20:05.455 D/BitmapVideoOutput( 3113): [ Thread-10: AndroidVideoWindowImpl.java: 81 ] - update - update enter...
01-15 00:20:05.461 D/        ( 3113): av_read_frame
01-15 00:20:05.465 D/        ( 3113): avcodec_decode_video2
01-15 00:20:05.465 I/        ( 3113): ms_get_jni_env
01-15 00:20:05.527 D/BitmapVideoOutput( 3113): [ Thread-10: AndroidVideoWindowImpl.java: 81 ] - update - update enter...
01-15 00:20:05.535 D/        ( 3113): av_read_frame
01-15 00:20:05.537 D/        ( 3113): avcodec_decode_video2
01-15 00:20:05.537 I/        ( 3113): ms_get_jni_env
01-15 00:20:05.599 D/BitmapVideoOutput( 3113): [ Thread-10: AndroidVideoWindowImpl.java: 81 ] - update - update enter...
01-15 00:20:05.607 D/        ( 3113): av_read_frame
01-15 00:20:05.611 D/        ( 3113): avcodec_decode_video2
01-15 00:20:05.611 I/        ( 3113): ms_get_jni_env
01-15 00:20:05.673 D/BitmapVideoOutput( 3113): [ Thread-10: AndroidVideoWindowImpl.java: 81 ] - update - update enter...
01-15 00:20:05.681 D/        ( 3113): av_read_frame
01-15 00:20:05.685 D/        ( 3113): avcodec_decode_video2
01-15 00:20:05.685 I/        ( 3113): ms_get_jni_env
01-15 00:20:05.747 D/BitmapVideoOutput( 3113): [ Thread-10: AndroidVideoWindowImpl.java: 81 ] - update - update enter...
01-15 00:20:05.753 D/        ( 3113): av_read_frame
01-15 00:20:05.753 D/        ( 3113): av_read_frame
01-15 00:20:05.753 D/        ( 3113): av_read_frame
01-15 00:20:05.753 D/        ( 3113): av_read_frame
01-15 00:20:05.753 D/        ( 3113): av_read_frame
01-15 00:20:05.753 D/        ( 3113): av_read_frame
01-15 00:20:05.753 D/        ( 3113): av_read_frame
01-15 00:20:05.753 D/        ( 3113): av_read_frame
01-15 00:20:05.753 D/        ( 3113): av_read_frame
01-15 00:20:05.753 D/        ( 3113): av_read_frame
01-15 00:20:05.755 D/        ( 3113): av_read_frame
01-15 00:20:05.755 D/        ( 3113): av_read_frame
01-15 00:20:05.755 D/        ( 3113): av_read_frame
01-15 00:20:05.755 D/        ( 3113): av_read_frame
01-15 00:20:05.755 D/        ( 3113): av_read_frame
01-15 00:20:05.755 D/        ( 3113): av_read_frame
01-15 00:20:05.759 D/        ( 3113): avcodec_decode_video2
01-15 00:20:05.759 I/        ( 3113): ms_get_jni_env
01-15 00:20:05.821 D/BitmapVideoOutput( 3113): [ Thread-10: AndroidVideoWindowImpl.java: 81 ] - update - update enter...
01-15 00:20:05.829 D/        ( 3113): av_read_frame
01-15 00:20:05.833 D/        ( 3113): avcodec_decode_video2
01-15 00:20:05.833 I/        ( 3113): ms_get_jni_env
01-15 00:20:05.897 D/BitmapVideoOutput( 3113): [ Thread-10: AndroidVideoWindowImpl.java: 81 ] - update - update enter...
01-15 00:20:05.903 D/        ( 3113): av_read_frame
01-15 00:20:05.909 D/        ( 3113): avcodec_decode_video2
01-15 00:20:05.909 I/        ( 3113): ms_get_jni_env
01-15 00:20:05.973 D/BitmapVideoOutput( 3113): [ Thread-10: AndroidVideoWindowImpl.java: 81 ] - update - update enter...
01-15 00:20:05.981 D/        ( 3113): av_read_frame
01-15 00:20:05.985 D/        ( 3113): avcodec_decode_video2
01-15 00:20:05.985 I/        ( 3113): ms_get_jni_env
01-15 00:20:06.047 D/BitmapVideoOutput( 3113): [ Thread-10: AndroidVideoWindowImpl.java: 81 ] - update - update enter...
01-15 00:20:06.055 D/        ( 3113): av_read_frame
01-15 00:20:06.059 D/        ( 3113): avcodec_decode_video2
01-15 00:20:06.059 I/        ( 3113): ms_get_jni_env
01-15 00:20:06.121 D/BitmapVideoOutput( 3113): [ Thread-10: AndroidVideoWindowImpl.java: 81 ] - update - update enter...
01-15 00:20:06.129 D/        ( 3113): av_read_frame
01-15 00:20:06.135 D/        ( 3113): avcodec_decode_video2
01-15 00:20:06.135 I/        ( 3113): ms_get_jni_env
01-15 00:20:06.197 D/BitmapVideoOutput( 3113): [ Thread-10: AndroidVideoWindowImpl.java: 81 ] - update - update enter...
01-15 00:20:06.203 D/        ( 3113): av_read_frame
01-15 00:20:06.209 D/        ( 3113): avcodec_decode_video2
01-15 00:20:06.209 I/        ( 3113): ms_get_jni_env
01-15 00:20:06.273 D/BitmapVideoOutput( 3113): [ Thread-10: AndroidVideoWindowImpl.java: 81 ] - update - update enter...
01-15 00:20:06.279 D/        ( 3113): av_read_frame
01-15 00:20:06.285 D/        ( 3113): avcodec_decode_video2
01-15 00:20:06.285 I/        ( 3113): ms_get_jni_env
01-15 00:20:06.347 D/BitmapVideoOutput( 3113): [ Thread-10: AndroidVideoWindowImpl.java: 81 ] - update - update enter...
01-15 00:20:06.355 D/        ( 3113): av_read_frame
01-15 00:20:06.355 D/        ( 3113): av_read_frame
01-15 00:20:06.355 D/        ( 3113): av_read_frame
01-15 00:20:06.355 D/        ( 3113): av_read_frame
01-15 00:20:06.355 D/        ( 3113): av_read_frame
01-15 00:20:06.355 D/        ( 3113): av_read_frame
01-15 00:20:06.355 D/        ( 3113): av_read_frame
01-15 00:20:06.355 D/        ( 3113): av_read_frame
01-15 00:20:06.355 D/        ( 3113): av_read_frame
01-15 00:20:06.355 D/        ( 3113): av_read_frame
01-15 00:20:06.355 D/        ( 3113): av_read_frame
01-15 00:20:06.355 D/        ( 3113): av_read_frame
01-15 00:20:06.355 D/        ( 3113): av_read_frame
01-15 00:20:06.355 D/        ( 3113): av_read_frame
01-15 00:20:06.355 D/        ( 3113): av_read_frame
01-15 00:20:06.355 D/        ( 3113): av_read_frame
01-15 00:20:06.355 D/        ( 3113): av_read_frame
01-15 00:20:06.361 D/        ( 3113): avcodec_decode_video2
01-15 00:20:06.361 I/        ( 3113): ms_get_jni_env
01-15 00:20:06.423 D/BitmapVideoOutput( 3113): [ Thread-10: AndroidVideoWindowImpl.java: 81 ] - update - update enter...
01-15 00:20:06.431 D/        ( 3113): av_read_frame
01-15 00:20:06.435 D/        ( 3113): avcodec_decode_video2
01-15 00:20:06.435 I/        ( 3113): ms_get_jni_env
01-15 00:20:06.497 D/BitmapVideoOutput( 3113): [ Thread-10: AndroidVideoWindowImpl.java: 81 ] - update - update enter...
01-15 00:20:06.505 D/        ( 3113): av_read_frame
01-15 00:20:06.511 D/        ( 3113): avcodec_decode_video2
01-15 00:20:06.511 I/        ( 3113): ms_get_jni_env
01-15 00:20:06.573 D/BitmapVideoOutput( 3113): [ Thread-10: AndroidVideoWindowImpl.java: 81 ] - update - update enter...
01-15 00:20:06.579 D/        ( 3113): av_read_frame
01-15 00:20:06.585 D/        ( 3113): avcodec_decode_video2
01-15 00:20:06.585 I/        ( 3113): ms_get_jni_env
01-15 00:20:06.647 D/BitmapVideoOutput( 3113): [ Thread-10: AndroidVideoWindowImpl.java: 81 ] - update - update enter...
01-15 00:20:06.655 D/        ( 3113): av_read_frame
01-15 00:20:06.659 D/        ( 3113): avcodec_decode_video2
01-15 00:20:06.659 I/        ( 3113): ms_get_jni_env
01-15 00:20:06.721 D/BitmapVideoOutput( 3113): [ Thread-10: AndroidVideoWindowImpl.java: 81 ] - update - update enter...
01-15 00:20:06.729 D/        ( 3113): av_read_frame
01-15 00:20:06.735 D/        ( 3113): avcodec_decode_video2
01-15 00:20:06.735 I/        ( 3113): ms_get_jni_env
01-15 00:20:06.797 D/BitmapVideoOutput( 3113): [ Thread-10: AndroidVideoWindowImpl.java: 81 ] - update - update enter...
01-15 00:20:06.805 D/        ( 3113): av_read_frame
01-15 00:20:06.809 D/        ( 3113): avcodec_decode_video2
01-15 00:20:06.809 I/        ( 3113): ms_get_jni_env
01-15 00:20:06.871 D/BitmapVideoOutput( 3113): [ Thread-10: AndroidVideoWindowImpl.java: 81 ] - update - update enter...
01-15 00:20:06.879 D/        ( 3113): av_read_frame
01-15 00:20:06.879 D/        ( 3113): av_read_frame
01-15 00:20:06.879 D/        ( 3113): av_read_frame
01-15 00:20:06.879 D/        ( 3113): av_read_frame
01-15 00:20:06.879 D/        ( 3113): av_read_frame
01-15 00:20:06.879 D/        ( 3113): av_read_frame
01-15 00:20:06.879 D/        ( 3113): av_read_frame
01-15 00:20:06.879 D/        ( 3113): av_read_frame
01-15 00:20:06.879 D/        ( 3113): av_read_frame
01-15 00:20:06.879 D/        ( 3113): av_read_frame
01-15 00:20:06.879 D/        ( 3113): av_read_frame
01-15 00:20:06.879 D/        ( 3113): av_read_frame
01-15 00:20:06.879 D/        ( 3113): av_read_frame
01-15 00:20:06.881 D/        ( 3113): av_read_frame
01-15 00:20:06.881 D/        ( 3113): av_read_frame
01-15 00:20:06.881 D/        ( 3113): av_read_frame
01-15 00:20:06.883 D/        ( 3113): avcodec_decode_video2
01-15 00:20:06.883 I/        ( 3113): ms_get_jni_env
01-15 00:20:06.945 D/BitmapVideoOutput( 3113): [ Thread-10: AndroidVideoWindowImpl.java: 81 ] - update - update enter...
01-15 00:20:06.953 D/        ( 3113): av_read_frame
01-15 00:20:06.957 D/        ( 3113): avcodec_decode_video2
01-15 00:20:06.957 I/        ( 3113): ms_get_jni_env
01-15 00:20:07.019 D/BitmapVideoOutput( 3113): [ Thread-10: AndroidVideoWindowImpl.java: 81 ] - update - update enter...
01-15 00:20:07.027 D/        ( 3113): av_read_frame
01-15 00:20:07.031 D/        ( 3113): avcodec_decode_video2
01-15 00:20:07.031 I/        ( 3113): ms_get_jni_env
01-15 00:20:07.093 D/BitmapVideoOutput( 3113): [ Thread-10: AndroidVideoWindowImpl.java: 81 ] - update - update enter...
01-15 00:20:07.099 D/        ( 3113): av_read_frame
01-15 00:20:07.103 D/        ( 3113): avcodec_decode_video2
01-15 00:20:07.103 I/        ( 3113): ms_get_jni_env
