01-15 00:46:59.954 D/SntpClient( 1076): request time failed: java.net.UnknownHostException: asia.pool.ntp.org
01-15 00:47:00.018 D/AlarmManager( 1076): *** setRepeating() triggerTime=14 Jan 2011 16:48:00 GMT,from android,needSetPMUAlarm=false,isShuting=false
01-15 00:47:00.020 D/AlarmManager( 1076): setRepeating() index=0
01-15 00:47:00.070 D/SntpClient( 1076): request time failed: java.net.UnknownHostException: asia.pool.ntp.org
01-15 00:47:00.072 D/SntpClient( 1076): request time failed: java.net.UnknownHostException: asia.pool.ntp.org
01-15 00:47:00.084 D/AlarmManager( 1076): *** setRepeating() triggerTime=1 Jan 1970 00:00:55 GMT,from com.mediawoz.goweather,needSetPMUAlarm=false,isShuting=false
01-15 00:47:00.088 D/AlarmManager( 1076): setRepeating() index=0
01-15 00:47:00.120 D/AlarmManager( 1076): *** setRepeating() triggerTime=1 Jan 1970 16:40:10 GMT,from android,needSetPMUAlarm=false,isShuting=false
01-15 00:47:00.120 D/AlarmManager( 1076): setRepeating() index=0
01-15 00:47:00.158 D/ClockUpdateService( 1374): mTimeTickReceiver[onReceive] intent -- Intent { act=android.intent.action.TIME_TICK flg=0x40000004 (has extras) }
01-15 00:47:00.188 D/Utils   ( 1374): [numberToImageRes] number -- 0
01-15 00:47:00.188 D/Utils   ( 1374): [numberToImageRes] number -- 4
01-15 00:47:00.190 D/Utils   ( 1374): [numberToImageRes] number -- 7
01-15 00:47:00.226 D/WeatherProvider( 1239): [query] uri -- content://com.pekall.provider.weather/cities/1
01-15 00:47:00.250 D/ClockViewBuilder( 1374): [buildCityExistView] enter
01-15 00:47:00.274 D/WeatherProvider( 1239): [query] uri -- content://com.pekall.provider.weather/cities/1/current_conditions
01-15 00:47:00.310 D/WeatherProvider( 1239): [query] uri -- content://com.pekall.provider.weather/cities/1/forecasts
01-15 00:47:00.324 D/Utils   ( 1374): [weatherCodeToIconRes] code --  lsup -- -1
01-15 00:47:00.324 D/Utils   ( 1374): time -- -1
01-15 00:47:00.352 D/Utils   ( 1374): [numberToImageRes] number -- 0
01-15 00:47:00.358 D/Utils   ( 1374): [numberToImageRes] number -- 4
01-15 00:47:00.358 D/Utils   ( 1374): [numberToImageRes] number -- 7
01-15 00:47:00.382 D/WeatherProvider( 1239): [query] uri -- content://com.pekall.provider.weather/cities/1
01-15 00:47:00.408 D/ClockViewBuilder( 1374): [buildCityExistView] enter
01-15 00:47:00.604 D/dalvikvm( 1239): GC_EXPLICIT freed 3905 objects / 180928 bytes in 166ms
01-15 00:47:00.608 D/WeatherProvider( 1239): [query] uri -- content://com.pekall.provider.weather/cities/1/current_conditions
01-15 00:47:00.648 D/WeatherProvider( 1239): [query] uri -- content://com.pekall.provider.weather/cities/1/forecasts
01-15 00:47:00.666 D/Utils   ( 1374): [weatherCodeToIconRes] code --  lsup -- -1
01-15 00:47:00.666 D/Utils   ( 1374): time -- -1
01-15 00:47:10.728 D/dalvikvm( 1420): GC_EXPLICIT freed 3985 objects / 215696 bytes in 129ms
01-15 00:48:00.044 D/AlarmManager( 1076): *** setRepeating() triggerTime=14 Jan 2011 16:49:00 GMT,from android,needSetPMUAlarm=false,isShuting=false
01-15 00:48:00.046 D/AlarmManager( 1076): setRepeating() index=0
01-15 00:48:00.104 D/AlarmManager( 1076): *** setRepeating() triggerTime=1 Jan 1970 00:00:55 GMT,from com.mediawoz.goweather,needSetPMUAlarm=false,isShuting=false
01-15 00:48:00.106 D/AlarmManager( 1076): setRepeating() index=0
01-15 00:48:00.160 D/ClockUpdateService( 1374): mTimeTickReceiver[onReceive] intent -- Intent { act=android.intent.action.TIME_TICK flg=0x40000004 (has extras) }
01-15 00:48:00.184 D/Utils   ( 1374): [numberToImageRes] number -- 0
01-15 00:48:00.188 D/Utils   ( 1374): [numberToImageRes] number -- 4
01-15 00:48:00.188 D/Utils   ( 1374): [numberToImageRes] number -- 8
01-15 00:48:00.222 D/WeatherProvider( 1239): [query] uri -- content://com.pekall.provider.weather/cities/1
01-15 00:48:00.246 D/ClockViewBuilder( 1374): [buildCityExistView] enter
01-15 00:48:00.268 D/WeatherProvider( 1239): [query] uri -- content://com.pekall.provider.weather/cities/1/current_conditions
01-15 00:48:00.304 D/WeatherProvider( 1239): [query] uri -- content://com.pekall.provider.weather/cities/1/forecasts
01-15 00:48:00.320 D/Utils   ( 1374): [weatherCodeToIconRes] code --  lsup -- -1
01-15 00:48:00.320 D/Utils   ( 1374): time -- -1
01-15 00:48:00.352 D/Utils   ( 1374): [numberToImageRes] number -- 0
01-15 00:48:00.352 D/Utils   ( 1374): [numberToImageRes] number -- 4
01-15 00:48:00.354 D/Utils   ( 1374): [numberToImageRes] number -- 8
01-15 00:48:00.376 D/WeatherProvider( 1239): [query] uri -- content://com.pekall.provider.weather/cities/1
01-15 00:48:00.404 D/ClockViewBuilder( 1374): [buildCityExistView] enter
01-15 00:48:00.442 D/WeatherProvider( 1239): [query] uri -- content://com.pekall.provider.weather/cities/1/current_conditions
01-15 00:48:00.474 D/WeatherProvider( 1239): [query] uri -- content://com.pekall.provider.weather/cities/1/forecasts
01-15 00:48:00.490 D/Utils   ( 1374): [weatherCodeToIconRes] code --  lsup -- -1
01-15 00:48:00.492 D/Utils   ( 1374): time -- -1
01-15 00:48:05.682 D/dalvikvm( 1427): GC_EXPLICIT freed 1117 objects / 56728 bytes in 106ms
01-15 00:48:42.924 V/websync ( 1927): CookieSyncManager::syncFromRamToFlash STARTS
01-15 00:48:42.924 V/websync ( 1927): CookieSyncManager::syncFromRamToFlash DONE
01-15 00:49:00.050 D/AlarmManager( 1076): *** setRepeating() triggerTime=14 Jan 2011 16:50:00 GMT,from android,needSetPMUAlarm=false,isShuting=false
01-15 00:49:00.052 D/AlarmManager( 1076): setRepeating() index=0
01-15 00:49:00.118 D/AlarmManager( 1076): *** setRepeating() triggerTime=1 Jan 1970 00:00:55 GMT,from com.mediawoz.goweather,needSetPMUAlarm=false,isShuting=false
01-15 00:49:00.124 D/AlarmManager( 1076): setRepeating() index=0
01-15 00:49:00.188 D/ClockUpdateService( 1374): mTimeTickReceiver[onReceive] intent -- Intent { act=android.intent.action.TIME_TICK flg=0x40000004 (has extras) }
01-15 00:49:00.216 D/Utils   ( 1374): [numberToImageRes] number -- 0
01-15 00:49:00.216 D/Utils   ( 1374): [numberToImageRes] number -- 4
01-15 00:49:00.216 D/Utils   ( 1374): [numberToImageRes] number -- 9
01-15 00:49:00.252 D/WeatherProvider( 1239): [query] uri -- content://com.pekall.provider.weather/cities/1
01-15 00:49:00.274 D/ClockViewBuilder( 1374): [buildCityExistView] enter
01-15 00:49:00.296 D/WeatherProvider( 1239): [query] uri -- content://com.pekall.provider.weather/cities/1/current_conditions
01-15 00:49:00.330 D/WeatherProvider( 1239): [query] uri -- content://com.pekall.provider.weather/cities/1/forecasts
01-15 00:49:00.346 D/Utils   ( 1374): [weatherCodeToIconRes] code --  lsup -- -1
01-15 00:49:00.346 D/Utils   ( 1374): time -- -1
01-15 00:49:00.378 D/Utils   ( 1374): [numberToImageRes] number -- 0
01-15 00:49:00.380 D/Utils   ( 1374): [numberToImageRes] number -- 4
01-15 00:49:00.384 D/Utils   ( 1374): [numberToImageRes] number -- 9
01-15 00:49:00.404 D/WeatherProvider( 1239): [query] uri -- content://com.pekall.provider.weather/cities/1
01-15 00:49:00.432 D/ClockViewBuilder( 1374): [buildCityExistView] enter
01-15 00:49:00.466 D/WeatherProvider( 1239): [query] uri -- content://com.pekall.provider.weather/cities/1/current_conditions
01-15 00:49:00.498 D/WeatherProvider( 1239): [query] uri -- content://com.pekall.provider.weather/cities/1/forecasts
01-15 00:49:00.514 D/Utils   ( 1374): [weatherCodeToIconRes] code --  lsup -- -1
01-15 00:49:00.514 D/Utils   ( 1374): time -- -1
01-15 00:49:05.728 D/dalvikvm( 1239): GC_EXPLICIT freed 2532 objects / 115680 bytes in 125ms
01-15 00:49:10.688 D/dalvikvm( 1420): GC_EXPLICIT freed 3985 objects / 215848 bytes in 82ms
01-15 00:50:00.250 D/dalvikvm( 1076): GC_FOR_MALLOC freed 21760 objects / 961952 bytes in 233ms
01-15 00:50:00.270 D/AlarmManager( 1076): *** setRepeating() triggerTime=14 Jan 2011 16:51:00 GMT,from android,needSetPMUAlarm=false,isShuting=false
01-15 00:50:00.270 D/AlarmManager( 1076): setRepeating() index=0
01-15 00:50:00.350 D/AlarmManager( 1076): *** setRepeating() triggerTime=1 Jan 1970 00:00:55 GMT,from com.mediawoz.goweather,needSetPMUAlarm=false,isShuting=false
01-15 00:50:00.350 D/AlarmManager( 1076): setRepeating() index=0
01-15 00:50:00.418 D/ClockUpdateService( 1374): mTimeTickReceiver[onReceive] intent -- Intent { act=android.intent.action.TIME_TICK flg=0x40000004 (has extras) }
01-15 00:50:00.446 D/Utils   ( 1374): [numberToImageRes] number -- 0
01-15 00:50:00.446 D/Utils   ( 1374): [numberToImageRes] number -- 5
01-15 00:50:00.448 D/Utils   ( 1374): [numberToImageRes] number -- 0
01-15 00:50:00.480 D/WeatherProvider( 1239): [query] uri -- content://com.pekall.provider.weather/cities/1
01-15 00:50:00.504 D/ClockViewBuilder( 1374): [buildCityExistView] enter
01-15 00:50:00.528 D/WeatherProvider( 1239): [query] uri -- content://com.pekall.provider.weather/cities/1/current_conditions
01-15 00:50:00.562 D/WeatherProvider( 1239): [query] uri -- content://com.pekall.provider.weather/cities/1/forecasts
01-15 00:50:00.582 D/Utils   ( 1374): [weatherCodeToIconRes] code --  lsup -- -1
01-15 00:50:00.582 D/Utils   ( 1374): time -- -1
01-15 00:50:00.620 D/Utils   ( 1374): [numberToImageRes] number -- 0
01-15 00:50:00.620 D/Utils   ( 1374): [numberToImageRes] number -- 5
01-15 00:50:00.620 D/Utils   ( 1374): [numberToImageRes] number -- 0
01-15 00:50:00.654 D/WeatherProvider( 1239): [query] uri -- content://com.pekall.provider.weather/cities/1
01-15 00:50:00.686 D/ClockViewBuilder( 1374): [buildCityExistView] enter
01-15 00:50:00.730 D/WeatherProvider( 1239): [query] uri -- content://com.pekall.provider.weather/cities/1/current_conditions
01-15 00:50:00.770 D/WeatherProvider( 1239): [query] uri -- content://com.pekall.provider.weather/cities/1/forecasts
01-15 00:50:00.786 D/Utils   ( 1374): [weatherCodeToIconRes] code --  lsup -- -1
01-15 00:50:00.786 D/Utils   ( 1374): time -- -1
01-15 00:50:06.024 D/dalvikvm( 1427): GC_EXPLICIT freed 1117 objects / 56720 bytes in 95ms
01-15 00:50:24.382 V/websync ( 1427): CookieSyncManager::syncFromRamToFlash STARTS
01-15 00:50:24.382 V/websync ( 1427): CookieSyncManager::syncFromRamToFlash DONE
01-15 00:51:00.046 D/AlarmManager( 1076): *** setRepeating() triggerTime=14 Jan 2011 16:52:00 GMT,from android,needSetPMUAlarm=false,isShuting=false
01-15 00:51:00.052 D/AlarmManager( 1076): setRepeating() index=0
01-15 00:51:00.104 D/AlarmManager( 1076): *** setRepeating() triggerTime=1 Jan 1970 00:00:55 GMT,from com.mediawoz.goweather,needSetPMUAlarm=false,isShuting=false
01-15 00:51:00.110 D/AlarmManager( 1076): setRepeating() index=0
01-15 00:51:00.166 D/ClockUpdateService( 1374): mTimeTickReceiver[onReceive] intent -- Intent { act=android.intent.action.TIME_TICK flg=0x40000004 (has extras) }
01-15 00:51:00.194 D/Utils   ( 1374): [numberToImageRes] number -- 0
01-15 00:51:00.196 D/Utils   ( 1374): [numberToImageRes] number -- 5
01-15 00:51:00.196 D/Utils   ( 1374): [numberToImageRes] number -- 1
01-15 00:51:00.230 D/WeatherProvider( 1239): [query] uri -- content://com.pekall.provider.weather/cities/1
01-15 00:51:00.254 D/ClockViewBuilder( 1374): [buildCityExistView] enter
01-15 00:51:00.276 D/WeatherProvider( 1239): [query] uri -- content://com.pekall.provider.weather/cities/1/current_conditions
01-15 00:51:00.310 D/WeatherProvider( 1239): [query] uri -- content://com.pekall.provider.weather/cities/1/forecasts
01-15 00:51:00.326 D/Utils   ( 1374): [weatherCodeToIconRes] code --  lsup -- -1
01-15 00:51:00.326 D/Utils   ( 1374): time -- -1
01-15 00:51:00.372 D/Utils   ( 1374): [numberToImageRes] number -- 0
01-15 00:51:00.374 D/Utils   ( 1374): [numberToImageRes] number -- 5
01-15 00:51:00.374 D/Utils   ( 1374): [numberToImageRes] number -- 1
01-15 00:51:00.400 D/WeatherProvider( 1239): [query] uri -- content://com.pekall.provider.weather/cities/1
01-15 00:51:00.428 D/ClockViewBuilder( 1374): [buildCityExistView] enter
01-15 00:51:00.476 D/WeatherProvider( 1239): [query] uri -- content://com.pekall.provider.weather/cities/1/current_conditions
01-15 00:51:00.518 D/WeatherProvider( 1239): [query] uri -- content://com.pekall.provider.weather/cities/1/forecasts
01-15 00:51:00.532 D/Utils   ( 1374): [weatherCodeToIconRes] code --  lsup -- -1
01-15 00:51:00.532 D/Utils   ( 1374): time -- -1
01-15 00:51:05.784 D/dalvikvm( 1239): GC_EXPLICIT freed 575 objects / 25704 bytes in 102ms
01-15 00:51:10.776 D/dalvikvm( 1420): GC_EXPLICIT freed 3985 objects / 215528 bytes in 94ms
01-15 00:52:00.046 D/AlarmManager( 1076): *** setRepeating() triggerTime=14 Jan 2011 16:53:00 GMT,from android,needSetPMUAlarm=false,isShuting=false
01-15 00:52:00.048 D/AlarmManager( 1076): setRepeating() index=0
01-15 00:52:00.122 D/AlarmManager( 1076): *** setRepeating() triggerTime=1 Jan 1970 00:00:55 GMT,from com.mediawoz.goweather,needSetPMUAlarm=false,isShuting=false
01-15 00:52:00.122 D/AlarmManager( 1076): setRepeating() index=0
01-15 00:52:00.208 D/ClockUpdateService( 1374): mTimeTickReceiver[onReceive] intent -- Intent { act=android.intent.action.TIME_TICK flg=0x40000004 (has extras) }
01-15 00:52:00.242 D/Utils   ( 1374): [numberToImageRes] number -- 0
01-15 00:52:00.246 D/Utils   ( 1374): [numberToImageRes] number -- 5
01-15 00:52:00.246 D/Utils   ( 1374): [numberToImageRes] number -- 2
01-15 00:52:00.492 D/dalvikvm( 1374): GC_EXPLICIT freed 8252 objects / 333128 bytes in 210ms
01-15 00:52:00.502 D/WeatherProvider( 1239): [query] uri -- content://com.pekall.provider.weather/cities/1
01-15 00:52:00.532 D/ClockViewBuilder( 1374): [buildCityExistView] enter
01-15 00:52:00.578 D/WeatherProvider( 1239): [query] uri -- content://com.pekall.provider.weather/cities/1/current_conditions
01-15 00:52:00.620 D/WeatherProvider( 1239): [query] uri -- content://com.pekall.provider.weather/cities/1/forecasts
01-15 00:52:00.638 D/Utils   ( 1374): [weatherCodeToIconRes] code --  lsup -- -1
01-15 00:52:00.638 D/Utils   ( 1374): time -- -1
01-15 00:52:00.680 D/Utils   ( 1374): [numberToImageRes] number -- 0
01-15 00:52:00.684 D/Utils   ( 1374): [numberToImageRes] number -- 5
01-15 00:52:00.684 D/Utils   ( 1374): [numberToImageRes] number -- 2
01-15 00:52:00.708 D/WeatherProvider( 1239): [query] uri -- content://com.pekall.provider.weather/cities/1
01-15 00:52:00.744 D/ClockViewBuilder( 1374): [buildCityExistView] enter
01-15 00:52:00.768 D/WeatherProvider( 1239): [query] uri -- content://com.pekall.provider.weather/cities/1/current_conditions
01-15 00:52:00.796 D/WeatherProvider( 1239): [query] uri -- content://com.pekall.provider.weather/cities/1/forecasts
01-15 00:52:00.806 D/Utils   ( 1374): [weatherCodeToIconRes] code --  lsup -- -1
01-15 00:52:00.810 D/Utils   ( 1374): time -- -1
01-15 00:52:05.860 D/dalvikvm( 1427): GC_EXPLICIT freed 1123 objects / 56920 bytes in 127ms
01-15 00:53:00.020 D/AlarmManager( 1076): *** setRepeating() triggerTime=14 Jan 2011 16:54:00 GMT,from android,needSetPMUAlarm=false,isShuting=false
01-15 00:53:00.022 D/AlarmManager( 1076): setRepeating() index=0
01-15 00:53:00.084 D/AlarmManager( 1076): *** setRepeating() triggerTime=1 Jan 1970 00:00:55 GMT,from com.mediawoz.goweather,needSetPMUAlarm=false,isShuting=false
01-15 00:53:00.088 D/AlarmManager( 1076): setRepeating() index=0
01-15 00:53:00.138 D/ClockUpdateService( 1374): mTimeTickReceiver[onReceive] intent -- Intent { act=android.intent.action.TIME_TICK flg=0x40000004 (has extras) }
01-15 00:53:00.164 D/Utils   ( 1374): [numberToImageRes] number -- 0
01-15 00:53:00.168 D/Utils   ( 1374): [numberToImageRes] number -- 5
01-15 00:53:00.168 D/Utils   ( 1374): [numberToImageRes] number -- 3
01-15 00:53:00.202 D/WeatherProvider( 1239): [query] uri -- content://com.pekall.provider.weather/cities/1
01-15 00:53:00.226 D/ClockViewBuilder( 1374): [buildCityExistView] enter
01-15 00:53:00.248 D/WeatherProvider( 1239): [query] uri -- content://com.pekall.provider.weather/cities/1/current_conditions
01-15 00:53:00.282 D/WeatherProvider( 1239): [query] uri -- content://com.pekall.provider.weather/cities/1/forecasts
01-15 00:53:00.296 D/Utils   ( 1374): [weatherCodeToIconRes] code --  lsup -- -1
01-15 00:53:00.300 D/Utils   ( 1374): time -- -1
01-15 00:53:00.332 D/Utils   ( 1374): [numberToImageRes] number -- 0
01-15 00:53:00.332 D/Utils   ( 1374): [numberToImageRes] number -- 5
01-15 00:53:00.332 D/Utils   ( 1374): [numberToImageRes] number -- 3
01-15 00:53:00.362 D/WeatherProvider( 1239): [query] uri -- content://com.pekall.provider.weather/cities/1
01-15 00:53:00.380 D/ClockViewBuilder( 1374): [buildCityExistView] enter
01-15 00:53:00.414 D/WeatherProvider( 1239): [query] uri -- content://com.pekall.provider.weather/cities/1/current_conditions
01-15 00:53:00.448 D/WeatherProvider( 1239): [query] uri -- content://com.pekall.provider.weather/cities/1/forecasts
01-15 00:53:00.462 D/Utils   ( 1374): [weatherCodeToIconRes] code --  lsup -- -1
01-15 00:53:00.464 D/Utils   ( 1374): time -- -1
01-15 00:53:05.660 D/dalvikvm( 1239): GC_EXPLICIT freed 583 objects / 26072 bytes in 103ms
01-15 00:53:10.670 D/dalvikvm( 1420): GC_EXPLICIT freed 3985 objects / 215664 bytes in 111ms
01-15 00:53:42.928 V/websync ( 1927): CookieSyncManager::syncFromRamToFlash STARTS
01-15 00:53:42.928 V/websync ( 1927): CookieSyncManager::syncFromRamToFlash DONE
01-15 00:54:00.048 D/AlarmManager( 1076): *** setRepeating() triggerTime=14 Jan 2011 16:55:00 GMT,from android,needSetPMUAlarm=false,isShuting=false
01-15 00:54:00.052 D/AlarmManager( 1076): setRepeating() index=0
01-15 00:54:00.102 D/AlarmManager( 1076): *** setRepeating() triggerTime=1 Jan 1970 00:00:55 GMT,from com.mediawoz.goweather,needSetPMUAlarm=false,isShuting=false
01-15 00:54:00.106 D/AlarmManager( 1076): setRepeating() index=0
01-15 00:54:00.170 D/ClockUpdateService( 1374): mTimeTickReceiver[onReceive] intent -- Intent { act=android.intent.action.TIME_TICK flg=0x40000004 (has extras) }
01-15 00:54:00.198 D/Utils   ( 1374): [numberToImageRes] number -- 0
01-15 00:54:00.198 D/Utils   ( 1374): [numberToImageRes] number -- 5
01-15 00:54:00.198 D/Utils   ( 1374): [numberToImageRes] number -- 4
01-15 00:54:00.230 D/WeatherProvider( 1239): [query] uri -- content://com.pekall.provider.weather/cities/1
01-15 00:54:00.254 D/ClockViewBuilder( 1374): [buildCityExistView] enter
01-15 00:54:00.276 D/WeatherProvider( 1239): [query] uri -- content://com.pekall.provider.weather/cities/1/current_conditions
01-15 00:54:00.310 D/WeatherProvider( 1239): [query] uri -- content://com.pekall.provider.weather/cities/1/forecasts
01-15 00:54:00.324 D/Utils   ( 1374): [weatherCodeToIconRes] code --  lsup -- -1
01-15 00:54:00.324 D/Utils   ( 1374): time -- -1
01-15 00:54:00.358 D/Utils   ( 1374): [numberToImageRes] number -- 0
01-15 00:54:00.360 D/Utils   ( 1374): [numberToImageRes] number -- 5
01-15 00:54:00.360 D/Utils   ( 1374): [numberToImageRes] number -- 4
01-15 00:54:00.382 D/WeatherProvider( 1239): [query] uri -- content://com.pekall.provider.weather/cities/1
01-15 00:54:00.408 D/ClockViewBuilder( 1374): [buildCityExistView] enter
01-15 00:54:00.442 D/WeatherProvider( 1239): [query] uri -- content://com.pekall.provider.weather/cities/1/current_conditions
01-15 00:54:00.478 D/WeatherProvider( 1239): [query] uri -- content://com.pekall.provider.weather/cities/1/forecasts
01-15 00:54:00.490 D/Utils   ( 1374): [weatherCodeToIconRes] code --  lsup -- -1
01-15 00:54:00.492 D/Utils   ( 1374): time -- -1
01-15 00:54:05.748 D/dalvikvm( 1427): GC_EXPLICIT freed 1117 objects / 56720 bytes in 163ms
01-15 00:55:00.052 D/AlarmManager( 1076): *** setRepeating() triggerTime=14 Jan 2011 16:56:00 GMT,from android,needSetPMUAlarm=false,isShuting=false
01-15 00:55:00.052 D/AlarmManager( 1076): setRepeating() index=0
01-15 00:55:00.102 D/AlarmManager( 1076): *** setRepeating() triggerTime=1 Jan 1970 00:00:55 GMT,from com.mediawoz.goweather,needSetPMUAlarm=false,isShuting=false
01-15 00:55:00.106 D/AlarmManager( 1076): setRepeating() index=0
01-15 00:55:00.162 D/ClockUpdateService( 1374): mTimeTickReceiver[onReceive] intent -- Intent { act=android.intent.action.TIME_TICK flg=0x40000004 (has extras) }
01-15 00:55:00.186 D/Utils   ( 1374): [numberToImageRes] number -- 0
01-15 00:55:00.190 D/Utils   ( 1374): [numberToImageRes] number -- 5
01-15 00:55:00.190 D/Utils   ( 1374): [numberToImageRes] number -- 5
01-15 00:55:00.224 D/WeatherProvider( 1239): [query] uri -- content://com.pekall.provider.weather/cities/1
01-15 00:55:00.248 D/ClockViewBuilder( 1374): [buildCityExistView] enter
01-15 00:55:00.270 D/WeatherProvider( 1239): [query] uri -- content://com.pekall.provider.weather/cities/1/current_conditions
01-15 00:55:00.304 D/WeatherProvider( 1239): [query] uri -- content://com.pekall.provider.weather/cities/1/forecasts
01-15 00:55:00.320 D/Utils   ( 1374): [weatherCodeToIconRes] code --  lsup -- -1
01-15 00:55:00.320 D/Utils   ( 1374): time -- -1
01-15 00:55:00.348 D/Utils   ( 1374): [numberToImageRes] number -- 0
01-15 00:55:00.352 D/Utils   ( 1374): [numberToImageRes] number -- 5
01-15 00:55:00.356 D/Utils   ( 1374): [numberToImageRes] number -- 5
01-15 00:55:00.380 D/WeatherProvider( 1239): [query] uri -- content://com.pekall.provider.weather/cities/1
01-15 00:55:00.408 D/ClockViewBuilder( 1374): [buildCityExistView] enter
01-15 00:55:00.444 D/WeatherProvider( 1239): [query] uri -- content://com.pekall.provider.weather/cities/1/current_conditions
01-15 00:55:00.478 D/WeatherProvider( 1239): [query] uri -- content://com.pekall.provider.weather/cities/1/forecasts
01-15 00:55:00.490 D/Utils   ( 1374): [weatherCodeToIconRes] code --  lsup -- -1
01-15 00:55:00.492 D/Utils   ( 1374): time -- -1
01-15 00:55:05.658 D/dalvikvm( 1239): GC_EXPLICIT freed 2310 objects / 109920 bytes in 78ms
01-15 00:55:10.726 D/dalvikvm( 1420): GC_EXPLICIT freed 3985 objects / 215512 bytes in 145ms
01-15 00:55:24.392 V/websync ( 1427): CookieSyncManager::syncFromRamToFlash STARTS
01-15 00:55:24.392 V/websync ( 1427): CookieSyncManager::syncFromRamToFlash DONE
01-15 00:56:00.044 D/AlarmManager( 1076): *** setRepeating() triggerTime=14 Jan 2011 16:57:00 GMT,from android,needSetPMUAlarm=false,isShuting=false
01-15 00:56:00.048 D/AlarmManager( 1076): setRepeating() index=0
01-15 00:56:00.100 D/AlarmManager( 1076): *** setRepeating() triggerTime=1 Jan 1970 00:00:55 GMT,from com.mediawoz.goweather,needSetPMUAlarm=false,isShuting=false
01-15 00:56:00.102 D/AlarmManager( 1076): setRepeating() index=0
01-15 00:56:00.162 D/ClockUpdateService( 1374): mTimeTickReceiver[onReceive] intent -- Intent { act=android.intent.action.TIME_TICK flg=0x40000004 (has extras) }
01-15 00:56:00.188 D/Utils   ( 1374): [numberToImageRes] number -- 0
01-15 00:56:00.188 D/Utils   ( 1374): [numberToImageRes] number -- 5
01-15 00:56:00.190 D/Utils   ( 1374): [numberToImageRes] number -- 6
01-15 00:56:00.224 D/WeatherProvider( 1239): [query] uri -- content://com.pekall.provider.weather/cities/1
01-15 00:56:00.248 D/ClockViewBuilder( 1374): [buildCityExistView] enter
01-15 00:56:00.270 D/WeatherProvider( 1239): [query] uri -- content://com.pekall.provider.weather/cities/1/current_conditions
01-15 00:56:00.304 D/WeatherProvider( 1239): [query] uri -- content://com.pekall.provider.weather/cities/1/forecasts
01-15 00:56:00.318 D/Utils   ( 1374): [weatherCodeToIconRes] code --  lsup -- -1
01-15 00:56:00.318 D/Utils   ( 1374): time -- -1
01-15 00:56:00.352 D/Utils   ( 1374): [numberToImageRes] number -- 0
01-15 00:56:00.352 D/Utils   ( 1374): [numberToImageRes] number -- 5
01-15 00:56:00.354 D/Utils   ( 1374): [numberToImageRes] number -- 6
01-15 00:56:00.378 D/WeatherProvider( 1239): [query] uri -- content://com.pekall.provider.weather/cities/1
01-15 00:56:00.404 D/ClockViewBuilder( 1374): [buildCityExistView] enter
01-15 00:56:00.438 D/WeatherProvider( 1239): [query] uri -- content://com.pekall.provider.weather/cities/1/current_conditions
01-15 00:56:00.472 D/WeatherProvider( 1239): [query] uri -- content://com.pekall.provider.weather/cities/1/forecasts
01-15 00:56:00.486 D/Utils   ( 1374): [weatherCodeToIconRes] code --  lsup -- -1
01-15 00:56:00.486 D/Utils   ( 1374): time -- -1
01-15 00:56:05.682 D/dalvikvm( 1427): GC_EXPLICIT freed 1123 objects / 56912 bytes in 104ms
01-15 00:56:59.962 D/SntpClient( 1076): request time failed: java.net.UnknownHostException: asia.pool.ntp.org
01-15 00:57:00.018 D/AlarmManager( 1076): *** setRepeating() triggerTime=14 Jan 2011 16:58:00 GMT,from android,needSetPMUAlarm=false,isShuting=false
01-15 00:57:00.020 D/AlarmManager( 1076): setRepeating() index=0
01-15 00:57:00.090 D/SntpClient( 1076): request time failed: java.net.UnknownHostException: asia.pool.ntp.org
01-15 00:57:00.092 D/AlarmManager( 1076): *** setRepeating() triggerTime=1 Jan 1970 00:00:55 GMT,from com.mediawoz.goweather,needSetPMUAlarm=false,isShuting=false
01-15 00:57:00.092 D/AlarmManager( 1076): setRepeating() index=0
01-15 00:57:00.098 D/SntpClient( 1076): request time failed: java.net.UnknownHostException: asia.pool.ntp.org
01-15 00:57:00.136 D/AlarmManager( 1076): *** setRepeating() triggerTime=1 Jan 1970 16:50:10 GMT,from android,needSetPMUAlarm=false,isShuting=false
01-15 00:57:00.140 D/AlarmManager( 1076): setRepeating() index=0
01-15 00:57:00.162 D/ClockUpdateService( 1374): mTimeTickReceiver[onReceive] intent -- Intent { act=android.intent.action.TIME_TICK flg=0x40000004 (has extras) }
01-15 00:57:00.188 D/Utils   ( 1374): [numberToImageRes] number -- 0
01-15 00:57:00.192 D/Utils   ( 1374): [numberToImageRes] number -- 5
01-15 00:57:00.192 D/Utils   ( 1374): [numberToImageRes] number -- 7
01-15 00:57:00.224 D/WeatherProvider( 1239): [query] uri -- content://com.pekall.provider.weather/cities/1
01-15 00:57:00.248 D/ClockViewBuilder( 1374): [buildCityExistView] enter
01-15 00:57:00.272 D/WeatherProvider( 1239): [query] uri -- content://com.pekall.provider.weather/cities/1/current_conditions
01-15 00:57:00.306 D/WeatherProvider( 1239): [query] uri -- content://com.pekall.provider.weather/cities/1/forecasts
01-15 00:57:00.320 D/Utils   ( 1374): [weatherCodeToIconRes] code --  lsup -- -1
01-15 00:57:00.320 D/Utils   ( 1374): time -- -1
01-15 00:57:00.354 D/Utils   ( 1374): [numberToImageRes] number -- 0
01-15 00:57:00.356 D/Utils   ( 1374): [numberToImageRes] number -- 5
01-15 00:57:00.356 D/Utils   ( 1374): [numberToImageRes] number -- 7
01-15 00:57:00.386 D/WeatherProvider( 1239): [query] uri -- content://com.pekall.provider.weather/cities/1
01-15 00:57:00.406 D/ClockViewBuilder( 1374): [buildCityExistView] enter
01-15 00:57:00.436 D/WeatherProvider( 1239): [query] uri -- content://com.pekall.provider.weather/cities/1/current_conditions
01-15 00:57:00.472 D/WeatherProvider( 1239): [query] uri -- content://com.pekall.provider.weather/cities/1/forecasts
01-15 00:57:00.486 D/Utils   ( 1374): [weatherCodeToIconRes] code --  lsup -- -1
01-15 00:57:00.486 D/Utils   ( 1374): time -- -1
01-15 00:57:05.676 D/dalvikvm( 1239): GC_EXPLICIT freed 563 objects / 25472 bytes in 103ms
01-15 00:57:10.734 D/dalvikvm( 1420): GC_EXPLICIT freed 3985 objects / 215536 bytes in 159ms
01-15 00:58:00.048 D/AlarmManager( 1076): *** setRepeating() triggerTime=14 Jan 2011 16:59:00 GMT,from android,needSetPMUAlarm=false,isShuting=false
01-15 00:58:00.048 D/AlarmManager( 1076): setRepeating() index=0
01-15 00:58:00.100 D/AlarmManager( 1076): *** setRepeating() triggerTime=1 Jan 1970 00:00:55 GMT,from com.mediawoz.goweather,needSetPMUAlarm=false,isShuting=false
01-15 00:58:00.106 D/AlarmManager( 1076): setRepeating() index=0
01-15 00:58:00.162 D/ClockUpdateService( 1374): mTimeTickReceiver[onReceive] intent -- Intent { act=android.intent.action.TIME_TICK flg=0x40000004 (has extras) }
01-15 00:58:00.188 D/Utils   ( 1374): [numberToImageRes] number -- 0
01-15 00:58:00.190 D/Utils   ( 1374): [numberToImageRes] number -- 5
01-15 00:58:00.192 D/Utils   ( 1374): [numberToImageRes] number -- 8
01-15 00:58:00.226 D/WeatherProvider( 1239): [query] uri -- content://com.pekall.provider.weather/cities/1
01-15 00:58:00.250 D/ClockViewBuilder( 1374): [buildCityExistView] enter
01-15 00:58:00.272 D/WeatherProvider( 1239): [query] uri -- content://com.pekall.provider.weather/cities/1/current_conditions
01-15 00:58:00.306 D/WeatherProvider( 1239): [query] uri -- content://com.pekall.provider.weather/cities/1/forecasts
01-15 00:58:00.322 D/Utils   ( 1374): [weatherCodeToIconRes] code --  lsup -- -1
01-15 00:58:00.322 D/Utils   ( 1374): time -- -1
01-15 00:58:00.352 D/Utils   ( 1374): [numberToImageRes] number -- 0
01-15 00:58:00.352 D/Utils   ( 1374): [numberToImageRes] number -- 5
01-15 00:58:00.354 D/Utils   ( 1374): [numberToImageRes] number -- 8
01-15 00:58:00.378 D/WeatherProvider( 1239): [query] uri -- content://com.pekall.provider.weather/cities/1
01-15 00:58:00.404 D/ClockViewBuilder( 1374): [buildCityExistView] enter
01-15 00:58:00.440 D/WeatherProvider( 1239): [query] uri -- content://com.pekall.provider.weather/cities/1/current_conditions
01-15 00:58:00.474 D/WeatherProvider( 1239): [query] uri -- content://com.pekall.provider.weather/cities/1/forecasts
01-15 00:58:00.492 D/Utils   ( 1374): [weatherCodeToIconRes] code --  lsup -- -1
01-15 00:58:00.492 D/Utils   ( 1374): time -- -1
01-15 00:58:05.686 D/dalvikvm( 1427): GC_EXPLICIT freed 1117 objects / 56672 bytes in 105ms
01-15 00:58:42.933 V/websync ( 1927): CookieSyncManager::syncFromRamToFlash STARTS
01-15 00:58:42.933 V/websync ( 1927): CookieSyncManager::syncFromRamToFlash DONE
01-15 00:59:00.048 D/AlarmManager( 1076): *** setRepeating() triggerTime=14 Jan 2011 17:00:00 GMT,from android,needSetPMUAlarm=false,isShuting=false
01-15 00:59:00.054 D/AlarmManager( 1076): setRepeating() index=0
01-15 00:59:00.104 D/AlarmManager( 1076): *** setRepeating() triggerTime=1 Jan 1970 00:00:55 GMT,from com.mediawoz.goweather,needSetPMUAlarm=false,isShuting=false
01-15 00:59:00.110 D/AlarmManager( 1076): setRepeating() index=0
01-15 00:59:00.170 D/ClockUpdateService( 1374): mTimeTickReceiver[onReceive] intent -- Intent { act=android.intent.action.TIME_TICK flg=0x40000004 (has extras) }
01-15 00:59:00.194 D/Utils   ( 1374): [numberToImageRes] number -- 0
01-15 00:59:00.198 D/Utils   ( 1374): [numberToImageRes] number -- 5
01-15 00:59:00.198 D/Utils   ( 1374): [numberToImageRes] number -- 9
01-15 00:59:00.232 D/WeatherProvider( 1239): [query] uri -- content://com.pekall.provider.weather/cities/1
01-15 00:59:00.256 D/ClockViewBuilder( 1374): [buildCityExistView] enter
01-15 00:59:00.282 D/WeatherProvider( 1239): [query] uri -- content://com.pekall.provider.weather/cities/1/current_conditions
01-15 00:59:00.326 D/WeatherProvider( 1239): [query] uri -- content://com.pekall.provider.weather/cities/1/forecasts
01-15 00:59:00.342 D/Utils   ( 1374): [weatherCodeToIconRes] code --  lsup -- -1
01-15 00:59:00.342 D/Utils   ( 1374): time -- -1
01-15 00:59:00.378 D/Utils   ( 1374): [numberToImageRes] number -- 0
01-15 00:59:00.380 D/Utils   ( 1374): [numberToImageRes] number -- 5
01-15 00:59:00.390 D/Utils   ( 1374): [numberToImageRes] number -- 9
01-15 00:59:00.414 D/WeatherProvider( 1239): [query] uri -- content://com.pekall.provider.weather/cities/1
01-15 00:59:00.444 D/ClockViewBuilder( 1374): [buildCityExistView] enter
01-15 00:59:00.490 D/WeatherProvider( 1239): [query] uri -- content://com.pekall.provider.weather/cities/1/current_conditions
01-15 00:59:00.530 D/WeatherProvider( 1239): [query] uri -- content://com.pekall.provider.weather/cities/1/forecasts
01-15 00:59:00.548 D/Utils   ( 1374): [weatherCodeToIconRes] code --  lsup -- -1
01-15 00:59:00.550 D/Utils   ( 1374): time -- -1
01-15 00:59:05.786 D/dalvikvm( 1239): GC_EXPLICIT freed 563 objects / 25400 bytes in 102ms
01-15 00:59:10.796 D/dalvikvm( 1420): GC_EXPLICIT freed 3985 objects / 215592 bytes in 112ms
01-15 01:00:00.120 D/AlarmManager( 1076): *** setRepeating() triggerTime=15 Jan 2011 17:00:00 GMT,from android,needSetPMUAlarm=false,isShuting=false
01-15 01:00:00.122 D/AlarmManager( 1076): setRepeating() index=4
01-15 01:00:00.148 D/AlarmManager( 1076): *** setRepeating() triggerTime=14 Jan 2011 17:01:00 GMT,from android,needSetPMUAlarm=false,isShuting=false
01-15 01:00:00.150 D/AlarmManager( 1076): setRepeating() index=0
01-15 01:00:00.202 D/AlarmManager( 1076): *** setRepeating() triggerTime=1 Jan 1970 00:00:55 GMT,from com.mediawoz.goweather,needSetPMUAlarm=false,isShuting=false
01-15 01:00:00.208 D/AlarmManager( 1076): setRepeating() index=0
01-15 01:00:00.288 D/ClockUpdateService( 1374): mTimeTickReceiver[onReceive] intent -- Intent { act=android.intent.action.TIME_TICK flg=0x40000004 (has extras) }
01-15 01:00:00.328 D/Utils   ( 1374): [numberToImageRes] number -- 1
01-15 01:00:00.328 D/Utils   ( 1374): [numberToImageRes] number -- 0
01-15 01:00:00.328 D/Utils   ( 1374): [numberToImageRes] number -- 0
01-15 01:00:00.366 D/WeatherProvider( 1239): [query] uri -- content://com.pekall.provider.weather/cities/1
01-15 01:00:00.394 D/ClockViewBuilder( 1374): [buildCityExistView] enter
01-15 01:00:00.432 D/WeatherProvider( 1239): [query] uri -- content://com.pekall.provider.weather/cities/1/current_conditions
01-15 01:00:00.476 D/WeatherProvider( 1239): [query] uri -- content://com.pekall.provider.weather/cities/1/forecasts
01-15 01:00:00.494 D/Utils   ( 1374): [weatherCodeToIconRes] code --  lsup -- -1
01-15 01:00:00.494 D/Utils   ( 1374): time -- -1
01-15 01:00:00.528 D/Utils   ( 1374): [numberToImageRes] number -- 1
01-15 01:00:00.528 D/Utils   ( 1374): [numberToImageRes] number -- 0
01-15 01:00:00.528 D/Utils   ( 1374): [numberToImageRes] number -- 0
01-15 01:00:00.550 D/WeatherProvider( 1239): [query] uri -- content://com.pekall.provider.weather/cities/1
01-15 01:00:00.576 D/ClockViewBuilder( 1374): [buildCityExistView] enter
01-15 01:00:00.610 D/WeatherProvider( 1239): [query] uri -- content://com.pekall.provider.weather/cities/1/current_conditions
01-15 01:00:00.644 D/WeatherProvider( 1239): [query] uri -- content://com.pekall.provider.weather/cities/1/forecasts
01-15 01:00:00.656 D/Utils   ( 1374): [weatherCodeToIconRes] code --  lsup -- -1
01-15 01:00:00.656 D/Utils   ( 1374): time -- -1
01-15 01:00:05.852 D/dalvikvm( 1427): GC_EXPLICIT freed 1117 objects / 56672 bytes in 105ms
01-15 01:00:24.394 V/websync ( 1427): CookieSyncManager::syncFromRamToFlash STARTS
01-15 01:00:24.394 V/websync ( 1427): CookieSyncManager::syncFromRamToFlash DONE
01-15 01:01:00.026 D/AlarmManager( 1076): *** setRepeating() triggerTime=14 Jan 2011 17:02:00 GMT,from android,needSetPMUAlarm=false,isShuting=false
01-15 01:01:00.026 D/AlarmManager( 1076): setRepeating() index=0
01-15 01:01:00.230 D/dalvikvm( 1076): GC_FOR_MALLOC freed 20947 objects / 907360 bytes in 166ms
01-15 01:01:00.268 D/AlarmManager( 1076): *** setRepeating() triggerTime=1 Jan 1970 00:00:55 GMT,from com.mediawoz.goweather,needSetPMUAlarm=false,isShuting=false
01-15 01:01:00.268 D/AlarmManager( 1076): setRepeating() index=0
01-15 01:01:00.328 D/ClockUpdateService( 1374): mTimeTickReceiver[onReceive] intent -- Intent { act=android.intent.action.TIME_TICK flg=0x40000004 (has extras) }
01-15 01:01:00.352 D/Utils   ( 1374): [numberToImageRes] number -- 1
01-15 01:01:00.356 D/Utils   ( 1374): [numberToImageRes] number -- 0
01-15 01:01:00.356 D/Utils   ( 1374): [numberToImageRes] number -- 1
01-15 01:01:00.550 D/dalvikvm( 1374): GC_EXPLICIT freed 8438 objects / 338720 bytes in 165ms
01-15 01:01:00.562 D/WeatherProvider( 1239): [query] uri -- content://com.pekall.provider.weather/cities/1
01-15 01:01:00.592 D/ClockViewBuilder( 1374): [buildCityExistView] enter
01-15 01:01:00.642 D/WeatherProvider( 1239): [query] uri -- content://com.pekall.provider.weather/cities/1/current_conditions
01-15 01:01:00.684 D/WeatherProvider( 1239): [query] uri -- content://com.pekall.provider.weather/cities/1/forecasts
01-15 01:01:00.700 D/Utils   ( 1374): [weatherCodeToIconRes] code --  lsup -- -1
01-15 01:01:00.700 D/Utils   ( 1374): time -- -1
01-15 01:01:00.744 D/Utils   ( 1374): [numberToImageRes] number -- 1
01-15 01:01:00.748 D/Utils   ( 1374): [numberToImageRes] number -- 0
01-15 01:01:00.750 D/Utils   ( 1374): [numberToImageRes] number -- 1
01-15 01:01:00.780 D/WeatherProvider( 1239): [query] uri -- content://com.pekall.provider.weather/cities/1
01-15 01:01:00.810 D/ClockViewBuilder( 1374): [buildCityExistView] enter
01-15 01:01:00.832 D/WeatherProvider( 1239): [query] uri -- content://com.pekall.provider.weather/cities/1/current_conditions
01-15 01:01:00.858 D/WeatherProvider( 1239): [query] uri -- content://com.pekall.provider.weather/cities/1/forecasts
01-15 01:01:00.872 D/Utils   ( 1374): [weatherCodeToIconRes] code --  lsup -- -1
01-15 01:01:00.872 D/Utils   ( 1374): time -- -1
01-15 01:01:05.912 D/dalvikvm( 1239): GC_EXPLICIT freed 563 objects / 25312 bytes in 103ms
01-15 01:01:10.930 D/dalvikvm( 1420): GC_EXPLICIT freed 3981 objects / 215576 bytes in 116ms
01-15 01:02:00.022 D/AlarmManager( 1076): *** setRepeating() triggerTime=14 Jan 2011 17:03:00 GMT,from android,needSetPMUAlarm=false,isShuting=false
01-15 01:02:00.026 D/AlarmManager( 1076): setRepeating() index=0
01-15 01:02:00.086 D/AlarmManager( 1076): *** setRepeating() triggerTime=1 Jan 1970 00:00:55 GMT,from com.mediawoz.goweather,needSetPMUAlarm=false,isShuting=false
01-15 01:02:00.090 D/AlarmManager( 1076): setRepeating() index=0
01-15 01:02:00.144 D/ClockUpdateService( 1374): mTimeTickReceiver[onReceive] intent -- Intent { act=android.intent.action.TIME_TICK flg=0x40000004 (has extras) }
01-15 01:02:00.170 D/Utils   ( 1374): [numberToImageRes] number -- 1
01-15 01:02:00.172 D/Utils   ( 1374): [numberToImageRes] number -- 0
01-15 01:02:00.174 D/Utils   ( 1374): [numberToImageRes] number -- 2
01-15 01:02:00.206 D/WeatherProvider( 1239): [query] uri -- content://com.pekall.provider.weather/cities/1
01-15 01:02:00.230 D/ClockViewBuilder( 1374): [buildCityExistView] enter
01-15 01:02:00.254 D/WeatherProvider( 1239): [query] uri -- content://com.pekall.provider.weather/cities/1/current_conditions
01-15 01:02:00.284 D/WeatherProvider( 1239): [query] uri -- content://com.pekall.provider.weather/cities/1/forecasts
01-15 01:02:00.298 D/Utils   ( 1374): [weatherCodeToIconRes] code --  lsup -- -1
01-15 01:02:00.298 D/Utils   ( 1374): time -- -1
01-15 01:02:00.328 D/Utils   ( 1374): [numberToImageRes] number -- 1
01-15 01:02:00.330 D/Utils   ( 1374): [numberToImageRes] number -- 0
01-15 01:02:00.334 D/Utils   ( 1374): [numberToImageRes] number -- 2
01-15 01:02:00.356 D/WeatherProvider( 1239): [query] uri -- content://com.pekall.provider.weather/cities/1
01-15 01:02:00.382 D/ClockViewBuilder( 1374): [buildCityExistView] enter
01-15 01:02:00.418 D/WeatherProvider( 1239): [query] uri -- content://com.pekall.provider.weather/cities/1/current_conditions
01-15 01:02:00.452 D/WeatherProvider( 1239): [query] uri -- content://com.pekall.provider.weather/cities/1/forecasts
01-15 01:02:00.468 D/Utils   ( 1374): [weatherCodeToIconRes] code --  lsup -- -1
01-15 01:02:00.468 D/Utils   ( 1374): time -- -1
01-15 01:02:05.660 D/dalvikvm( 1427): GC_EXPLICIT freed 1123 objects / 56904 bytes in 105ms
01-15 01:03:00.048 D/AlarmManager( 1076): *** setRepeating() triggerTime=14 Jan 2011 17:04:00 GMT,from android,needSetPMUAlarm=false,isShuting=false
01-15 01:03:00.052 D/AlarmManager( 1076): setRepeating() index=0
01-15 01:03:00.104 D/AlarmManager( 1076): *** setRepeating() triggerTime=1 Jan 1970 00:00:55 GMT,from com.mediawoz.goweather,needSetPMUAlarm=false,isShuting=false
01-15 01:03:00.108 D/AlarmManager( 1076): setRepeating() index=0
01-15 01:03:00.164 D/ClockUpdateService( 1374): mTimeTickReceiver[onReceive] intent -- Intent { act=android.intent.action.TIME_TICK flg=0x40000004 (has extras) }
01-15 01:03:00.192 D/Utils   ( 1374): [numberToImageRes] number -- 1
01-15 01:03:00.192 D/Utils   ( 1374): [numberToImageRes] number -- 0
01-15 01:03:00.194 D/Utils   ( 1374): [numberToImageRes] number -- 3
01-15 01:03:00.228 D/WeatherProvider( 1239): [query] uri -- content://com.pekall.provider.weather/cities/1
01-15 01:03:00.252 D/ClockViewBuilder( 1374): [buildCityExistView] enter
01-15 01:03:00.274 D/WeatherProvider( 1239): [query] uri -- content://com.pekall.provider.weather/cities/1/current_conditions
01-15 01:03:00.308 D/WeatherProvider( 1239): [query] uri -- content://com.pekall.provider.weather/cities/1/forecasts
01-15 01:03:00.322 D/Utils   ( 1374): [weatherCodeToIconRes] code --  lsup -- -1
01-15 01:03:00.322 D/Utils   ( 1374): time -- -1
01-15 01:03:00.354 D/Utils   ( 1374): [numberToImageRes] number -- 1
01-15 01:03:00.358 D/Utils   ( 1374): [numberToImageRes] number -- 0
01-15 01:03:00.358 D/Utils   ( 1374): [numberToImageRes] number -- 3
01-15 01:03:00.382 D/WeatherProvider( 1239): [query] uri -- content://com.pekall.provider.weather/cities/1
01-15 01:03:00.404 D/ClockViewBuilder( 1374): [buildCityExistView] enter
01-15 01:03:00.442 D/WeatherProvider( 1239): [query] uri -- content://com.pekall.provider.weather/cities/1/current_conditions
01-15 01:03:00.476 D/WeatherProvider( 1239): [query] uri -- content://com.pekall.provider.weather/cities/1/forecasts
01-15 01:03:00.494 D/Utils   ( 1374): [weatherCodeToIconRes] code --  lsup -- -1
01-15 01:03:00.494 D/Utils   ( 1374): time -- -1
01-15 01:03:05.660 D/dalvikvm( 1239): GC_EXPLICIT freed 2331 objects / 110856 bytes in 75ms
01-15 01:03:10.728 D/dalvikvm( 1420): GC_EXPLICIT freed 3981 objects / 215440 bytes in 144ms
01-15 01:03:42.934 V/websync ( 1927): CookieSyncManager::syncFromRamToFlash STARTS
01-15 01:03:42.934 V/websync ( 1927): CookieSyncManager::syncFromRamToFlash DONE
01-15 01:04:00.044 D/AlarmManager( 1076): *** setRepeating() triggerTime=14 Jan 2011 17:05:00 GMT,from android,needSetPMUAlarm=false,isShuting=false
01-15 01:04:00.046 D/AlarmManager( 1076): setRepeating() index=0
01-15 01:04:00.102 D/AlarmManager( 1076): *** setRepeating() triggerTime=1 Jan 1970 00:00:55 GMT,from com.mediawoz.goweather,needSetPMUAlarm=false,isShuting=false
01-15 01:04:00.102 D/AlarmManager( 1076): setRepeating() index=0
01-15 01:04:00.168 D/ClockUpdateService( 1374): mTimeTickReceiver[onReceive] intent -- Intent { act=android.intent.action.TIME_TICK flg=0x40000004 (has extras) }
01-15 01:04:00.196 D/Utils   ( 1374): [numberToImageRes] number -- 1
01-15 01:04:00.196 D/Utils   ( 1374): [numberToImageRes] number -- 0
01-15 01:04:00.198 D/Utils   ( 1374): [numberToImageRes] number -- 4
01-15 01:04:00.232 D/WeatherProvider( 1239): [query] uri -- content://com.pekall.provider.weather/cities/1
01-15 01:04:00.256 D/ClockViewBuilder( 1374): [buildCityExistView] enter
01-15 01:04:00.278 D/WeatherProvider( 1239): [query] uri -- content://com.pekall.provider.weather/cities/1/current_conditions
01-15 01:04:00.312 D/WeatherProvider( 1239): [query] uri -- content://com.pekall.provider.weather/cities/1/forecasts
01-15 01:04:00.324 D/Utils   ( 1374): [weatherCodeToIconRes] code --  lsup -- -1
01-15 01:04:00.326 D/Utils   ( 1374): time -- -1
01-15 01:04:00.354 D/Utils   ( 1374): [numberToImageRes] number -- 1
01-15 01:04:00.356 D/Utils   ( 1374): [numberToImageRes] number -- 0
01-15 01:04:00.356 D/Utils   ( 1374): [numberToImageRes] number -- 4
01-15 01:04:00.380 D/WeatherProvider( 1239): [query] uri -- content://com.pekall.provider.weather/cities/1
01-15 01:04:00.406 D/ClockViewBuilder( 1374): [buildCityExistView] enter
01-15 01:04:00.448 D/WeatherProvider( 1239): [query] uri -- content://com.pekall.provider.weather/cities/1/current_conditions
01-15 01:04:00.480 D/WeatherProvider( 1239): [query] uri -- content://com.pekall.provider.weather/cities/1/forecasts
01-15 01:04:00.498 D/Utils   ( 1374): [weatherCodeToIconRes] code --  lsup -- -1
01-15 01:04:00.498 D/Utils   ( 1374): time -- -1
01-15 01:04:05.688 D/dalvikvm( 1427): GC_EXPLICIT freed 1117 objects / 56752 bytes in 106ms
01-15 01:05:00.048 D/AlarmManager( 1076): *** setRepeating() triggerTime=14 Jan 2011 17:06:00 GMT,from android,needSetPMUAlarm=false,isShuting=false
01-15 01:05:00.048 D/AlarmManager( 1076): setRepeating() index=0
01-15 01:05:00.102 D/AlarmManager( 1076): *** setRepeating() triggerTime=1 Jan 1970 00:00:55 GMT,from com.mediawoz.goweather,needSetPMUAlarm=false,isShuting=false
01-15 01:05:00.106 D/AlarmMana