--------- beginning of /dev/log/system
01-14 08:18:00.661 I/ActivityManager( 1076): Start proc com.android.providers.calendar for broadcast com.android.providers.calendar/.CalendarReceiver: pid=1295 uid=10042 gids={3003}
01-14 08:18:00.679 E/BatteryMonitorService( 1172): ---2131165184---100
01-14 08:18:00.679 E/BatteryMonitorService( 1172): ---2131165185---200
01-14 08:18:00.679 E/BatteryMonitorService( 1172): ---2131165191---200
01-14 08:18:00.679 E/BatteryMonitorService( 1172): ---2131165186---200
01-14 08:18:00.679 E/BatteryMonitorService( 1172): ---2131165187---180
01-14 08:18:00.691 E/BatteryMonitorService( 1172): ---2131165188---150
01-14 08:18:00.691 E/BatteryMonitorService( 1172): ---2131165189---120
01-14 08:18:00.691 E/BatteryMonitorService( 1172): ---2131165190---100
01-14 08:18:00.691 E/BatteryMonitorService( 1172): ---2131165192---80
01-14 08:18:00.691 E/BatteryMonitorService( 1172): ---2131165193---40
01-14 08:18:00.691 E/BatteryMonitorService( 1172): ---2131165194---90
01-14 08:18:00.701 E/BatteryMonitorService( 1172): ---2131165195---110
01-14 08:18:02.335 I/ActivityManager( 1076): Start proc com.android.mmi for broadcast com.android.mmi/.MmiTestBroadcastReceiver: pid=1311 uid=1000 gids={1015, 3002, 3001, 1006, 3003}
01-14 08:18:03.157 I/ActivityManager( 1076): Start proc com.android.email for broadcast com.android.email/com.android.exchange.BootReceiver: pid=1322 uid=10012 gids={3003, 1015}
01-14 08:18:05.305 I/ActivityManager( 1076): Start proc com.pekall.clockset for broadcast com.pekall.clockset/.alarmclock.AlarmInitReceiver: pid=1334 uid=10058 gids={}
01-14 08:18:06.293 I/ActivityManager( 1076): Start proc com.pekall.dcd for broadcast com.pekall.dcd/.receiver.DcdReceiver: pid=1347 uid=10020 gids={3003, 1015}
01-14 08:18:07.777 I/ActivityManager( 1076): Start proc com.pekall.firewall for broadcast com.pekall.firewall/.services.BroadcastListener: pid=1358 uid=10033 gids={}
01-14 08:18:08.267 I/ActivityManager( 1076): Start proc com.android.bluetooth for broadcast com.android.bluetooth/.opp.BluetoothOppReceiver: pid=1367 uid=10054 gids={3003, 3002, 3001, 1015}
01-14 08:18:08.579 I/ActivityManager( 1076): Start proc com.pekall.weatherwidget for broadcast com.pekall.weatherwidget/.WeatherReceiver: pid=1374 uid=10045 gids={3003}
01-14 08:18:09.243 I/ActivityManager( 1076): Start proc com.pekall.mobiletv for broadcast com.pekall.mobiletv/.BootCompleteReceiver: pid=1385 uid=10057 gids={3003, 1015}
01-14 08:18:10.657 I/ActivityManager( 1076): Start proc cn.yo2.aquarium.callvibrator for broadcast cn.yo2.aquarium.callvibrator/.BootCompleteReceiver: pid=1398 uid=10031 gids={1007}
01-14 08:18:10.851 I/ActivityManager( 1076): Start proc org.sipdroid.sipua for broadcast org.sipdroid.sipua/.ui.Receiver: pid=1405 uid=10080 gids={3003, 1006, 1015, 3002}
01-14 08:18:11.205 I/ActivityManager( 1076): Start proc de.shandschuh.sparserss for broadcast de.shandschuh.sparserss/.BootCompletedBroadcastReceiver: pid=1412 uid=10030 gids={3003, 1015}
01-14 08:18:12.061 I/ActivityManager( 1076): Start proc com.mediawoz.goweather for broadcast com.mediawoz.goweather/.ServiceBroadcastReceiver: pid=1420 uid=10024 gids={3003, 1015, 1007}
01-14 08:18:12.415 I/ActivityManager( 1076): Start proc com.mediawoz.goweather:remote for service com.mediawoz.goweather/.StatusBarService: pid=1427 uid=10024 gids={3003, 1015, 1007}
01-14 08:18:12.421 I/ActivityManager( 1076): No longer want com.android.providers.calendar (pid 1295): hidden #16
01-14 08:18:19.685 I/ActivityManager( 1076): No longer want com.android.mmi (pid 1311): hidden #16
01-14 08:30:00.525 D/ConnectivityServiceExt( 1076): don't find feature user for this pid:1239
01-14 08:30:00.527 D/ConnectivityServiceExt( 1076): don't find feature user for this pid:1239
01-14 08:30:00.853 D/ConnectivityServiceExt( 1076): don't find feature user for this pid:1239
01-14 08:30:00.855 D/ConnectivityServiceExt( 1076): don't find feature user for this pid:1239
01-14 08:30:00.921 D/ConnectivityServiceExt( 1076): don't find feature user for this pid:1239
01-14 08:30:00.923 D/ConnectivityServiceExt( 1076): don't find feature user for this pid:1239
01-14 08:30:00.957 D/ConnectivityServiceExt( 1076): don't find feature user for this pid:1239
01-14 08:30:00.959 D/ConnectivityServiceExt( 1076): don't find feature user for this pid:1239
01-14 08:31:01.213 D/ConnectivityServiceExt( 1076): don't find feature user for this pid:1239
01-14 08:31:01.215 D/ConnectivityServiceExt( 1076): don't find feature user for this pid:1239
01-14 08:31:01.253 D/ConnectivityServiceExt( 1076): don't find feature user for this pid:1239
01-14 08:31:01.255 D/ConnectivityServiceExt( 1076): don't find feature user for this pid:1239
01-14 08:31:01.291 D/ConnectivityServiceExt( 1076): don't find feature user for this pid:1239
01-14 08:31:01.293 D/ConnectivityServiceExt( 1076): don't find feature user for this pid:1239
01-14 08:31:01.325 D/ConnectivityServiceExt( 1076): don't find feature user for this pid:1239
01-14 08:31:01.327 D/ConnectivityServiceExt( 1076): don't find feature user for this pid:1239
01-14 08:48:00.563 I/ActivityManager( 1076): No longer want com.pekall.syncml (pid 1254): hidden #16
01-14 08:48:00.573 W/ActivityManager( 1076): Scheduling restart of crashed service com.pekall.syncml/.service.SyncEngineService in 5000ms
01-14 08:48:05.629 I/ActivityManager( 1076): Start proc com.pekall.syncml for service com.pekall.syncml/.service.SyncEngineService: pid=1626 uid=10019 gids={3003}
01-14 09:02:00.017 I/ActivityManager( 1076): No longer want com.android.settings (pid 1172): hidden #16
01-14 09:02:00.079 W/ActivityManager( 1076): Scheduling restart of crashed service com.android.settings/.UsbStorageService in 5000ms
01-14 09:02:00.081 W/ActivityManager( 1076): Scheduling restart of crashed service com.android.settings/.BatteryMonitorService in 14999ms
01-14 09:02:00.081 W/ActivityManager( 1076): Scheduling restart of crashed service com.android.settings/.BatteryPowerService in 24998ms
01-14 09:02:00.083 W/ActivityManager( 1076): Scheduling restart of crashed service com.android.settings/.SettingsUsbService in 34997ms
01-14 09:02:00.085 W/ActivityManager( 1076): Scheduling restart of crashed service com.android.settings/.BatteryTemperatureService in 44997ms
01-14 09:02:05.137 I/ActivityManager( 1076): Start proc com.android.settings for service com.android.settings/.UsbStorageService: pid=1701 uid=1000 gids={1015, 3002, 3001, 1006, 3003}
01-14 09:02:05.339 D/VoldCmdListener( 1011): share status ums
01-14 09:02:05.349 D/StorageSdEvent( 1701): Startup with UMS connection true (media state mounted)
01-14 09:02:05.359 D/VoldCmdListener( 1011): volume shared /mnt/sdcard ums
01-14 09:02:08.271 W/Vold    ( 1011): Ignoring unknown switch 'usb_configuration'
01-14 09:02:08.281 I/StorageSdEvent( 1701): UMS connection changed to false (media state mounted)
01-14 09:02:08.291 I/StorageNotification( 1076): UMS connection changed to false (media state mounted)
01-14 09:02:08.347 D/VoldCmdListener( 1011): volume unshare /mnt/sdcard ums
01-14 09:02:08.347 W/Vold    ( 1011): Returning OperationFailed - no handler for errno 22
01-14 09:02:08.401 E/MountService( 1076): Failed to share/unshare
01-14 09:02:08.401 E/MountService( 1076): com.android.server.NativeDaemonConnectorException: Cmd {volume unshare /mnt/sdcard ums} failed with code 400 : {volume operation failed (Invalid argument)}
01-14 09:02:08.401 E/MountService( 1076): 	at com.android.server.NativeDaemonConnector.doCommand(NativeDaemonConnector.java:247)
01-14 09:02:08.401 E/MountService( 1076): 	at com.android.server.MountService.doShareUnshareVolume(MountService.java:366)
01-14 09:02:08.401 E/MountService( 1076): 	at com.android.server.MountService.setUsbMassStorageEnabled(MountService.java:1030)
01-14 09:02:08.401 E/MountService( 1076): 	at android.os.storage.IMountService$Stub.onTransact(IMountService.java:82)
01-14 09:02:08.401 E/MountService( 1076): 	at android.os.Binder.execTransact(Binder.java:288)
01-14 09:02:08.401 E/MountService( 1076): 	at dalvik.system.NativeStart.run(Native Method)
01-14 09:02:08.405 D/VoldCmdListener( 1011): volume mount /mnt/sdcard
01-14 09:02:08.413 E/MountService( 1076): Failed to remount /mnt/sdcard after disabling share method ums
01-14 09:02:10.609 W/Vold    ( 1011): Ignoring unknown switch 'usb_configuration'
01-14 09:02:10.615 I/StorageSdEvent( 1701): UMS connection changed to true (media state mounted)
01-14 09:02:10.629 D/VoldCmdListener( 1011): volume unshare /mnt/sdcard ums
01-14 09:02:10.629 W/Vold    ( 1011): Returning OperationFailed - no handler for errno 22
01-14 09:02:10.631 I/StorageNotification( 1076): UMS connection changed to true (media state mounted)
01-14 09:02:10.701 E/MountService( 1076): Failed to share/unshare
01-14 09:02:10.701 E/MountService( 1076): com.android.server.NativeDaemonConnectorException: Cmd {volume unshare /mnt/sdcard ums} failed with code 400 : {volume operation failed (Invalid argument)}
01-14 09:02:10.701 E/MountService( 1076): 	at com.android.server.NativeDaemonConnector.doCommand(NativeDaemonConnector.java:247)
01-14 09:02:10.701 E/MountService( 1076): 	at com.android.server.MountService.doShareUnshareVolume(MountService.java:366)
01-14 09:02:10.701 E/MountService( 1076): 	at com.android.server.MountService.setUsbMassStorageEnabled(MountService.java:1030)
01-14 09:02:10.701 E/MountService( 1076): 	at android.os.storage.IMountService$Stub.onTransact(IMountService.java:82)
01-14 09:02:10.701 E/MountService( 1076): 	at android.os.Binder.execTransact(Binder.java:288)
01-14 09:02:10.701 E/MountService( 1076): 	at dalvik.system.NativeStart.run(Native Method)
01-14 09:02:10.713 D/VoldCmdListener( 1011): volume mount /mnt/sdcard
01-14 09:02:10.747 E/MountService( 1076): Failed to remount /mnt/sdcard after disabling share method ums
01-14 09:02:15.115 E/BatteryMonitorService( 1701): ---2131165184---100
01-14 09:02:15.115 E/BatteryMonitorService( 1701): ---2131165185---200
01-14 09:02:15.117 E/BatteryMonitorService( 1701): ---2131165191---200
01-14 09:02:15.117 E/BatteryMonitorService( 1701): ---2131165186---200
01-14 09:02:15.117 E/BatteryMonitorService( 1701): ---2131165187---180
01-14 09:02:15.117 E/BatteryMonitorService( 1701): ---2131165188---150
01-14 09:02:15.119 E/BatteryMonitorService( 1701): ---2131165189---120
01-14 09:02:15.119 E/BatteryMonitorService( 1701): ---2131165190---100
01-14 09:02:15.119 E/BatteryMonitorService( 1701): ---2131165192---80
01-14 09:02:15.119 E/BatteryMonitorService( 1701): ---2131165193---40
01-14 09:02:15.121 E/BatteryMonitorService( 1701): ---2131165194---90
01-14 09:02:15.121 E/BatteryMonitorService( 1701): ---2131165195---110
01-14 09:02:18.521 D/ConnectivityServiceExt( 1076): getMobileDataEnabled returning false
01-14 09:02:21.389 I/ActivityManager( 1076): Starting activity: Intent { flg=0x10000000 cmp=com.android.settings/.SettingsUsbMode bnds=[0,151][320,215] }
01-14 09:02:24.779 D/VoldCmdListener( 1011): asec list
01-14 09:02:24.847 W/InputManagerService( 1076): Starting input on non-focused client com.android.internal.view.IInputMethodClient$Stub$Proxy@460c4e50 (uid=1000 pid=1701)
01-14 09:02:24.921 D/VoldCmdListener( 1011): storage users /mnt/sdcard
01-14 09:02:25.443 W/ActivityManager( 1076): Killing processes unmount media at adjustment 7
01-14 09:02:25.447 W/ActivityManager( 1076): Killing ProcessRecord{460194e0 1412:de.shandschuh.sparserss/10030} (adj 8): unmount media
01-14 09:02:25.467 D/VoldCmdListener( 1011): storage users /mnt/sdcard
01-14 09:02:25.695 D/VoldCmdListener( 1011): volume unmount /mnt/sdcard force
01-14 09:02:25.695 D/Vold    ( 1011): Volume sdcard state changing 4 (Mounted) -> 5 (Unmounting)
01-14 09:02:26.697 I/Vold    ( 1011): /mnt/secure/staging/.android_secure sucessfully unmounted
01-14 09:02:26.697 I/Vold    ( 1011): /mnt/secure/asec sucessfully unmounted
01-14 09:02:26.767 I/Vold    ( 1011): /mnt/secure/staging sucessfully unmounted
01-14 09:02:26.767 I/Vold    ( 1011): /mnt/sdcard unmounted sucessfully
01-14 09:02:26.767 D/Vold    ( 1011): Volume sdcard state changing 5 (Unmounting) -> 1 (Idle-Unmounted)
01-14 09:02:26.779 D/VoldCmdListener( 1011): volume share /mnt/sdcard ums
01-14 09:02:26.781 D/Vold    ( 1011): Volume sdcard state changing 1 (Idle-Unmounted) -> 7 (Shared-Unmounted)
01-14 09:02:26.787 I/StorageSdEvent( 1701): Media {/mnt/sdcard} state changed from {mounted} -> {unmounted}
01-14 09:02:26.787 I/StorageNotification( 1076): Media {/mnt/sdcard} state changed from {mounted} -> {unmounted}
01-14 09:02:26.791 I/StorageSdEvent( 1701): Media {/mnt/sdcard} state changed from {unmounted} -> {shared}
01-14 09:02:26.805 D/VoldCmdListener( 1011): volume shared /mnt/sdcard ums
01-14 09:02:26.811 I/StorageNotification( 1076): Media {/mnt/sdcard} state changed from {unmounted} -> {shared}
01-14 09:03:05.639 D/ConnectivityServiceExt( 1076): getMobileDataEnabled returning false
01-14 09:03:06.731 I/ActivityManager( 1076): Starting activity: Intent { flg=0x10000000 cmp=com.android.settings/.SettingsUsbMode bnds=[0,151][320,215] }
01-14 09:03:09.135 D/VoldCmdListener( 1011): volume unshare /mnt/sdcard ums
01-14 09:03:09.135 D/Vold    ( 1011): Volume sdcard state changing 7 (Shared-Unmounted) -> 1 (Idle-Unmounted)
01-14 09:03:09.159 D/VoldCmdListener( 1011): volume mount /mnt/sdcard
01-14 09:03:09.159 I/Vold    ( 1011): /dev/block/vold/179:1 being considered for volume sdcard
01-14 09:03:09.159 D/Vold    ( 1011): Volume sdcard state changing 1 (Idle-Unmounted) -> 3 (Checking)
01-14 09:03:09.227 I/StorageNotification( 1076): Media {/mnt/sdcard} state changed from {shared} -> {checking}
01-14 09:03:09.617 W/ActivityManager( 1076): Activity pause timeout for HistoryRecord{45fd3e30 com.android.settings/.SettingsUsbMode}
01-14 09:03:13.897 I/Vold    ( 1011): Filesystem check completed OK
01-14 09:03:13.917 I/Vold    ( 1011): Device /dev/block/vold/179:1, target /mnt/sdcard mounted @ /mnt/secure/staging
01-14 09:03:13.923 D/Vold    ( 1011): Volume sdcard state changing 3 (Checking) -> 4 (Mounted)
01-14 09:03:13.933 I/StorageNotification( 1076): Media {/mnt/sdcard} state changed from {checking} -> {mounted}
01-14 09:03:13.997 I/StorageSdEvent( 1701): Media {/mnt/sdcard} state changed from {shared} -> {checking}
01-14 09:03:14.061 W/InputManagerService( 1076): Starting input on non-focused client com.android.internal.view.IInputMethodClient$Stub$Proxy@460c4e50 (uid=1000 pid=1701)
01-14 09:03:14.125 I/StorageSdEvent( 1701): Media {/mnt/sdcard} state changed from {checking} -> {mounted}
01-14 09:03:14.153 D/VoldCmdListener( 1011): asec list
01-14 09:03:14.201 D/VoldCmdListener( 1011): volume unshare /mnt/sdcard ums
01-14 09:03:14.201 W/Vold    ( 1011): Returning OperationFailed - no handler for errno 22
01-14 09:03:14.217 E/MountService( 1076): Failed to share/unshare
01-14 09:03:14.217 E/MountService( 1076): com.android.server.NativeDaemonConnectorException: Cmd {volume unshare /mnt/sdcard ums} failed with code 400 : {volume operation failed (Invalid argument)}
01-14 09:03:14.217 E/MountService( 1076): 	at com.android.server.NativeDaemonConnector.doCommand(NativeDaemonConnector.java:247)
01-14 09:03:14.217 E/MountService( 1076): 	at com.android.server.MountService.doShareUnshareVolume(MountService.java:366)
01-14 09:03:14.217 E/MountService( 1076): 	at com.android.server.MountService.setUsbMassStorageEnabled(MountService.java:1030)
01-14 09:03:14.217 E/MountService( 1076): 	at android.os.storage.IMountService$Stub.onTransact(IMountService.java:82)
01-14 09:03:14.217 E/MountService( 1076): 	at android.os.Binder.execTransact(Binder.java:288)
01-14 09:03:14.217 E/MountService( 1076): 	at dalvik.system.NativeStart.run(Native Method)
01-14 09:03:14.225 D/VoldCmdListener( 1011): volume mount /mnt/sdcard
01-14 09:03:14.239 E/MountService( 1076): Failed to remount /mnt/sdcard after disabling share method ums
01-14 09:03:14.253 W/PackageManager( 1076): Not granting permission android.permission.SET_ORIENTATION to package com.aurorasoftworks.quadrant.ui.advanced (protectionLevel=2 flags=0xbe44)
01-14 09:03:14.259 W/PackageManager( 1076): Unknown permission com.google.android.googleapps.permission.GOOGLE_AUTH.mail in package com.android.contacts
01-14 09:03:14.259 W/PackageManager( 1076): Unknown permission com.pekall.permission.READ_CH_LOCATION in package com.android.contacts
01-14 09:03:14.261 W/PackageManager( 1076): Not granting permission android.permission.DEVICE_POWER to package com.tencent.qq (protectionLevel=2 flags=0xa444)
01-14 09:03:14.263 W/PackageManager( 1076): Unknown permission android.permission.ADD_SYSTEM_SERVICE in package com.android.phone
01-14 09:03:14.271 W/PackageManager( 1076): Unknown permission com.google.android.googleapps.permission.GOOGLE_AUTH in package com.android.providers.calendar
01-14 09:03:14.271 W/PackageManager( 1076): Unknown permission com.google.android.googleapps.permission.GOOGLE_AUTH.cl in package com.android.providers.calendar
01-14 09:03:14.273 W/PackageManager( 1076): Unknown permission com.google.android.googleapps.permission.GOOGLE_AUTH.mail in package com.android.calendar
01-14 09:03:14.273 W/PackageManager( 1076): Not granting permission android.permission.INSTALL_PACKAGES to package com.nduoa.nmarket (protectionLevel=3 flags=0xbe46)
01-14 09:03:14.275 W/PackageManager( 1076): Not granting permission android.permission.DELETE_PACKAGES to package com.nduoa.nmarket (protectionLevel=3 flags=0xbe46)
01-14 09:03:14.275 W/PackageManager( 1076): Not granting permission android.permission.ACCESS_CACHE_FILESYSTEM to package com.nduoa.nmarket (protectionLevel=3 flags=0xbe46)
01-14 09:03:14.277 W/PackageManager( 1076): Not granting permission android.permission.CLEAR_APP_USER_DATA to package com.pekall.dcd (protectionLevel=2 flags=0xbe47)
01-14 09:03:14.279 W/PackageManager( 1076): Unknown permission android.permission.INSTALL_DRM in package com.android.mms
01-14 09:03:14.281 W/PackageManager( 1076): Unknown permission android.permission.RAISED_THREAD_PRIORITY in package org.doubango.imsdroid
01-14 09:03:14.283 W/PackageManager( 1076): Unknown permission com.google.android.googleapps.permission.GOOGLE_AUTH in package com.android.providers.contacts
01-14 09:03:14.283 W/PackageManager( 1076): Unknown permission com.google.android.googleapps.permission.GOOGLE_AUTH.cp in package com.android.providers.contacts
01-14 09:03:14.283 W/PackageManager( 1076): Unknown permission com.google.android.gm.permission.WRITE_GMAIL in package com.android.settings
01-14 09:03:14.285 W/PackageManager( 1076): Unknown permission com.google.android.gm.permission.READ_GMAIL in package com.android.settings
01-14 09:03:14.285 W/PackageManager( 1076): Unknown permission com.google.android.googleapps.permission.GOOGLE_AUTH in package com.android.settings
01-14 09:03:14.295 W/PackageManager( 1076): Not granting permission android.permission.BIND_APPWIDGET to package com.gau.go.launcherex (protectionLevel=3 flags=0xbe44)
01-14 09:03:14.297 W/PackageManager( 1076): Not granting permission android.permission.SET_PREFERRED_APPLICATIONS to package com.gau.go.launcherex (protectionLevel=2 flags=0xbe44)
01-14 09:03:14.299 W/PackageManager( 1076): Unknown permission android.permission.SET_PROCESS_FOREGROUND in package com.qiyi.video
01-14 09:03:14.303 W/PackageManager( 1076): Unknown permission com.google.android.googleapps.permission.ACCESS_GOOGLE_PASSWORD in package com.android.development
01-14 09:03:14.303 W/PackageManager( 1076): Unknown permission com.google.android.googleapps.permission.GOOGLE_AUTH in package com.android.development
01-14 09:03:14.305 W/PackageManager( 1076): Unknown permission com.google.android.googleapps.permission.GOOGLE_AUTH.ALL_SERVICES in package com.android.development
01-14 09:03:14.305 W/PackageManager( 1076): Unknown permission com.google.android.googleapps.permission.GOOGLE_AUTH.YouTubeUser in package com.android.development
01-14 09:03:14.309 W/PackageManager( 1076): Unknown permission android.permission.ACCES_MOCK_LOCATION in package com.baidu.BaiduMap
01-14 09:03:14.311 W/PackageManager( 1076): Unknown permission android.permission.ACCESS_GPS in package com.baidu.BaiduMap
01-14 09:03:14.313 W/PackageManager( 1076): Not granting permission android.permission.ACCESS_DOWNLOAD_MANAGER to package com.uc.browser (protectionLevel=3 flags=0xa446)
01-14 09:03:14.315 W/PackageManager( 1076): Not granting permission android.permission.SET_PREFERRED_APPLICATIONS to package com.uc.browser (protectionLevel=2 flags=0xa446)
01-14 09:03:14.315 W/PackageManager( 1076): Unknown permission android.permission.VIBRATION in package com.baidu.input
01-14 09:03:14.315 W/PackageManager( 1076): Unknown permission android.permission.ACCESS_DRM in package com.android.providers.downloads
01-14 09:03:14.317 W/PackageManager( 1076): Unknown permission android.permission.INSTALL_DRM in package com.android.providers.downloads
01-14 09:03:14.319 W/PackageManager( 1076): Not granting permission android.permission.DEVICE_POWER to package com.pekall.deskclock (protectionLevel=2 flags=0xbe45)
01-14 09:03:14.319 W/PackageManager( 1076): Unknown permission android.permission.ACCESS_COARSE_UPDATES in package com.tencent.mtt
01-14 09:03:39.109 I/ActivityManager( 1076): Start proc com.android.defcontainer for service com.android.defcontainer/.DefaultContainerService: pid=1760 uid=10038 gids={1015, 2001}
01-14 09:03:40.849 I/PackageManager( 1076): checkAvailableStorage(30000) return ture
01-14 09:03:41.861 I/ActivityManager( 1076): Force stopping package cn.yo2.aquarium.example.bitmapvideooutput uid=10083
01-14 09:03:43.739 I/ActivityManager( 1076): Start proc com.nduoa.nmarket for broadcast com.nduoa.nmarket/.receiver.PackageReceiver: pid=1773 uid=10078 gids={3003, 1015}
01-14 09:03:44.265 W/RecognitionManagerService( 1076): no available voice recognition services found
01-14 09:03:45.325 I/ActivityManager( 1076): Start proc com.noshufou.android.su for broadcast com.noshufou.android.su/.InstallReceiver: pid=1784 uid=10079 gids={1015, 3003}
01-14 09:03:45.335 I/ActivityManager( 1076): No longer want com.android.email (pid 1322): hidden #16
01-14 09:03:46.079 I/ActivityManager( 1076): Start proc com.svox.pico for broadcast com.svox.pico/.VoiceDataInstallerReceiver: pid=1795 uid=10056 gids={}
01-14 09:03:46.091 I/ActivityManager( 1076): No longer want com.pekall.clockset (pid 1334): hidden #16
01-14 09:03:46.385 I/ActivityManager( 1076): Start proc com.tencent.qqgame for broadcast com.tencent.qqgame/.receiver.ApplicationPackageReceiver: pid=1802 uid=10052 gids={1015, 3003, 1007}
01-14 09:03:46.391 I/ActivityManager( 1076): No longer want com.pekall.dcd (pid 1347): hidden #16
01-14 09:03:46.833 I/ActivityManager( 1076): Start proc com.android.quicksearchbox for broadcast com.android.quicksearchbox/.CorporaUpdateReceiver: pid=1809 uid=10051 gids={3003}
01-14 09:03:46.843 I/ActivityManager( 1076): No longer want com.pekall.firewall (pid 1358): hidden #16
01-14 09:03:47.441 I/ActivityManager( 1076): Starting activity: Intent { act=android.intent.action.MAIN cat=[android.intent.category.LAUNCHER] flg=0x10000000 cmp=cn.yo2.aquarium.example.bitmapvideooutput/.Main }
01-14 09:03:47.551 I/ActivityManager( 1076): Start proc cn.yo2.aquarium.example.bitmapvideooutput for activity cn.yo2.aquarium.example.bitmapvideooutput/.Main: pid=1819 uid=10083 gids={}
01-14 09:03:47.645 I/ActivityManager( 1076): No longer want com.android.bluetooth (pid 1367): hidden #16
01-14 09:06:14.817 I/ActivityManager( 1076): Process cn.yo2.aquarium.example.bitmapvideooutput (pid 1819) has died.
01-14 09:06:14.835 I/WindowManager( 1076): WIN DEATH: Window{45f8e128 cn.yo2.aquarium.example.bitmapvideooutput/cn.yo2.aquarium.example.bitmapvideooutput.Main paused=false}
01-14 09:06:14.841 I/WindowManager( 1076): WIN DEATH: Window{45fbe750 SurfaceView paused=false}
01-14 09:06:14.883 I/UsageStats( 1076): Unexpected resume of com.gau.go.launcherex while already resumed in cn.yo2.aquarium.example.bitmapvideooutput
01-14 09:06:14.897 I/BootReceiver( 1076): Copying /data/tombstones/tombstone_06 to DropBox (SYSTEM_TOMBSTONE)
01-14 09:06:16.191 W/InputManagerService( 1076): Got RemoteException sending setActive(false) notification to pid 1819 uid 10083
01-14 09:19:00.017 I/ActivityManager( 1076): No longer want cn.yo2.aquarium.callvibrator (pid 1398): hidden #16
01-14 09:33:00.013 I/ActivityManager( 1076): No longer want org.sipdroid.sipua (pid 1405): hidden #16
01-14 09:46:29.131 I/PackageManager( 1076): checkAvailableStorage(30000) return ture
01-14 09:46:29.135 I/ActivityManager( 1076): Force stopping package cn.yo2.aquarium.example.bitmapvideooutput uid=10083
01-14 09:46:29.671 I/PackageManager( 1076): Package cn.yo2.aquarium.example.bitmapvideooutput codePath changed from /data/app/cn.yo2.aquarium.example.bitmapvideooutput-1.apk to /data/app/cn.yo2.aquarium.example.bitmapvideooutput-2.apk; Retaining data and using new
01-14 09:46:30.659 I/ActivityManager( 1076): Force stopping package cn.yo2.aquarium.example.bitmapvideooutput uid=10083
01-14 09:46:30.663 W/PackageManager( 1076): Code path for pkg : cn.yo2.aquarium.example.bitmapvideooutput changing from /data/app/cn.yo2.aquarium.example.bitmapvideooutput-1.apk to /data/app/cn.yo2.aquarium.example.bitmapvideooutput-2.apk
01-14 09:46:30.665 W/PackageManager( 1076): Resource path for pkg : cn.yo2.aquarium.example.bitmapvideooutput changing from /data/app/cn.yo2.aquarium.example.bitmapvideooutput-1.apk to /data/app/cn.yo2.aquarium.example.bitmapvideooutput-2.apk
01-14 09:46:31.327 I/ActivityManager( 1076): Force stopping package cn.yo2.aquarium.example.bitmapvideooutput uid=10083
01-14 09:46:32.071 W/RecognitionManagerService( 1076): no available voice recognition services found
01-14 09:46:32.829 I/ActivityManager( 1076): Start proc com.uc.browser for broadcast com.uc.browser/.ReceiverUCUpdate: pid=1927 uid=10071 gids={3003, 1006, 1015}
01-14 09:46:33.467 I/ActivityManager( 1076): Start proc org.sipdroid.sipua for broadcast org.sipdroid.sipua/.ui.Receiver: pid=1936 uid=10080 gids={3003, 1006, 1015, 3002}
01-14 09:46:33.479 I/ActivityManager( 1076): No longer want com.pekall.mobiletv (pid 1385): hidden #16
01-14 09:46:34.581 I/ActivityManager( 1076): Starting activity: Intent { act=android.intent.action.MAIN cat=[android.intent.category.LAUNCHER] flg=0x10000000 cmp=cn.yo2.aquarium.example.bitmapvideooutput/.Main }
01-14 09:46:34.677 I/ActivityManager( 1076): Start proc cn.yo2.aquarium.example.bitmapvideooutput for activity cn.yo2.aquarium.example.bitmapvideooutput/.Main: pid=1950 uid=10083 gids={}
01-14 09:46:42.065 I/ActivityManager( 1076): Process cn.yo2.aquarium.example.bitmapvideooutput (pid 1950) has died.
01-14 09:46:42.065 I/WindowManager( 1076): WIN DEATH: Window{45fb9620 cn.yo2.aquarium.example.bitmapvideooutput/cn.yo2.aquarium.example.bitmapvideooutput.Main paused=false}
01-14 09:46:42.085 I/WindowManager( 1076): WIN DEATH: Window{4602ac28 SurfaceView paused=false}
01-14 09:46:42.131 I/UsageStats( 1076): Unexpected resume of com.gau.go.launcherex while already resumed in cn.yo2.aquarium.example.bitmapvideooutput
01-14 09:46:42.145 I/BootReceiver( 1076): Copying /data/tombstones/tombstone_06 to DropBox (SYSTEM_TOMBSTONE)
01-14 09:46:42.457 W/InputManagerService( 1076): Got RemoteException sending setActive(false) notification to pid 1950 uid 10083
01-14 10:38:02.843 I/BootReceiver( 1076): Copying /data/tombstones/tombstone_06 to DropBox (SYSTEM_TOMBSTONE)
01-14 10:48:07.533 I/ActivityManager( 1076): Starting activity: Intent { act=android.intent.action.MAIN cat=[android.intent.category.LAUNCHER] flg=0x10200000 cmp=cz.havlena.ffmpeg.ui/.FFMpegFileExplorer }
01-14 10:48:07.703 I/ActivityManager( 1076): Start proc cz.havlena.ffmpeg.ui for activity cz.havlena.ffmpeg.ui/.FFMpegFileExplorer: pid=2089 uid=10066 gids={1015}
01-14 10:48:20.661 I/ActivityManager( 1076): Starting activity: Intent { cmp=cz.havlena.ffmpeg.ui/.FFMpegPlayerActivity (has extras) }
01-14 10:48:20.681 I/WindowManager( 1076): Setting rotation to 1, animFlags=1
01-14 10:48:20.701 I/ActivityManager( 1076): Config changed: { scale=1.0 imsi=0/0 loc=zh_CN touch=3 keys=1/1/2 nav=3/1 orien=2 layout=18 uiMode=17 seq=3}
01-14 10:48:35.259 I/WindowManager( 1076): Setting rotation to 0, animFlags=1
01-14 10:48:35.277 I/ActivityManager( 1076): Config changed: { scale=1.0 imsi=0/0 loc=zh_CN touch=3 keys=1/1/2 nav=3/1 orien=1 layout=18 uiMode=17 seq=4}
01-14 10:49:16.293 I/ActivityManager( 1076): No longer want com.pekall.providers.phonelocation (pid 1290): hidden #16
01-14 10:49:16.337 I/ActivityManager( 1076): Kill com.android.mms (pid 1261): provider com.pekall.providers.phonelocation.PhoneLocationProvider in dying process com.pekall.providers.phonelocation
01-14 10:49:16.369 I/ActivityManager( 1076): Process com.android.mms (pid 1261) has died.
01-14 10:50:39.275 I/PackageManager( 1076): checkAvailableStorage(30000) return ture
01-14 10:50:40.683 I/ActivityManager( 1076): Force stopping package roman10.ffmpegTest uid=10084
01-14 10:50:42.023 W/RecognitionManagerService( 1076): no available voice recognition services found
01-14 10:50:45.595 I/ActivityManager( 1076): Starting activity: Intent { act=android.intent.action.MAIN cat=[android.intent.category.LAUNCHER] flg=0x10200000 cmp=roman10.ffmpegTest/.VideoBrowser }
01-14 10:50:45.689 I/ActivityManager( 1076): Start proc roman10.ffmpegTest for activity roman10.ffmpegTest/.VideoBrowser: pid=2125 uid=10084 gids={}
01-14 10:50:54.885 I/ActivityManager( 1076): Process roman10.ffmpegTest (pid 2125) has died.
01-14 10:50:54.901 I/WindowManager( 1076): WIN DEATH: Window{45ff6c20 roman10.ffmpegTest/roman10.ffmpegTest.VideoBrowser paused=false}
01-14 10:50:54.941 I/BootReceiver( 1076): Copying /data/tombstones/tombstone_06 to DropBox (SYSTEM_TOMBSTONE)
01-14 10:50:54.961 I/UsageStats( 1076): Unexpected resume of com.gau.go.launcherex while already resumed in roman10.ffmpegTest
01-14 10:50:55.223 W/InputManagerService( 1076): Got RemoteException sending setActive(false) notification to pid 2125 uid 10084
01-14 10:51:24.831 I/ActivityManager( 1076): Starting activity: Intent { act=android.intent.action.MAIN cat=[android.intent.category.LAUNCHER] flg=0x10200000 cmp=roman10.ffmpegTest/.VideoBrowser }
01-14 10:51:24.935 I/ActivityManager( 1076): Start proc roman10.ffmpegTest for activity roman10.ffmpegTest/.VideoBrowser: pid=2134 uid=10084 gids={}
01-14 10:51:33.563 I/ActivityManager( 1076): Process roman10.ffmpegTest (pid 2134) has died.
01-14 10:51:33.581 I/WindowManager( 1076): WIN DEATH: Window{45f8d828 roman10.ffmpegTest/roman10.ffmpegTest.VideoBrowser paused=false}
01-14 10:51:33.615 I/BootReceiver( 1076): Copying /data/tombstones/tombstone_06 to DropBox (SYSTEM_TOMBSTONE)
01-14 10:51:33.633 I/UsageStats( 1076): Unexpected resume of com.gau.go.launcherex while already resumed in roman10.ffmpegTest
01-14 10:51:33.903 W/InputManagerService( 1076): Got RemoteException sending setActive(false) notification to pid 2134 uid 10084
01-14 10:53:08.029 I/ActivityManager( 1076): Starting activity: Intent { act=android.intent.action.MAIN cat=[android.intent.category.LAUNCHER] flg=0x10200000 cmp=com.aurorasoftworks.quadrant.ui.advanced/.QuadrantAdvancedActivity }
01-14 10:53:08.141 I/ActivityManager( 1076): Start proc com.aurorasoftworks.quadrant.ui.advanced for activity com.aurorasoftworks.quadrant.ui.advanced/.QuadrantAdvancedActivity: pid=2147 uid=10063 gids={3003, 1015}
01-14 11:05:25.441 W/InputManagerService( 1076): Window already focused, ignoring focus gain of: com.android.internal.view.IInputMethodClient$Stub$Proxy@45fc6ff8
01-14 11:10:29.421 W/InputManagerService( 1076): Window already focused, ignoring focus gain of: com.android.internal.view.IInputMethodClient$Stub$Proxy@45f6e418
01-14 11:11:51.503 I/ActivityManager( 1076): No longer want android.process.acore (pid 1208): hidden #16
01-14 11:11:58.105 I/ActivityManager( 1076): Starting activity: Intent { act=android.intent.action.MAIN cat=[android.intent.category.LAUNCHER] flg=0x10000000 cmp=cn.yo2.aquarium.example.bitmapvideooutput/.Main }
01-14 11:11:58.187 I/ActivityManager( 1076): Start proc cn.yo2.aquarium.example.bitmapvideooutput for activity cn.yo2.aquarium.example.bitmapvideooutput/.Main: pid=2237 uid=10083 gids={}
01-14 11:12:06.231 I/ActivityManager( 1076): Process cn.yo2.aquarium.example.bitmapvideooutput (pid 2237) has died.
01-14 11:12:06.247 I/WindowManager( 1076): WIN DEATH: Window{45fe4958 SurfaceView paused=false}
01-14 11:12:06.251 I/WindowManager( 1076): WIN DEATH: Window{45fe2a18 cn.yo2.aquarium.example.bitmapvideooutput/cn.yo2.aquarium.example.bitmapvideooutput.Main paused=false}
01-14 11:12:06.295 I/BootReceiver( 1076): Copying /data/tombstones/tombstone_06 to DropBox (SYSTEM_TOMBSTONE)
01-14 11:12:06.299 I/UsageStats( 1076): Unexpected resume of com.gau.go.launcherex while already resumed in cn.yo2.aquarium.example.bitmapvideooutput
01-14 11:12:06.507 W/InputManagerService( 1076): Got RemoteException sending setActive(false) notification to pid 2237 uid 10083
01-14 11:13:13.627 I/ActivityManager( 1076): Starting activity: Intent { act=android.intent.action.DELETE dat=package:cn.yo2.aquarium.example.bitmapvideooutput cmp=com.android.packageinstaller/.UninstallerActivity }
01-14 11:13:13.799 I/ActivityManager( 1076): Start proc com.android.packageinstaller for activity com.android.packageinstaller/.UninstallerActivity: pid=2252 uid=10013 gids={}
01-14 11:13:15.173 I/ActivityManager( 1076): Starting activity: Intent { act=android.intent.action.VIEW cmp=com.android.packageinstaller/.UninstallAppProgress (has extras) }
01-14 11:13:15.351 I/ActivityManager( 1076): Force stopping package cn.yo2.aquarium.example.bitmapvideooutput uid=10083
01-14 11:13:16.259 I/ActivityManager( 1076): Force stopping package cn.yo2.aquarium.example.bitmapvideooutput uid=10083
01-14 11:13:19.361 I/ActivityManager( 1076): No longer want com.pekall.syncml (pid 1626): hidden #16
01-14 11:13:19.399 W/ActivityManager( 1076): Scheduling restart of crashed service com.pekall.syncml/.service.SyncEngineService in 5000ms
01-14 11:13:24.429 I/ActivityManager( 1076): Start proc com.pekall.syncml for service com.pekall.syncml/.service.SyncEngineService: pid=2260 uid=10019 gids={3003}
01-14 11:18:48.873 I/ActivityManager( 1076): Starting activity: Intent { act=android.intent.action.MAIN cat=[android.intent.category.LAUNCHER] flg=0x10200000 cmp=com.aurorasoftworks.quadrant.ui.advanced/.QuadrantAdvancedActivity }
01-14 11:32:59.821 W/InputManagerService( 1076): Window already focused, ignoring focus gain of: com.android.internal.view.IInputMethodClient$Stub$Proxy@45d90178
01-14 11:35:31.439 I/ActivityManager( 1076): Starting activity: Intent { act=android.intent.action.VIEW dat=http://www.google.com flg=0x10000000 cmp=android/com.android.internal.app.ResolverActivity }
01-14 11:37:00.789 W/InputManagerService( 1076): Window already focused, ignoring focus gain of: com.android.internal.view.IInputMethodClient$Stub$Proxy@45f8ccd8
01-14 11:37:07.817 I/PackageManager( 1076): checkAvailableStorage(30000) return ture
01-14 11:37:09.567 I/ActivityManager( 1076): Force stopping package cn.yo2.aquarium.example.bitmapvideooutput uid=10083
01-14 11:37:10.971 W/RecognitionManagerService( 1076): no available voice recognition services found
01-14 11:37:12.633 I/ActivityManager( 1076): Starting activity: Intent { act=android.intent.action.MAIN cat=[android.intent.category.LAUNCHER] flg=0x10000000 cmp=cn.yo2.aquarium.example.bitmapvideooutput/.Main }
01-14 11:37:12.723 I/ActivityManager( 1076): Start proc cn.yo2.aquarium.example.bitmapvideooutput for activity cn.yo2.aquarium.example.bitmapvideooutput/.Main: pid=2357 uid=10083 gids={}
01-14 11:37:20.717 I/ActivityManager( 1076): No longer want com.android.settings (pid 1701): hidden #16
01-14 11:37:20.747 W/ActivityManager( 1076): Scheduling restart of crashed service com.android.settings/.UsbStorageService in 5000ms
01-14 11:37:20.755 W/ActivityManager( 1076): Scheduling restart of crashed service com.android.settings/.BatteryMonitorService in 14994ms
01-14 11:37:20.759 W/ActivityManager( 1076): Scheduling restart of crashed service com.android.settings/.SettingsUsbService in 24989ms
01-14 11:37:20.763 W/ActivityManager( 1076): Scheduling restart of crashed service com.android.settings/.BatteryPowerService in 34986ms
01-14 11:37:20.765 W/ActivityManager( 1076): Scheduling restart of crashed service com.android.settings/.BatteryTemperatureService in 44985ms
01-14 11:37:25.793 I/ActivityManager( 1076): Start proc com.android.settings for service com.android.settings/.UsbStorageService: pid=2375 uid=1000 gids={1015, 3002, 3001, 1006, 3003}
01-14 11:37:26.015 I/PackageManager( 1076): checkAvailableStorage(30000) return ture
01-14 11:37:26.337 I/PackageManager( 1076): Package cn.yo2.aquarium.example.bitmapvideooutput codePath changed from /data/app/cn.yo2.aquarium.example.bitmapvideooutput-1.apk to /data/app/cn.yo2.aquarium.example.bitmapvideooutput-2.apk; Retaining data and using new
01-14 11:37:28.671 W/PackageManager( 1076): Code path for pkg : cn.yo2.aquarium.example.bitmapvideooutput changing from /data/app/cn.yo2.aquarium.example.bitmapvideooutput-1.apk to /data/app/cn.yo2.aquarium.example.bitmapvideooutput-2.apk
01-14 11:37:28.675 W/PackageManager( 1076): Resource path for pkg : cn.yo2.aquarium.example.bitmapvideooutput changing from /data/app/cn.yo2.aquarium.example.bitmapvideooutput-1.apk to /data/app/cn.yo2.aquarium.example.bitmapvideooutput-2.apk
01-14 11:37:29.573 I/ActivityManager( 1076): Force stopping package cn.yo2.aquarium.example.bitmapvideooutput uid=10083
01-14 11:37:29.579 I/ActivityManager( 1076): Force stopping package cn.yo2.aquarium.example.bitmapvideooutput uid=10083
01-14 11:37:29.587 I/ActivityManager( 1076): Force stopping package cn.yo2.aquarium.example.bitmapvideooutput uid=10083
01-14 11:37:29.935 D/StorageSdEvent( 2375): Startup with UMS connection true (media state mounted)
01-14 11:37:29.983 D/VoldCmdListener( 1011): volume shared /mnt/sdcard ums
01-14 11:37:30.147 W/RecognitionManagerService( 1076): no available voice recognition services found
01-14 11:37:32.001 I/ActivityManager( 1076): Starting activity: Intent { act=android.intent.action.MAIN cat=[android.intent.category.LAUNCHER] flg=0x10000000 cmp=cn.yo2.aquarium.example.bitmapvideooutput/.Main }
01-14 11:37:32.085 I/ActivityManager( 1076): Start proc cn.yo2.aquarium.example.bitmapvideooutput for activity cn.yo2.aquarium.example.bitmapvideooutput/.Main: pid=2395 uid=10083 gids={}
01-14 11:37:35.797 E/BatteryMonitorService( 2375): ---2131165184---100
01-14 11:37:35.797 E/BatteryMonitorService( 2375): ---2131165185---200
01-14 11:37:35.801 E/BatteryMonitorService( 2375): ---2131165191---200
01-14 11:37:35.801 E/BatteryMonitorService( 2375): ---2131165186---200
01-14 11:37:35.803 E/BatteryMonitorService( 2375): ---2131165187---180
01-14 11:37:35.805 E/BatteryMonitorService( 2375): ---2131165188---150
01-14 11:37:35.807 E/BatteryMonitorService( 2375): ---2131165189---120
01-14 11:37:35.809 E/BatteryMonitorService( 2375): ---2131165190---100
01-14 11:37:35.809 E/BatteryMonitorService( 2375): ---2131165192---80
01-14 11:37:35.811 E/BatteryMonitorService( 2375): ---2131165193---40
01-14 11:37:35.813 E/BatteryMonitorService( 2375): ---2131165194---90
01-14 11:37:35.815 E/BatteryMonitorService( 2375): ---2131165195---110
01-14 11:37:38.057 I/ActivityManager( 1076): Process cn.yo2.aquarium.example.bitmapvideooutput (pid 2395) has died.
01-14 11:37:38.061 I/WindowManager( 1076): WIN DEATH: Window{45fb9620 cn.yo2.aquarium.example.bitmapvideooutput/cn.yo2.aquarium.example.bitmapvideooutput.Main paused=false}
01-14 11:37:38.079 I/WindowManager( 1076): WIN DEATH: Window{460245f8 SurfaceView paused=false}
01-14 11:37:38.131 I/UsageStats( 1076): Unexpected resume of com.gau.go.launcherex while already resumed in cn.yo2.aquarium.example.bitmapvideooutput
01-14 11:37:38.145 I/BootReceiver( 1076): Copying /data/tombstones/tombstone_06 to DropBox (SYSTEM_TOMBSTONE)
01-14 11:37:38.703 W/InputManagerService( 1076): Got RemoteException sending setActive(false) notification to pid 2395 uid 10083
01-14 12:09:00.013 I/ActivityManager( 1076): No longer want android.process.media (pid 1218): hidden #16
01-14 12:30:00.371 D/ConnectivityServiceExt( 1076): don't find feature user for this pid:1239
01-14 12:30:00.385 D/ConnectivityServiceExt( 1076): don't find feature user for this pid:1239
01-14 12:30:00.703 D/ConnectivityServiceExt( 1076): don't find feature user for this pid:1239
01-14 12:30:00.705 D/ConnectivityServiceExt( 1076): don't find feature user for this pid:1239
01-14 12:30:00.855 D/ConnectivityServiceExt( 1076): don't find feature user for this pid:1239
01-14 12:30:00.857 D/ConnectivityServiceExt( 1076): don't find feature user for this pid:1239
01-14 12:30:00.941 D/ConnectivityServiceExt( 1076): don't find feature user for this pid:1239
01-14 12:30:00.943 D/ConnectivityServiceExt( 1076): don't find feature user for this pid:1239
01-14 12:31:01.209 D/ConnectivityServiceExt( 1076): don't find feature user for this pid:1239
01-14 12:31:01.211 D/ConnectivityServiceExt( 1076): don't find feature user for this pid:1239
01-14 12:31:01.259 D/ConnectivityServiceExt( 1076): don't find feature user for this pid:1239
01-14 12:31:01.261 D/ConnectivityServiceExt( 1076): don't find feature user for this pid:1239
01-14 12:31:01.305 D/ConnectivityServiceExt( 1076): don't find feature user for this pid:1239
01-14 12:31:01.307 D/ConnectivityServiceExt( 1076): don't find feature user for this pid:1239
01-14 12:31:01.353 D/ConnectivityServiceExt( 1076): don't find feature user for this pid:1239
01-14 12:31:01.355 D/ConnectivityServiceExt( 1076): don't find feature user for this pid:1239
01-14 13:00:27.417 I/PackageManager( 1076): checkAvailableStorage(30000) return ture
01-14 13:00:27.421 I/ActivityManager( 1076): Force stopping package cn.yo2.aquarium.example.bitmapvideooutput uid=10083
01-14 13:00:27.975 I/PackageManager( 1076): Package cn.yo2.aquarium.example.bitmapvideooutput codePath changed from /data/app/cn.yo2.aquarium.example.bitmapvideooutput-2.apk to /data/app/cn.yo2.aquarium.example.bitmapvideooutput-1.apk; Retaining data and using new
01-14 13:00:29.287 I/ActivityManager( 1076): Force stopping package cn.yo2.aquarium.example.bitmapvideooutput uid=10083
01-14 13:00:29.289 W/PackageManager( 1076): Code path for pkg : cn.yo2.aquarium.example.bitmapvideooutput changing from /data/app/cn.yo2.aquarium.example.bitmapvideooutput-2.apk to /data/app/cn.yo2.aquarium.example.bitmapvideooutput-1.apk
01-14 13:00:29.291 W/PackageManager( 1076): Resource path for pkg : cn.yo2.aquarium.example.bitmapvideooutput changing from /data/app/cn.yo2.aquarium.example.bitmapvideooutput-2.apk to /data/app/cn.yo2.aquarium.example.bitmapvideooutput-1.apk
01-14 13:00:30.001 I/ActivityManager( 1076): Force stopping package cn.yo2.aquarium.example.bitmapvideooutput uid=10083
01-14 13:00:30.225 W/RecognitionManagerService( 1076): no available voice recognition services found
01-14 13:00:32.055 I/ActivityManager( 1076): Starting activity: Intent { act=android.intent.action.MAIN cat=[android.intent.category.LAUNCHER] flg=0x10000000 cmp=cn.yo2.aquarium.example.bitmapvideooutput/.Main }
01-14 13:00:32.153 I/ActivityManager( 1076): Start proc cn.yo2.aquarium.example.bitmapvideooutput for activity cn.yo2.aquarium.example.bitmapvideooutput/.Main: pid=2675 uid=10083 gids={}
01-14 13:00:44.575 I/ActivityManager( 1076): Process cn.yo2.aquarium.example.bitmapvideooutput (pid 2675) has died.
01-14 13:00:44.591 I/WindowManager( 1076): WIN DEATH: Window{46014598 SurfaceView paused=false}
01-14 13:00:44.597 I/WindowManager( 1076): WIN DEATH: Window{45fe93e0 cn.yo2.aquarium.example.bitmapvideooutput/cn.yo2.aquarium.example.bitmapvideooutput.Main paused=false}
01-14 13:00:44.651 I/UsageStats( 1076): Unexpected resume of com.gau.go.launcherex while already resumed in cn.yo2.aquarium.example.bitmapvideooutput
01-14 13:00:44.651 I/BootReceiver( 1076): Copying /data/tombstones/tombstone_06 to DropBox (SYSTEM_TOMBSTONE)
01-14 13:00:44.985 W/InputManagerService( 1076): Got RemoteException sending setActive(false) notification to pid 2675 uid 10083
01-14 13:02:38.757 I/ActivityManager( 1076): Starting activity: Intent { act=android.intent.action.DIAL flg=0x10000000 cmp=com.android.contacts/.DialtactsActivity }
01-14 13:02:38.893 I/ActivityManager( 1076): Start proc android.process.acore for activity com.android.contacts/.DialtactsActivity: pid=2688 uid=10000 gids={3003, 1015}
01-14 13:36:28.141 W/InputManagerService( 1076): Starting input on non-focused client com.android.internal.view.IInputMethodClient$Stub$Proxy@45e9e6c0 (uid=10000 pid=2688)
01-14 13:36:28.285 I/ActivityManager( 1076): No longer want cz.havlena.ffmpeg.ui (pid 2089): hidden #16
01-14 13:36:37.105 I/PackageManager( 1076): checkAvailableStorage(30000) return ture
01-14 13:36:37.107 I/ActivityManager( 1076): Force stopping package cn.yo2.aquarium.example.bitmapvideooutput uid=10083
01-14 13:36:37.525 I/PackageManager( 1076): Package cn.yo2.aquarium.example.bitmapvideooutput codePath changed from /data/app/cn.yo2.aquarium.example.bitmapvideooutput-1.apk to /data/app/cn.yo2.aquarium.example.bitmapvideooutput-2.apk; Retaining data and using new
01-14 13:36:39.267 I/ActivityManager( 1076): Force stopping package cn.yo2.aquarium.example.bitmapvideooutput uid=10083
01-14 13:36:39.269 W/PackageManager( 1076): Code path for pkg : cn.yo2.aquarium.example.bitmapvideooutput changing from /data/app/cn.yo2.aquarium.example.bitmapvideooutput-1.apk to /data/app/cn.yo2.aquarium.example.bitmapvideooutput-2.apk
01-14 13:36:39.273 W/PackageManager( 1076): Resource path for pkg : cn.yo2.aquarium.example.bitmapvideooutput changing from /data/app/cn.yo2.aquarium.example.bitmapvideooutput-1.apk to /data/app/cn.yo2.aquarium.example.bitmapvideooutput-2.apk
01-14 13:36:40.153 I/ActivityManager( 1076): Force stopping package cn.yo2.aquarium.example.bitmapvideooutput uid=10083
01-14 13:36:40.467 W/RecognitionManagerService( 1076): no available voice recognition services found
01-14 13:36:42.495 I/ActivityManager( 1076): Starting activity: Intent { act=android.intent.action.MAIN cat=[android.intent.category.LAUNCHER] flg=0x10000000 cmp=cn.yo2.aquarium.example.bitmapvideooutput/.Main }
01-14 13:36:42.569 I/ActivityManager( 1076): Start proc cn.yo2.aquarium.example.bitmapvideooutput for activity cn.yo2.aquarium.example.bitmapvideooutput/.Main: pid=2827 uid=10083 gids={}
01-14 13:37:03.929 I/ActivityManager( 1076): Process cn.yo2.aquarium.example.bitmapvideooutput (pid 2827) has died.
01-14 13:37:03.947 I/WindowManager( 1076): WIN DEATH: Window{45f8e128 cn.yo2.aquarium.example.bitmapvideooutput/cn.yo2.aquarium.example.bitmapvideooutput.Main paused=false}
01-14 13:37:03.951 I/WindowManager( 1076): WIN DEATH: Window{45fea2d0 SurfaceView paused=false}
01-14 13:37:03.993 I/UsageStats( 1076): Unexpected resume of com.gau.go.launcherex while already resumed in cn.yo2.aquarium.example.bitmapvideooutput
01-14 13:37:04.007 I/BootReceiver( 1076): Copying /data/tombstones/tombstone_06 to DropBox (SYSTEM_TOMBSTONE)
01-14 13:37:04.045 W/InputManagerService( 1076): Got RemoteException sending setActive(false) notification to pid 2827 uid 10083
01-14 13:38:35.707 I/PackageManager( 1076): checkAvailableStorage(30000) return ture
01-14 13:38:35.889 I/ActivityManager( 1076): Force stopping package cn.yo2.aquarium.example.bitmapvideooutput uid=10083
01-14 13:38:36.369 I/PackageManager( 1076): Package cn.yo2.aquarium.example.bitmapvideooutput codePath changed from /data/app/cn.yo2.aquarium.example.bitmapvideooutput-2.apk to /data/app/cn.yo2.aquarium.example.bitmapvideooutput-1.apk; Retaining data and using new
01-14 13:38:38.395 I/ActivityManager( 1076): Force stopping package cn.yo2.aquarium.example.bitmapvideooutput uid=10083
01-14 13:38:38.397 W/PackageManager( 1076): Code path for pkg : cn.yo2.aquarium.example.bitmapvideooutput changing from /data/app/cn.yo2.aquarium.example.bitmapvideooutput-2.apk to /data/app/cn.yo2.aquarium.example.bitmapvideooutput-1.apk
01-14 13:38:38.399 W/PackageManager( 1076): Resource path for pkg : cn.yo2.aquarium.example.bitmapvideooutput changing from /data/app/cn.yo2.aquarium.example.bitmapvideooutput-2.apk to /data/app/cn.yo2.aquarium.example.bitmapvideooutput-1.apk
01-14 13:38:39.913 I/ActivityManager( 1076): Force stopping package cn.yo2.aquarium.example.bitmapvideooutput uid=10083
01-14 13:38:40.461 W/RecognitionManagerService( 1076): no available voice recognition services found
01-14 13:38:42.265 I/ActivityManager( 1076): Starting activity: Intent { act=android.intent.action.MAIN cat=[android.intent.category.LAUNCHER] flg=0x10000000 cmp=cn.yo2.aquarium.example.bitmapvideooutput/.Main }
01-14 13:38:42.337 I/ActivityManager( 1076): Start proc cn.yo2.aquarium.example.bitmapvideooutput for activity cn.yo2.aquarium.example.bitmapvideooutput/.Main: pid=2863 uid=10083 gids={}
01-14 13:38:56.623 I/WindowManager( 1076): WIN DEATH: Window{46005ca8 cn.yo2.aquarium.example.bitmapvideooutput/cn.yo2.aquarium.example.bitmapvideooutput.Main paused=false}
01-14 13:38:56.625 I/ActivityManager( 1076): Process cn.yo2.aquarium.example.bitmapvideooutput (pid 2863) has died.
01-14 13:38:56.645 I/WindowManager( 1076): WIN DEATH: Window{4602afc8 SurfaceView paused=false}
01-14 13:38:56.693 I/UsageStats( 1076): Unexpected resume of com.gau.go.launcherex while already resumed in cn.yo2.aquarium.example.bitmapvideooutput
01-14 13:38:56.697 I/BootReceiver( 1076): Copying /data/tombstones/tombstone_06 to DropBox (SYSTEM_TOMBSTONE)
01-14 13:38:56.935 W/InputManagerService( 1076): Got RemoteException sending setActive(false) notification to pid 2863 uid 10083
01-14 14:29:06.669 D/ConnectivityServiceExt( 1076): getMobileDataEnabled returning false
